Archive member included to satisfy reference by file (symbol)

C:/ST/STM32CubeIDE_1.14.0/STM32CubeIDE/plugins/com.st.stm32cube.ide.mcu.externaltools.gnu-tools-for-stm32.13.3.rel1.win32_1.0.0.202411081344/tools/bin/../lib/gcc/arm-none-eabi/13.3.1/../../../../arm-none-eabi/lib/thumb/v7e-m+fp/hard\libc_nano.a(libc_a-exit.o)
                              C:/ST/STM32CubeIDE_1.14.0/STM32CubeIDE/plugins/com.st.stm32cube.ide.mcu.externaltools.gnu-tools-for-stm32.13.3.rel1.win32_1.0.0.202411081344/tools/bin/../lib/gcc/arm-none-eabi/13.3.1/../../../../arm-none-eabi/lib/thumb/v7e-m+fp/hard/crt0.o (exit)
C:/ST/STM32CubeIDE_1.14.0/STM32CubeIDE/plugins/com.st.stm32cube.ide.mcu.externaltools.gnu-tools-for-stm32.13.3.rel1.win32_1.0.0.202411081344/tools/bin/../lib/gcc/arm-none-eabi/13.3.1/../../../../arm-none-eabi/lib/thumb/v7e-m+fp/hard\libc_nano.a(libc_a-malloc.o)
                              ./Core/ThreadSafe/newlib_lock_glue.o (malloc)
C:/ST/STM32CubeIDE_1.14.0/STM32CubeIDE/plugins/com.st.stm32cube.ide.mcu.externaltools.gnu-tools-for-stm32.13.3.rel1.win32_1.0.0.202411081344/tools/bin/../lib/gcc/arm-none-eabi/13.3.1/../../../../arm-none-eabi/lib/thumb/v7e-m+fp/hard\libc_nano.a(libc_a-mallocr.o)
                              C:/ST/STM32CubeIDE_1.14.0/STM32CubeIDE/plugins/com.st.stm32cube.ide.mcu.externaltools.gnu-tools-for-stm32.13.3.rel1.win32_1.0.0.202411081344/tools/bin/../lib/gcc/arm-none-eabi/13.3.1/../../../../arm-none-eabi/lib/thumb/v7e-m+fp/hard\libc_nano.a(libc_a-malloc.o) (_malloc_r)
C:/ST/STM32CubeIDE_1.14.0/STM32CubeIDE/plugins/com.st.stm32cube.ide.mcu.externaltools.gnu-tools-for-stm32.13.3.rel1.win32_1.0.0.202411081344/tools/bin/../lib/gcc/arm-none-eabi/13.3.1/../../../../arm-none-eabi/lib/thumb/v7e-m+fp/hard\libc_nano.a(libc_a-mlock.o)
                              C:/ST/STM32CubeIDE_1.14.0/STM32CubeIDE/plugins/com.st.stm32cube.ide.mcu.externaltools.gnu-tools-for-stm32.13.3.rel1.win32_1.0.0.202411081344/tools/bin/../lib/gcc/arm-none-eabi/13.3.1/../../../../arm-none-eabi/lib/thumb/v7e-m+fp/hard\libc_nano.a(libc_a-mallocr.o) (__malloc_lock)
C:/ST/STM32CubeIDE_1.14.0/STM32CubeIDE/plugins/com.st.stm32cube.ide.mcu.externaltools.gnu-tools-for-stm32.13.3.rel1.win32_1.0.0.202411081344/tools/bin/../lib/gcc/arm-none-eabi/13.3.1/../../../../arm-none-eabi/lib/thumb/v7e-m+fp/hard\libc_nano.a(libc_a-findfp.o)
                              ./Middlewares/Third_Party/FreeRTOS/Source/tasks.o (__sf)
C:/ST/STM32CubeIDE_1.14.0/STM32CubeIDE/plugins/com.st.stm32cube.ide.mcu.externaltools.gnu-tools-for-stm32.13.3.rel1.win32_1.0.0.202411081344/tools/bin/../lib/gcc/arm-none-eabi/13.3.1/../../../../arm-none-eabi/lib/thumb/v7e-m+fp/hard\libc_nano.a(libc_a-fwalk.o)
                              C:/ST/STM32CubeIDE_1.14.0/STM32CubeIDE/plugins/com.st.stm32cube.ide.mcu.externaltools.gnu-tools-for-stm32.13.3.rel1.win32_1.0.0.202411081344/tools/bin/../lib/gcc/arm-none-eabi/13.3.1/../../../../arm-none-eabi/lib/thumb/v7e-m+fp/hard\libc_nano.a(libc_a-findfp.o) (_fwalk_sglue)
C:/ST/STM32CubeIDE_1.14.0/STM32CubeIDE/plugins/com.st.stm32cube.ide.mcu.externaltools.gnu-tools-for-stm32.13.3.rel1.win32_1.0.0.202411081344/tools/bin/../lib/gcc/arm-none-eabi/13.3.1/../../../../arm-none-eabi/lib/thumb/v7e-m+fp/hard\libc_nano.a(libc_a-stdio.o)
                              C:/ST/STM32CubeIDE_1.14.0/STM32CubeIDE/plugins/com.st.stm32cube.ide.mcu.externaltools.gnu-tools-for-stm32.13.3.rel1.win32_1.0.0.202411081344/tools/bin/../lib/gcc/arm-none-eabi/13.3.1/../../../../arm-none-eabi/lib/thumb/v7e-m+fp/hard\libc_nano.a(libc_a-findfp.o) (__sread)
C:/ST/STM32CubeIDE_1.14.0/STM32CubeIDE/plugins/com.st.stm32cube.ide.mcu.externaltools.gnu-tools-for-stm32.13.3.rel1.win32_1.0.0.202411081344/tools/bin/../lib/gcc/arm-none-eabi/13.3.1/../../../../arm-none-eabi/lib/thumb/v7e-m+fp/hard\libc_nano.a(libc_a-memset.o)
                              C:/ST/STM32CubeIDE_1.14.0/STM32CubeIDE/plugins/com.st.stm32cube.ide.mcu.externaltools.gnu-tools-for-stm32.13.3.rel1.win32_1.0.0.202411081344/tools/bin/../lib/gcc/arm-none-eabi/13.3.1/../../../../arm-none-eabi/lib/thumb/v7e-m+fp/hard/crt0.o (memset)
C:/ST/STM32CubeIDE_1.14.0/STM32CubeIDE/plugins/com.st.stm32cube.ide.mcu.externaltools.gnu-tools-for-stm32.13.3.rel1.win32_1.0.0.202411081344/tools/bin/../lib/gcc/arm-none-eabi/13.3.1/../../../../arm-none-eabi/lib/thumb/v7e-m+fp/hard\libc_nano.a(libc_a-closer.o)
                              C:/ST/STM32CubeIDE_1.14.0/STM32CubeIDE/plugins/com.st.stm32cube.ide.mcu.externaltools.gnu-tools-for-stm32.13.3.rel1.win32_1.0.0.202411081344/tools/bin/../lib/gcc/arm-none-eabi/13.3.1/../../../../arm-none-eabi/lib/thumb/v7e-m+fp/hard\libc_nano.a(libc_a-stdio.o) (_close_r)
C:/ST/STM32CubeIDE_1.14.0/STM32CubeIDE/plugins/com.st.stm32cube.ide.mcu.externaltools.gnu-tools-for-stm32.13.3.rel1.win32_1.0.0.202411081344/tools/bin/../lib/gcc/arm-none-eabi/13.3.1/../../../../arm-none-eabi/lib/thumb/v7e-m+fp/hard\libc_nano.a(libc_a-reent.o)
[...]
Memory Configuration

Name             Origin             Length             Attributes
CCMRAM           0x10000000         0x00010000         xrw
RAM              0x20000000         0x00030000         xrw
FLASH            0x08000000         0x00100000         xr
*default*        0x00000000         0xffffffff

Linker script and memory map

LOAD C:/ST/STM32CubeIDE_1.14.0/STM32CubeIDE/plugins/com.st.stm32cube.ide.mcu.externaltools.gnu-tools-for-stm32.13.3.rel1.win32_1.0.0.202411081344/tools/bin/../lib/gcc/arm-none-eabi/13.3.1/thumb/v7e-m+fp/hard/crti.o
LOAD C:/ST/STM32CubeIDE_1.14.0/STM32CubeIDE/plugins/com.st.stm32cube.ide.mcu.externaltools.gnu-tools-for-stm32.13.3.rel1.win32_1.0.0.202411081344/tools/bin/../lib/gcc/arm-none-eabi/13.3.1/thumb/v7e-m+fp/hard/crtbegin.o
LOAD C:/ST/STM32CubeIDE_1.14.0/STM32CubeIDE/plugins/com.st.stm32cube.ide.mcu.externaltools.gnu-tools-for-stm32.13.3.rel1.win32_1.0.0.202411081344/tools/bin/../lib/gcc/arm-none-eabi/13.3.1/../../../../arm-none-eabi/lib/thumb/v7e-m+fp/hard/crt0.o
LOAD ./Core/Src/ads124s08.o
LOAD ./Core/Src/bus_node.o
LOAD ./Core/Src/bus_node_legacy.o
LOAD ./Core/Src/freertos.o
LOAD ./Core/Src/huart_task.o
LOAD ./Core/Src/main.o
LOAD ./Core/Src/stm32f4xx_hal_msp.o
LOAD ./Core/Src/stm32f4xx_hal_timebase_tim.o
LOAD ./Core/Src/stm32f4xx_it.o
LOAD ./Core/Src/syscalls.o
LOAD ./Core/Src/sysmem.o
LOAD ./Core/Src/system_stm32f4xx.o
LOAD ./Core/Startup/startup_stm32f427zgtx.o
LOAD ./Core/ThreadSafe/newlib_lock_glue.o
LOAD ./Drivers/STM32F4xx_HAL_Driver/Src/stm32f4xx_hal.o
LOAD ./Drivers/STM32F4xx_HAL_Driver/Src/stm32f4xx_hal_adc.o
LOAD ./Drivers/STM32F4xx_HAL_Driver/Src/stm32f4xx_hal_adc_ex.o
LOAD ./Drivers/STM32F4xx_HAL_Driver/Src/stm32f4xx_hal_cortex.o
LOAD ./Drivers/STM32F4xx_HAL_Driver/Src/stm32f4xx_hal_dma.o
LOAD ./Drivers/STM32F4xx_HAL_Driver/Src/stm32f4xx_hal_dma_ex.o
LOAD ./Drivers/STM32F4xx_HAL_Driver/Src/stm32f4xx_hal_exti.o
LOAD ./Drivers/STM32F4xx_HAL_Driver/Src/stm32f4xx_hal_flash.o
LOAD ./Drivers/STM32F4xx_HAL_Driver/Src/stm32f4xx_hal_flash_ex.o
LOAD ./Drivers/STM32F4xx_HAL_Driver/Src/stm32f4xx_hal_flash_ramfunc.o
LOAD ./Drivers/STM32F4xx_HAL_Driver/Src/stm32f4xx_hal_gpio.o
LOAD ./Drivers/STM32F4xx_HAL_Driver/Src/stm32f4xx_hal_pwr.o
LOAD ./Drivers/STM32F4xx_HAL_Driver/Src/stm32f4xx_hal_pwr_ex.o
LOAD ./Drivers/STM32F4xx_HAL_Driver/Src/stm32f4xx_hal_rcc.o
LOAD ./Drivers/STM32F4xx_HAL_Driver/Src/stm32f4xx_hal_rcc_ex.o
LOAD ./Drivers/STM32F4xx_HAL_Driver/Src/stm32f4xx_hal_spi.o
LOAD ./Drivers/STM32F4xx_HAL_Driver/Src/stm32f4xx_hal_tim.o
LOAD ./Drivers/STM32F4xx_HAL_Driver/Src/stm32f4xx_hal_tim_ex.o
LOAD ./Drivers/STM32F4xx_HAL_Driver/Src/stm32f4xx_hal_uart.o
LOAD ./Drivers/STM32F4xx_HAL_Driver/Src/stm32f4xx_ll_adc.o
LOAD ./Middlewares/Third_Party/FreeRTOS/Source/CMSIS_RTOS_V2/cmsis_os2.o
LOAD ./Middlewares/Third_Party/FreeRTOS/Source/croutine.o
LOAD ./Middlewares/Third_Party/FreeRTOS/Source/event_groups.o
LOAD ./Middlewares/Third_Party/FreeRTOS/Source/list.o
LOAD ./Middlewares/Third_Party/FreeRTOS/Source/queue.o
LOAD ./Middlewares/Third_Party/FreeRTOS/Source/stream_buffer.o
LOAD ./Middlewares/Third_Party/FreeRTOS/Source/tasks.o
LOAD ./Middlewares/Third_Party/FreeRTOS/Source/timers.o
LOAD ./Middlewares/Third_Party/FreeRTOS/Source/portable/GCC/ARM_CM4F/port.o
LOAD ./Middlewares/Third_Party/FreeRTOS/Source/portable/MemMang/heap_4.o
START GROUP
LOAD C:/ST/STM32CubeIDE_1.14.0/STM32CubeIDE/plugins/com.st.stm32cube.ide.mcu.externaltools.gnu-tools-for-stm32.13.3.rel1.win32_1.0.0.202411081344/tools/bin/../lib/gcc/arm-none-eabi/13.3.1/../../../../arm-none-eabi/lib/thumb/v7e-m+fp/hard\libc_nano.a
LOAD C:/ST/STM32CubeIDE_1.14.0/STM32CubeIDE/plugins/com.st.stm32cube.ide.mcu.externaltools.gnu-tools-for-stm32.13.3.rel1.win32_1.0.0.202411081344/tools/bin/../lib/gcc/arm-none-eabi/13.3.1/../../../../arm-none-eabi/lib/thumb/v7e-m+fp/hard\libm.a
END GROUP
START GROUP
LOAD C:/ST/STM32CubeIDE_1.14.0/STM32CubeIDE/plugins/com.st.stm32cube.ide.mcu.externaltools.gnu-tools-for-stm32.13.3.rel1.win32_1.0.0.202411081344/tools/bin/../lib/gcc/arm-none-eabi/13.3.1/thumb/v7e-m+fp/hard\libgcc.a
LOAD C:/ST/STM32CubeIDE_1.14.0/STM32CubeIDE/plugins/com.st.stm32cube.ide.mcu.externaltools.gnu-tools-for-stm32.13.3.rel1.win32_1.0.0.202411081344/tools/bin/../lib/gcc/arm-none-eabi/13.3.1/../../../../arm-none-eabi/lib/thumb/v7e-m+fp/hard\libc_nano.a
END GROUP
START GROUP
LOAD C:/ST/STM32CubeIDE_1.14.0/STM32CubeIDE/plugins/com.st.stm32cube.ide.mcu.externaltools.gnu-tools-for-stm32.13.3.rel1.win32_1.0.0.202411081344/tools/bin/../lib/gcc/arm-none-eabi/13.3.1/thumb/v7e-m+fp/hard\libgcc.a
LOAD C:/ST/STM32CubeIDE_1.14.0/STM32CubeIDE/plugins/com.st.stm32cube.ide.mcu.externaltools.gnu-tools-for-stm32.13.3.rel1.win32_1.0.0.202411081344/tools/bin/../lib/gcc/arm-none-eabi/13.3.1/../../../../arm-none-eabi/lib/thumb/v7e-m+fp/hard\libc_nano.a
LOAD C:/ST/STM32CubeIDE_1.14.0/STM32CubeIDE/plugins/com.st.stm32cube.ide.mcu.externaltools.gnu-tools-for-stm32.13.3.rel1.win32_1.0.0.202411081344/tools/bin/../lib/gcc/arm-none-eabi/13.3.1/../../../../arm-none-eabi/lib/thumb/v7e-m+fp/hard\libnosys.a
END GROUP
START GROUP
LOAD C:/ST/STM32CubeIDE_1.14.0/STM32CubeIDE/plugins/com.st.stm32cube.ide.mcu.externaltools.gnu-tools-for-stm32.13.3.rel1.win32_1.0.0.202411081344/tools/bin/../lib/gcc/arm-none-eabi/13.3.1/thumb/v7e-m+fp/hard\libgcc.a
LOAD C:/ST/STM32CubeIDE_1.14.0/STM32CubeIDE/plugins/com.st.stm32cube.ide.mcu.externaltools.gnu-tools-for-stm32.13.3.rel1.win32_1.0.0.202411081344/tools/bin/../lib/gcc/arm-none-eabi/13.3.1/../../../../arm-none-eabi/lib/thumb/v7e-m+fp/hard\libc_nano.a
LOAD C:/ST/STM32CubeIDE_1.14.0/STM32CubeIDE/plugins/com.st.stm32cube.ide.mcu.externaltools.gnu-tools-for-stm32.13.3.rel1.win32_1.0.0.202411081344/tools/bin/../lib/gcc/arm-none-eabi/13.3.1/../../../../arm-none-eabi/lib/thumb/v7e-m+fp/hard\libnosys.a
END GROUP
LOAD C:/ST/STM32CubeIDE_1.14.0/STM32CubeIDE/plugins/com.st.stm32cube.ide.mcu.externaltools.gnu-tools-for-stm32.13.3.rel1.win32_1.0.0.202411081344/tools/bin/../lib/gcc/arm-none-eabi/13.3.1/thumb/v7e-m+fp/hard/crtend.o
LOAD C:/ST/STM32CubeIDE_1.14.0/STM32CubeIDE/plugins/com.st.stm32cube.ide.mcu.externaltools.gnu-tools-for-stm32.13.3.rel1.win32_1.0.0.202411081344/tools/bin/../lib/gcc/arm-none-eabi/13.3.1/thumb/v7e-m+fp/hard/crtn.o
                0x20030000                        _estack = (ORIGIN (RAM) + LENGTH (RAM))
                0x00000200                        _Min_Heap_Size = 0x200
                0x00000400                        _Min_Stack_Size = 0x400

.isr_vector     0x08000000      0x1ac
                0x08000000                        . = ALIGN (0x4)
 *(.isr_vector)
 .isr_vector    0x08000000      0x1ac ./Core/Startup/startup_stm32f427zgtx.o
                0x08000000                g_pfnVectors
                0x080001ac                        . = ALIGN (0x4)

.text           0x080001b0     0xac1c
                0x080001b0                        . = ALIGN (0x4)
 *(.text)
 .text          0x080001b0       0x40 C:/ST/STM32CubeIDE_1.14.0/STM32CubeIDE/plugins/com.st.stm32cube.ide.mcu.externaltools.gnu-tools-for-stm32.13.3.rel1.win32_1.0.0.202411081344/tools/bin/../lib/gcc/arm-none-eabi/13.3.1/thumb/v7e-m+fp/hard/crtbegin.o
 .text          0x080001f0       0x10 C:/ST/STM32CubeIDE_1.14.0/STM32CubeIDE/plugins/com.st.stm32cube.ide.mcu.externaltools.gnu-tools-for-stm32.13.3.rel1.win32_1.0.0.202411081344/tools/bin/../lib/gcc/arm-none-eabi/13.3.1/../../../../arm-none-eabi/lib/thumb/v7e-m+fp/hard\libc_nano.a(libc_a-strlen.o)
                0x080001f0                strlen
 .text          0x08000200       0x30 C:/ST/STM32CubeIDE_1.14.0/STM32CubeIDE/plugins/com.st.stm32cube.ide.mcu.externaltools.gnu-tools-for-stm32.13.3.rel1.win32_1.0.0.202411081344/tools/bin/../lib/gcc/arm-none-eabi/13.3.1/thumb/v7e-m+fp/hard\libgcc.a(_aeabi_uldivmod.o)
                0x08000200                __aeabi_uldivmod
 .text          0x08000230      0x2f8 C:/ST/STM32CubeIDE_1.14.0/STM32CubeIDE/plugins/com.st.stm32cube.ide.mcu.externaltools.gnu-tools-for-stm32.13.3.rel1.win32_1.0.0.202411081344/tools/bin/../lib/gcc/arm-none-eabi/13.3.1/thumb/v7e-m+fp/hard\libgcc.a(_udivmoddi4.o)
                0x08000230                __udivmoddi4
 .text          0x08000528        0x4 C:/ST/STM32CubeIDE_1.14.0/STM32CubeIDE/plugins/com.st.stm32cube.ide.mcu.externaltools.gnu-tools-for-stm32.13.3.rel1.win32_1.0.0.202411081344/tools/bin/../lib/gcc/arm-none-eabi/13.3.1/thumb/v7e-m+fp/hard\libgcc.a(_dvmd_tls.o)
                0x08000528                __aeabi_idiv0
                0x08000528                __aeabi_ldiv0
 *(.text*)
 .text.ADS124S08_Init
                0x0800052c       0x62 ./Core/Src/ads124s08.o
                0x0800052c                ADS124S08_Init
 .text.ADS124S08_Reset
                0x0800058e       0x58 ./Core/Src/ads124s08.o
                0x0800058e                ADS124S08_Reset
 .text.ADS124S08_StartConversion
                0x080005e6       0x52 ./Core/Src/ads124s08.o
                0x080005e6                ADS124S08_StartConversion
 .text.ADS124S08_WriteRegister
                0x08000638       0x70 ./Core/Src/ads124s08.o
                0x08000638                ADS124S08_WriteRegister
 .text.ADS124S08_SetInputChannel
                0x080006a8       0x88 ./Core/Src/ads124s08.o
                0x080006a8                ADS124S08_SetInputChannel
 .text.ADS124S08_ReadData
                0x08000730       0x80 ./Core/Src/ads124s08.o
                0x08000730                ADS124S08_ReadData
 .text.getWaitTime
                0x080007b0       0x1e ./Core/Src/bus_node.o
 *fill*         0x080007ce        0x2 
 .text.handleADCDataRequest
                0x080007d0       0xa8 ./Core/Src/bus_node.o
 .text.handleExternalADCDataRequest
                0x08000878       0x88 ./Core/Src/bus_node.o
 .text.handleSayHiRequest
                0x08000900       0x9c ./Core/Src/bus_node.o
 .text.handleUARTDataRequest
                0x0800099c      0x1ac ./Core/Src/bus_node.o
 .text.detect_downstream
                0x08000b48      0x20c ./Core/Src/bus_node.o
 .text.BusNode_Init
                0x08000d54       0x4c ./Core/Src/bus_node.o
                0x08000d54                BusNode_Init
 .text.forward_packet
                0x08000da0      0x19c ./Core/Src/bus_node.o
 .text.BusNode_RunLoop
                0x08000f3c      0x348 ./Core/Src/bus_node.o
                0x08000f3c                BusNode_RunLoop
 .text.mbus_buffer_push
                0x08001284       0x9c ./Core/Src/huart_task.o
 .text.mbus_find_packet
                0x08001320      0x106 ./Core/Src/huart_task.o
 .text.mbus_buffer_pop
                0x08001426       0x56 ./Core/Src/huart_task.o
 .text.mbus_extract_packet
                0x0800147c      0x25c ./Core/Src/huart_task.o
 .text.HAL_UART_RxCpltCallback
                0x080016d8       0xc4 ./Core/Src/huart_task.o
                0x080016d8                HAL_UART_RxCpltCallback
 .text.huartTaskEntry
                0x0800179c      0x144 ./Core/Src/huart_task.o
                0x0800179c                huartTaskEntry
 .text.HAL_ADC_ConvCpltCallback
                0x080018e0       0x20 ./Core/Src/main.o
                0x080018e0                HAL_ADC_ConvCpltCallback
 .text.main     0x08001900      0x128 ./Core/Src/main.o
                0x08001900                main
 .text.SystemClock_Config
                0x08001a28       0xd8 ./Core/Src/main.o
                0x08001a28                SystemClock_Config
 .text.MX_ADC1_Init
                0x08001b00      0x1d8 ./Core/Src/main.o
 .text.MX_SPI1_Init
                0x08001cd8       0x64 ./Core/Src/main.o
 .text.MX_SPI2_Init
                0x08001d3c       0x6c ./Core/Src/main.o
 .text.MX_SPI3_Init
                0x08001da8       0x64 ./Core/Src/main.o
 .text.MX_SPI4_Init
                0x08001e0c       0x6c ./Core/Src/main.o
 .text.MX_SPI5_Init
                0x08001e78       0x6c ./Core/Src/main.o
 .text.MX_UART4_Init
                0x08001ee4       0x54 ./Core/Src/main.o
 .text.MX_UART5_Init
                0x08001f38       0x54 ./Core/Src/main.o
 .text.MX_UART7_Init
                0x08001f8c       0x54 ./Core/Src/main.o
 .text.MX_UART8_Init
                0x08001fe0       0x54 ./Core/Src/main.o
 .text.MX_USART1_UART_Init
                0x08002034       0x54 ./Core/Src/main.o
 .text.MX_USART2_UART_Init
                0x08002088       0x54 ./Core/Src/main.o
 .text.MX_USART3_UART_Init
                0x080020dc       0x54 ./Core/Src/main.o
 .text.MX_USART6_UART_Init
                0x08002130       0x54 ./Core/Src/main.o
 .text.MX_DMA_Init
                0x08002184       0xdc ./Core/Src/main.o
 .text.MX_GPIO_Init
                0x08002260      0x234 ./Core/Src/main.o
 .text.StartDefaultTask
                0x08002494       0x12 ./Core/Src/main.o
                0x08002494                StartDefaultTask
 *fill*         0x080024a6        0x2 
 .text.logTaskEntry
                0x080024a8       0x2c ./Core/Src/main.o
                0x080024a8                logTaskEntry
 .text.adcReadTaskEntry
                0x080024d4       0xb4 ./Core/Src/main.o
                0x080024d4                adcReadTaskEntry
 .text.adsTaskEntry
                0x08002588       0xac ./Core/Src/main.o
                0x08002588                adsTaskEntry
 .text.HAL_TIM_PeriodElapsedCallback
                0x08002634       0x24 ./Core/Src/main.o
                0x08002634                HAL_TIM_PeriodElapsedCallback
 .text.Error_Handler
                0x08002658        0xc ./Core/Src/main.o
                0x08002658                Error_Handler
 .text.HAL_MspInit
                0x08002664       0x58 ./Core/Src/stm32f4xx_hal_msp.o
                0x08002664                HAL_MspInit
 .text.HAL_ADC_MspInit
                0x080026bc      0x160 ./Core/Src/stm32f4xx_hal_msp.o
                0x080026bc                HAL_ADC_MspInit
 .text.HAL_SPI_MspInit
                0x0800281c      0x27c ./Core/Src/stm32f4xx_hal_msp.o
                0x0800281c                HAL_SPI_MspInit
 .text.HAL_UART_MspInit
                0x08002a98      0x6f0 ./Core/Src/stm32f4xx_hal_msp.o
                0x08002a98                HAL_UART_MspInit
 .text.HAL_InitTick
                0x08003188       0xf8 ./Core/Src/stm32f4xx_hal_timebase_tim.o
                0x08003188                HAL_InitTick
 .text.NMI_Handler
                0x08003280        0xc ./Core/Src/stm32f4xx_it.o
                0x08003280                NMI_Handler
 .text.HardFault_Handler
                0x0800328c        0x8 ./Core/Src/stm32f4xx_it.o
                0x0800328c                HardFault_Handler
 .text.MemManage_Handler
                0x08003294        0x8 ./Core/Src/stm32f4xx_it.o
                0x08003294                MemManage_Handler
 .text.BusFault_Handler
                0x0800329c        0x8 ./Core/Src/stm32f4xx_it.o
                0x0800329c                BusFault_Handler
 .text.UsageFault_Handler
                0x080032a4        0x8 ./Core/Src/stm32f4xx_it.o
                0x080032a4                UsageFault_Handler
 .text.DebugMon_Handler
                0x080032ac        0xe ./Core/Src/stm32f4xx_it.o
                0x080032ac                DebugMon_Handler
 *fill*         0x080032ba        0x2 
 .text.DMA1_Stream0_IRQHandler
                0x080032bc       0x14 ./Core/Src/stm32f4xx_it.o
                0x080032bc                DMA1_Stream0_IRQHandler
 .text.DMA1_Stream1_IRQHandler
                0x080032d0       0x14 ./Core/Src/stm32f4xx_it.o
                0x080032d0                DMA1_Stream1_IRQHandler
 .text.DMA1_Stream2_IRQHandler
                0x080032e4       0x14 ./Core/Src/stm32f4xx_it.o
                0x080032e4                DMA1_Stream2_IRQHandler
 .text.DMA1_Stream3_IRQHandler
                0x080032f8       0x14 ./Core/Src/stm32f4xx_it.o
                0x080032f8                DMA1_Stream3_IRQHandler
 .text.DMA1_Stream5_IRQHandler
                0x0800330c       0x14 ./Core/Src/stm32f4xx_it.o
                0x0800330c                DMA1_Stream5_IRQHandler
 .text.DMA1_Stream6_IRQHandler
                0x08003320       0x14 ./Core/Src/stm32f4xx_it.o
                0x08003320                DMA1_Stream6_IRQHandler
 .text.TIM6_DAC_IRQHandler
                0x08003334       0x14 ./Core/Src/stm32f4xx_it.o
                0x08003334                TIM6_DAC_IRQHandler
 .text.DMA2_Stream0_IRQHandler
                0x08003348       0x14 ./Core/Src/stm32f4xx_it.o
                0x08003348                DMA2_Stream0_IRQHandler
 .text.DMA2_Stream1_IRQHandler
                0x0800335c       0x14 ./Core/Src/stm32f4xx_it.o
                0x0800335c                DMA2_Stream1_IRQHandler
 .text.DMA2_Stream2_IRQHandler
                0x08003370       0x14 ./Core/Src/stm32f4xx_it.o
                0x08003370                DMA2_Stream2_IRQHandler
 .text.SystemInit
                0x08003384       0x24 ./Core/Src/system_stm32f4xx.o
                0x08003384                SystemInit
 .text.Reset_Handler
                0x080033a8       0x50 ./Core/Startup/startup_stm32f427zgtx.o
                0x080033a8                Reset_Handler
 .text.Default_Handler
                0x080033f8        0x2 ./Core/Startup/startup_stm32f427zgtx.o
                0x080033f8                RTC_Alarm_IRQHandler
                0x080033f8                HASH_RNG_IRQHandler
                0x080033f8                EXTI2_IRQHandler
                0x080033f8                TIM8_CC_IRQHandler
                0x080033f8                UART8_IRQHandler
                0x080033f8                SPI4_IRQHandler
                0x080033f8                TIM1_CC_IRQHandler
                0x080033f8                DMA2_Stream5_IRQHandler
                0x080033f8                PVD_IRQHandler
                0x080033f8                SDIO_IRQHandler
                0x080033f8                TAMP_STAMP_IRQHandler
                0x080033f8                CAN2_RX1_IRQHandler
                0x080033f8                EXTI3_IRQHandler
                0x080033f8                TIM8_TRG_COM_TIM14_IRQHandler
                0x080033f8                TIM1_UP_TIM10_IRQHandler
                0x080033f8                TIM8_UP_TIM13_IRQHandler
                0x080033f8                I2C3_ER_IRQHandler
                0x080033f8                EXTI0_IRQHandler
                0x080033f8                I2C2_EV_IRQHandler
                0x080033f8                CAN1_RX0_IRQHandler
                0x080033f8                FPU_IRQHandler
                0x080033f8                OTG_HS_WKUP_IRQHandler
                0x080033f8                CAN2_SCE_IRQHandler
                0x080033f8                SPI1_IRQHandler
                0x080033f8                TIM1_BRK_TIM9_IRQHandler
                0x080033f8                DCMI_IRQHandler
                0x080033f8                CAN2_RX0_IRQHandler
                0x080033f8                DMA2_Stream3_IRQHandler
                0x080033f8                USART6_IRQHandler
                0x080033f8                USART3_IRQHandler
                0x080033f8                CAN1_RX1_IRQHandler
                0x080033f8                UART5_IRQHandler
                0x080033f8                TIM4_IRQHandler
                0x080033f8                I2C1_EV_IRQHandler
                0x080033f8                UART4_IRQHandler
                0x080033f8                TIM3_IRQHandler
                0x080033f8                RCC_IRQHandler
                0x080033f8                TIM8_BRK_TIM12_IRQHandler
                0x080033f8                Default_Handler
                0x080033f8                EXTI15_10_IRQHandler
                0x080033f8                ADC_IRQHandler
                0x080033f8                DMA1_Stream7_IRQHandler
                0x080033f8                SPI5_IRQHandler
                0x080033f8                TIM7_IRQHandler
                0x080033f8                CAN2_TX_IRQHandler
                0x080033f8                TIM5_IRQHandler
                0x080033f8                DMA2_Stream7_IRQHandler
                0x080033f8                I2C3_EV_IRQHandler
                0x080033f8                EXTI9_5_IRQHandler
                0x080033f8                RTC_WKUP_IRQHandler
                0x080033f8                ETH_WKUP_IRQHandler
                0x080033f8                SPI2_IRQHandler
                0x080033f8                OTG_HS_EP1_IN_IRQHandler
                0x080033f8                CAN1_TX_IRQHandler
                0x080033f8                EXTI4_IRQHandler
                0x080033f8                ETH_IRQHandler
                0x080033f8                OTG_HS_EP1_OUT_IRQHandler
                0x080033f8                WWDG_IRQHandler
                0x080033f8                SPI6_IRQHandler
                0x080033f8                TIM2_IRQHandler
                0x080033f8                OTG_FS_WKUP_IRQHandler
                0x080033f8                TIM1_TRG_COM_TIM11_IRQHandler
                0x080033f8                OTG_HS_IRQHandler
                0x080033f8                DMA2D_IRQHandler
                0x080033f8                EXTI1_IRQHandler
                0x080033f8                UART7_IRQHandler
                0x080033f8                USART2_IRQHandler
                0x080033f8                I2C2_ER_IRQHandler
                0x080033f8                CAN1_SCE_IRQHandler
                0x080033f8                FLASH_IRQHandler
                0x080033f8                DMA2_Stream4_IRQHandler
                0x080033f8                USART1_IRQHandler
                0x080033f8                OTG_FS_IRQHandler
                0x080033f8                SPI3_IRQHandler
                0x080033f8                DMA1_Stream4_IRQHandler
                0x080033f8                I2C1_ER_IRQHandler
                0x080033f8                FMC_IRQHandler
                0x080033f8                DMA2_Stream6_IRQHandler
                0x080033f8                SAI1_IRQHandler
 .text.stm32_lock_acquire
                0x080033fa       0x64 ./Core/ThreadSafe/newlib_lock_glue.o
 .text.stm32_lock_release
                0x0800345e       0x58 ./Core/ThreadSafe/newlib_lock_glue.o
 .text.__retarget_lock_acquire_recursive
                0x080034b6       0x2a ./Core/ThreadSafe/newlib_lock_glue.o
                0x080034b6                __retarget_lock_acquire_recursive
 .text.__retarget_lock_release_recursive
                0x080034e0       0x2a ./Core/ThreadSafe/newlib_lock_glue.o
                0x080034e0                __retarget_lock_release_recursive
 *fill*         0x0800350a        0x2 
 .text.HAL_Init
                0x0800350c       0x44 ./Drivers/STM32F4xx_HAL_Driver/Src/stm32f4xx_hal.o
                0x0800350c                HAL_Init
 .text.HAL_IncTick
                0x08003550       0x28 ./Drivers/STM32F4xx_HAL_Driver/Src/stm32f4xx_hal.o
                0x08003550                HAL_IncTick
 .text.HAL_GetTick
                0x08003578       0x18 ./Drivers/STM32F4xx_HAL_Driver/Src/stm32f4xx_hal.o
                0x08003578                HAL_GetTick
 .text.HAL_Delay
                0x08003590       0x48 ./Drivers/STM32F4xx_HAL_Driver/Src/stm32f4xx_hal.o
                0x08003590                HAL_Delay
 .text.HAL_ADC_Init
                0x080035d8       0x86 ./Drivers/STM32F4xx_HAL_Driver/Src/stm32f4xx_hal_adc.o
                0x080035d8                HAL_ADC_Init
 *fill*         0x0800365e        0x2 
 .text.HAL_ADC_Start_DMA
                0x08003660      0x228 ./Drivers/STM32F4xx_HAL_Driver/Src/stm32f4xx_hal_adc.o
                0x08003660                HAL_ADC_Start_DMA
 .text.HAL_ADC_Stop_DMA
                0x08003888       0xb4 ./Drivers/STM32F4xx_HAL_Driver/Src/stm32f4xx_hal_adc.o
                0x08003888                HAL_ADC_Stop_DMA
 .text.HAL_ADC_ConvHalfCpltCallback
                0x0800393c       0x14 ./Drivers/STM32F4xx_HAL_Driver/Src/stm32f4xx_hal_adc.o
                0x0800393c                HAL_ADC_ConvHalfCpltCallback
 .text.HAL_ADC_ErrorCallback
                0x08003950       0x14 ./Drivers/STM32F4xx_HAL_Driver/Src/stm32f4xx_hal_adc.o
                0x08003950                HAL_ADC_ErrorCallback
 .text.HAL_ADC_ConfigChannel
                0x08003964      0x264 ./Drivers/STM32F4xx_HAL_Driver/Src/stm32f4xx_hal_adc.o
                0x08003964                HAL_ADC_ConfigChannel
 .text.ADC_Init
                0x08003bc8      0x1f8 ./Drivers/STM32F4xx_HAL_Driver/Src/stm32f4xx_hal_adc.o
 .text.ADC_DMAConvCplt
                0x08003dc0       0xba ./Drivers/STM32F4xx_HAL_Driver/Src/stm32f4xx_hal_adc.o
 .text.ADC_DMAHalfConvCplt
                0x08003e7a       0x1c ./Drivers/STM32F4xx_HAL_Driver/Src/stm32f4xx_hal_adc.o
 .text.ADC_DMAError
                0x08003e96       0x2e ./Drivers/STM32F4xx_HAL_Driver/Src/stm32f4xx_hal_adc.o
 .text.__NVIC_SetPriorityGrouping
                0x08003ec4       0x48 ./Drivers/STM32F4xx_HAL_Driver/Src/stm32f4xx_hal_cortex.o
 .text.__NVIC_GetPriorityGrouping
                0x08003f0c       0x1c ./Drivers/STM32F4xx_HAL_Driver/Src/stm32f4xx_hal_cortex.o
 .text.__NVIC_EnableIRQ
                0x08003f28       0x3c ./Drivers/STM32F4xx_HAL_Driver/Src/stm32f4xx_hal_cortex.o
 .text.__NVIC_SetPriority
                0x08003f64       0x54 ./Drivers/STM32F4xx_HAL_Driver/Src/stm32f4xx_hal_cortex.o
 .text.NVIC_EncodePriority
                0x08003fb8       0x66 ./Drivers/STM32F4xx_HAL_Driver/Src/stm32f4xx_hal_cortex.o
 .text.HAL_NVIC_SetPriorityGrouping
                0x0800401e       0x16 ./Drivers/STM32F4xx_HAL_Driver/Src/stm32f4xx_hal_cortex.o
                0x0800401e                HAL_NVIC_SetPriorityGrouping
 .text.HAL_NVIC_SetPriority
                0x08004034       0x38 ./Drivers/STM32F4xx_HAL_Driver/Src/stm32f4xx_hal_cortex.o
                0x08004034                HAL_NVIC_SetPriority
 .text.HAL_NVIC_EnableIRQ
                0x0800406c       0x1c ./Drivers/STM32F4xx_HAL_Driver/Src/stm32f4xx_hal_cortex.o
                0x0800406c                HAL_NVIC_EnableIRQ
 .text.HAL_DMA_Init
                0x08004088      0x15c ./Drivers/STM32F4xx_HAL_Driver/Src/stm32f4xx_hal_dma.o
                0x08004088                HAL_DMA_Init
 .text.HAL_DMA_Start_IT
                0x080041e4       0xb0 ./Drivers/STM32F4xx_HAL_Driver/Src/stm32f4xx_hal_dma.o
                0x080041e4                HAL_DMA_Start_IT
 .text.HAL_DMA_Abort
                0x08004294       0xe0 ./Drivers/STM32F4xx_HAL_Driver/Src/stm32f4xx_hal_dma.o
                0x08004294                HAL_DMA_Abort
 .text.HAL_DMA_IRQHandler
                0x08004374      0x314 ./Drivers/STM32F4xx_HAL_Driver/Src/stm32f4xx_hal_dma.o
                0x08004374                HAL_DMA_IRQHandler
 .text.DMA_SetConfig
                0x08004688       0x5c ./Drivers/STM32F4xx_HAL_Driver/Src/stm32f4xx_hal_dma.o
 .text.DMA_CalcBaseAndBitshift
                0x080046e4       0x6c ./Drivers/STM32F4xx_HAL_Driver/Src/stm32f4xx_hal_dma.o
 .text.DMA_CheckFifoParam
                0x08004750       0xf8 ./Drivers/STM32F4xx_HAL_Driver/Src/stm32f4xx_hal_dma.o
 .text.HAL_GPIO_Init
                0x08004848      0x358 ./Drivers/STM32F4xx_HAL_Driver/Src/stm32f4xx_hal_gpio.o
                0x08004848                HAL_GPIO_Init
 .text.HAL_GPIO_WritePin
                0x08004ba0       0x32 ./Drivers/STM32F4xx_HAL_Driver/Src/stm32f4xx_hal_gpio.o
                0x08004ba0                HAL_GPIO_WritePin
 *fill*         0x08004bd2        0x2 
 .text.HAL_RCC_OscConfig
                0x08004bd4      0x4f0 ./Drivers/STM32F4xx_HAL_Driver/Src/stm32f4xx_hal_rcc.o
                0x08004bd4                HAL_RCC_OscConfig
 .text.HAL_RCC_ClockConfig
                0x080050c4      0x1cc ./Drivers/STM32F4xx_HAL_Driver/Src/stm32f4xx_hal_rcc.o
                0x080050c4                HAL_RCC_ClockConfig
 .text.HAL_RCC_EnableCSS
                0x08005290       0x18 ./Drivers/STM32F4xx_HAL_Driver/Src/stm32f4xx_hal_rcc.o
                0x08005290                HAL_RCC_EnableCSS
 .text.HAL_RCC_GetSysClockFreq
                0x080052a8      0x18c ./Drivers/STM32F4xx_HAL_Driver/Src/stm32f4xx_hal_rcc.o
                0x080052a8                HAL_RCC_GetSysClockFreq
 .text.HAL_RCC_GetHCLKFreq
                0x08005434       0x18 ./Drivers/STM32F4xx_HAL_Driver/Src/stm32f4xx_hal_rcc.o
                0x08005434                HAL_RCC_GetHCLKFreq
 .text.HAL_RCC_GetPCLK1Freq
                0x0800544c       0x28 ./Drivers/STM32F4xx_HAL_Driver/Src/stm32f4xx_hal_rcc.o
                0x0800544c                HAL_RCC_GetPCLK1Freq
 .text.HAL_RCC_GetPCLK2Freq
                0x08005474       0x28 ./Drivers/STM32F4xx_HAL_Driver/Src/stm32f4xx_hal_rcc.o
                0x08005474                HAL_RCC_GetPCLK2Freq
 .text.HAL_RCC_GetClockConfig
                0x0800549c       0x64 ./Drivers/STM32F4xx_HAL_Driver/Src/stm32f4xx_hal_rcc.o
                0x0800549c                HAL_RCC_GetClockConfig
 .text.HAL_RCC_NMI_IRQHandler
                0x08005500       0x28 ./Drivers/STM32F4xx_HAL_Driver/Src/stm32f4xx_hal_rcc.o
                0x08005500                HAL_RCC_NMI_IRQHandler
 .text.HAL_RCC_CSSCallback
                0x08005528        0xe ./Drivers/STM32F4xx_HAL_Driver/Src/stm32f4xx_hal_rcc.o
                0x08005528                HAL_RCC_CSSCallback
 .text.HAL_SPI_Init
                0x08005536      0x112 ./Drivers/STM32F4xx_HAL_Driver/Src/stm32f4xx_hal_spi.o
                0x08005536                HAL_SPI_Init
 .text.HAL_SPI_Transmit
                0x08005648      0x288 ./Drivers/STM32F4xx_HAL_Driver/Src/stm32f4xx_hal_spi.o
                0x08005648                HAL_SPI_Transmit
 .text.HAL_SPI_Receive
                0x080058d0      0x232 ./Drivers/STM32F4xx_HAL_Driver/Src/stm32f4xx_hal_spi.o
                0x080058d0                HAL_SPI_Receive
 .text.HAL_SPI_TransmitReceive
                0x08005b02      0x352 ./Drivers/STM32F4xx_HAL_Driver/Src/stm32f4xx_hal_spi.o
                0x08005b02                HAL_SPI_TransmitReceive
 .text.SPI_WaitFlagStateUntilTimeout
                0x08005e54      0x110 ./Drivers/STM32F4xx_HAL_Driver/Src/stm32f4xx_hal_spi.o
 .text.SPI_EndRxTransaction
                0x08005f64       0xca ./Drivers/STM32F4xx_HAL_Driver/Src/stm32f4xx_hal_spi.o
 *fill*         0x0800602e        0x2 
 .text.SPI_EndRxTxTransaction
                0x08006030       0xa8 ./Drivers/STM32F4xx_HAL_Driver/Src/stm32f4xx_hal_spi.o
 .text.HAL_TIM_Base_Init
                0x080060d8       0x9e ./Drivers/STM32F4xx_HAL_Driver/Src/stm32f4xx_hal_tim.o
                0x080060d8                HAL_TIM_Base_Init
 .text.HAL_TIM_Base_MspInit
                0x08006176       0x14 ./Drivers/STM32F4xx_HAL_Driver/Src/stm32f4xx_hal_tim.o
                0x08006176                HAL_TIM_Base_MspInit
 *fill*         0x0800618a        0x2 
 .text.HAL_TIM_Base_Start_IT
                0x0800618c       0xe0 ./Drivers/STM32F4xx_HAL_Driver/Src/stm32f4xx_hal_tim.o
                0x0800618c                HAL_TIM_Base_Start_IT
 .text.HAL_TIM_IRQHandler
                0x0800626c      0x1e0 ./Drivers/STM32F4xx_HAL_Driver/Src/stm32f4xx_hal_tim.o
                0x0800626c                HAL_TIM_IRQHandler
 .text.HAL_TIM_OC_DelayElapsedCallback
                0x0800644c       0x14 ./Drivers/STM32F4xx_HAL_Driver/Src/stm32f4xx_hal_tim.o
                0x0800644c                HAL_TIM_OC_DelayElapsedCallback
 .text.HAL_TIM_IC_CaptureCallback
                0x08006460       0x14 ./Drivers/STM32F4xx_HAL_Driver/Src/stm32f4xx_hal_tim.o
                0x08006460                HAL_TIM_IC_CaptureCallback
 .text.HAL_TIM_PWM_PulseFinishedCallback
                0x08006474       0x14 ./Drivers/STM32F4xx_HAL_Driver/Src/stm32f4xx_hal_tim.o
                0x08006474                HAL_TIM_PWM_PulseFinishedCallback
 .text.HAL_TIM_TriggerCallback
                0x08006488       0x14 ./Drivers/STM32F4xx_HAL_Driver/Src/stm32f4xx_hal_tim.o
                0x08006488                HAL_TIM_TriggerCallback
 .text.TIM_Base_SetConfig
                0x0800649c      0x14c ./Drivers/STM32F4xx_HAL_Driver/Src/stm32f4xx_hal_tim.o
                0x0800649c                TIM_Base_SetConfig
 .text.HAL_TIMEx_CommutCallback
                0x080065e8       0x14 ./Drivers/STM32F4xx_HAL_Driver/Src/stm32f4xx_hal_tim_ex.o
                0x080065e8                HAL_TIMEx_CommutCallback
 .text.HAL_TIMEx_BreakCallback
                0x080065fc       0x14 ./Drivers/STM32F4xx_HAL_Driver/Src/stm32f4xx_hal_tim_ex.o
                0x080065fc                HAL_TIMEx_BreakCallback
 .text.HAL_UART_Init
                0x08006610       0xa0 ./Drivers/STM32F4xx_HAL_Driver/Src/stm32f4xx_hal_uart.o
                0x08006610                HAL_UART_Init
 .text.HAL_UART_Receive_DMA
                0x080066b0       0x4a ./Drivers/STM32F4xx_HAL_Driver/Src/stm32f4xx_hal_uart.o
                0x080066b0                HAL_UART_Receive_DMA
 .text.HAL_UART_RxHalfCpltCallback
                0x080066fa       0x14 ./Drivers/STM32F4xx_HAL_Driver/Src/stm32f4xx_hal_uart.o
                0x080066fa                HAL_UART_RxHalfCpltCallback
 .text.HAL_UART_ErrorCallback
                0x0800670e       0x14 ./Drivers/STM32F4xx_HAL_Driver/Src/stm32f4xx_hal_uart.o
                0x0800670e                HAL_UART_ErrorCallback
 .text.HAL_UARTEx_RxEventCallback
                0x08006722       0x18 ./Drivers/STM32F4xx_HAL_Driver/Src/stm32f4xx_hal_uart.o
                0x08006722                HAL_UARTEx_RxEventCallback
 .text.UART_DMAReceiveCplt
                0x0800673a      0x12c ./Drivers/STM32F4xx_HAL_Driver/Src/stm32f4xx_hal_uart.o
 .text.UART_DMARxHalfCplt
                0x08006866       0x3c ./Drivers/STM32F4xx_HAL_Driver/Src/stm32f4xx_hal_uart.o
 .text.UART_DMAError
                0x080068a2       0x94 ./Drivers/STM32F4xx_HAL_Driver/Src/stm32f4xx_hal_uart.o
 *fill*         0x08006936        0x2 
 .text.UART_Start_Receive_DMA
                0x08006938      0x14c ./Drivers/STM32F4xx_HAL_Driver/Src/stm32f4xx_hal_uart.o
                0x08006938                UART_Start_Receive_DMA
 .text.UART_EndTxTransfer
                0x08006a84       0x50 ./Drivers/STM32F4xx_HAL_Driver/Src/stm32f4xx_hal_uart.o
 .text.UART_EndRxTransfer
                0x08006ad4       0xc6 ./Drivers/STM32F4xx_HAL_Driver/Src/stm32f4xx_hal_uart.o
 *fill*         0x08006b9a        0x2 
 .text.UART_SetConfig
                0x08006b9c      0x4e8 ./Drivers/STM32F4xx_HAL_Driver/Src/stm32f4xx_hal_uart.o
 .text.__NVIC_SetPriority
                0x08007084       0x54 ./Middlewares/Third_Party/FreeRTOS/Source/CMSIS_RTOS_V2/cmsis_os2.o
 .text.SysTick_Handler
                0x080070d8       0x20 ./Middlewares/Third_Party/FreeRTOS/Source/CMSIS_RTOS_V2/cmsis_os2.o
                0x080070d8                SysTick_Handler
 .text.SVC_Setup
                0x080070f8       0x12 ./Middlewares/Third_Party/FreeRTOS/Source/CMSIS_RTOS_V2/cmsis_os2.o
 *fill*         0x0800710a        0x2 
 .text.osKernelInitialize
                0x0800710c       0x48 ./Middlewares/Third_Party/FreeRTOS/Source/CMSIS_RTOS_V2/cmsis_os2.o
                0x0800710c                osKernelInitialize
 .text.osKernelStart
                0x08007154       0x4c ./Middlewares/Third_Party/FreeRTOS/Source/CMSIS_RTOS_V2/cmsis_os2.o
                0x08007154                osKernelStart
 .text.osKernelGetTickCount
                0x080071a0       0x2a ./Middlewares/Third_Party/FreeRTOS/Source/CMSIS_RTOS_V2/cmsis_os2.o
                0x080071a0                osKernelGetTickCount
 .text.osThreadNew
                0x080071ca      0x124 ./Middlewares/Third_Party/FreeRTOS/Source/CMSIS_RTOS_V2/cmsis_os2.o
                0x080071ca                osThreadNew
 .text.osDelay  0x080072ee       0x36 ./Middlewares/Third_Party/FreeRTOS/Source/CMSIS_RTOS_V2/cmsis_os2.o
                0x080072ee                osDelay
 .text.osMutexNew
                0x08007324      0x10c ./Middlewares/Third_Party/FreeRTOS/Source/CMSIS_RTOS_V2/cmsis_os2.o
                0x08007324                osMutexNew
 .text.osMutexAcquire
                0x08007430       0x96 ./Middlewares/Third_Party/FreeRTOS/Source/CMSIS_RTOS_V2/cmsis_os2.o
                0x08007430                osMutexAcquire
 .text.osMutexRelease
                0x080074c6       0x7a ./Middlewares/Third_Party/FreeRTOS/Source/CMSIS_RTOS_V2/cmsis_os2.o
                0x080074c6                osMutexRelease
 .text.osSemaphoreNew
                0x08007540      0x112 ./Middlewares/Third_Party/FreeRTOS/Source/CMSIS_RTOS_V2/cmsis_os2.o
                0x08007540                osSemaphoreNew
 .text.osMessageQueueNew
                0x08007652       0xe6 ./Middlewares/Third_Party/FreeRTOS/Source/CMSIS_RTOS_V2/cmsis_os2.o
                0x08007652                osMessageQueueNew
 .text.osMessageQueuePut
                0x08007738       0xc0 ./Middlewares/Third_Party/FreeRTOS/Source/CMSIS_RTOS_V2/cmsis_os2.o
                0x08007738                osMessageQueuePut
 .text.osMessageQueueGet
                0x080077f8       0xbc ./Middlewares/Third_Party/FreeRTOS/Source/CMSIS_RTOS_V2/cmsis_os2.o
                0x080077f8                osMessageQueueGet
 .text.osMessageQueueGetCount
                0x080078b4       0x40 ./Middlewares/Third_Party/FreeRTOS/Source/CMSIS_RTOS_V2/cmsis_os2.o
                0x080078b4                osMessageQueueGetCount
 .text.vApplicationGetIdleTaskMemory
                0x080078f4       0x34 ./Middlewares/Third_Party/FreeRTOS/Source/CMSIS_RTOS_V2/cmsis_os2.o
                0x080078f4                vApplicationGetIdleTaskMemory
 .text.vApplicationGetTimerTaskMemory
                0x08007928       0x34 ./Middlewares/Third_Party/FreeRTOS/Source/CMSIS_RTOS_V2/cmsis_os2.o
                0x08007928                vApplicationGetTimerTaskMemory
 .text.vListInitialise
                0x0800795c       0x40 ./Middlewares/Third_Party/FreeRTOS/Source/list.o
                0x0800795c                vListInitialise
 .text.vListInitialiseItem
                0x0800799c       0x1a ./Middlewares/Third_Party/FreeRTOS/Source/list.o
                0x0800799c                vListInitialiseItem
 .text.vListInsertEnd
                0x080079b6       0x48 ./Middlewares/Third_Party/FreeRTOS/Source/list.o
                0x080079b6                vListInsertEnd
 .text.vListInsert
                0x080079fe       0x72 ./Middlewares/Third_Party/FreeRTOS/Source/list.o
                0x080079fe                vListInsert
 .text.uxListRemove
                0x08007a70       0x54 ./Middlewares/Third_Party/FreeRTOS/Source/list.o
                0x08007a70                uxListRemove
 .text.xQueueGenericReset
                0x08007ac4       0xd4 ./Middlewares/Third_Party/FreeRTOS/Source/queue.o
                0x08007ac4                xQueueGenericReset
 .text.xQueueGenericCreateStatic
                0x08007b98       0xfa ./Middlewares/Third_Party/FreeRTOS/Source/queue.o
                0x08007b98                xQueueGenericCreateStatic
 .text.xQueueGenericCreate
                0x08007c92       0x76 ./Middlewares/Third_Party/FreeRTOS/Source/queue.o
                0x08007c92                xQueueGenericCreate
 .text.prvInitialiseNewQueue
                0x08007d08       0x46 ./Middlewares/Third_Party/FreeRTOS/Source/queue.o
 .text.prvInitialiseMutex
                0x08007d4e       0x34 ./Middlewares/Third_Party/FreeRTOS/Source/queue.o
 .text.xQueueCreateMutex
                0x08007d82       0x30 ./Middlewares/Third_Party/FreeRTOS/Source/queue.o
                0x08007d82                xQueueCreateMutex
 .text.xQueueCreateMutexStatic
                0x08007db2       0x36 ./Middlewares/Third_Party/FreeRTOS/Source/queue.o
                0x08007db2                xQueueCreateMutexStatic
 .text.xQueueGiveMutexRecursive
                0x08007de8       0x6a ./Middlewares/Third_Party/FreeRTOS/Source/queue.o
                0x08007de8                xQueueGiveMutexRecursive
 .text.xQueueTakeMutexRecursive
                0x08007e52       0x6e ./Middlewares/Third_Party/FreeRTOS/Source/queue.o
                0x08007e52                xQueueTakeMutexRecursive
 .text.xQueueCreateCountingSemaphoreStatic
                0x08007ec0       0x72 ./Middlewares/Third_Party/FreeRTOS/Source/queue.o
                0x08007ec0                xQueueCreateCountingSemaphoreStatic
 .text.xQueueCreateCountingSemaphore
                0x08007f32       0x6a ./Middlewares/Third_Party/FreeRTOS/Source/queue.o
                0x08007f32                xQueueCreateCountingSemaphore
 .text.xQueueGenericSend
                0x08007f9c      0x204 ./Middlewares/Third_Party/FreeRTOS/Source/queue.o
                0x08007f9c                xQueueGenericSend
 .text.xQueueGenericSendFromISR
                0x080081a0      0x13c ./Middlewares/Third_Party/FreeRTOS/Source/queue.o
                0x080081a0                xQueueGenericSendFromISR
 .text.xQueueReceive
                0x080082dc      0x1c4 ./Middlewares/Third_Party/FreeRTOS/Source/queue.o
                0x080082dc                xQueueReceive
 .text.xQueueSemaphoreTake
                0x080084a0      0x220 ./Middlewares/Third_Party/FreeRTOS/Source/queue.o
                0x080084a0                xQueueSemaphoreTake
 .text.xQueueReceiveFromISR
                0x080086c0      0x104 ./Middlewares/Third_Party/FreeRTOS/Source/queue.o
                0x080086c0                xQueueReceiveFromISR
 .text.uxQueueMessagesWaiting
                0x080087c4       0x3e ./Middlewares/Third_Party/FreeRTOS/Source/queue.o
                0x080087c4                uxQueueMessagesWaiting
 .text.uxQueueMessagesWaitingFromISR
                0x08008802       0x3e ./Middlewares/Third_Party/FreeRTOS/Source/queue.o
                0x08008802                uxQueueMessagesWaitingFromISR
 .text.vQueueDelete
                0x08008840       0x48 ./Middlewares/Third_Party/FreeRTOS/Source/queue.o
                0x08008840                vQueueDelete
 .text.prvGetDisinheritPriorityAfterTimeout
                0x08008888       0x30 ./Middlewares/Third_Party/FreeRTOS/Source/queue.o
 .text.prvCopyDataToQueue
                0x080088b8       0xd4 ./Middlewares/Third_Party/FreeRTOS/Source/queue.o
 .text.prvCopyDataFromQueue
                0x0800898c       0x4c ./Middlewares/Third_Party/FreeRTOS/Source/queue.o
 .text.prvUnlockQueue
                0x080089d8       0xa4 ./Middlewares/Third_Party/FreeRTOS/Source/queue.o
 .text.prvIsQueueEmpty
                0x08008a7c       0x2c ./Middlewares/Third_Party/FreeRTOS/Source/queue.o
 .text.prvIsQueueFull
                0x08008aa8       0x30 ./Middlewares/Third_Party/FreeRTOS/Source/queue.o
 .text.vQueueAddToRegistry
                0x08008ad8       0x54 ./Middlewares/Third_Party/FreeRTOS/Source/queue.o
                0x08008ad8                vQueueAddToRegistry
 .text.vQueueUnregisterQueue
                0x08008b2c       0x54 ./Middlewares/Third_Party/FreeRTOS/Source/queue.o
                0x08008b2c                vQueueUnregisterQueue
 .text.vQueueWaitForMessageRestricted
                0x08008b80       0x68 ./Middlewares/Third_Party/FreeRTOS/Source/queue.o
                0x08008b80                vQueueWaitForMessageRestricted
 .text.xTaskCreateStatic
                0x08008be8       0xc0 ./Middlewares/Third_Party/FreeRTOS/Source/tasks.o
                0x08008be8                xTaskCreateStatic
 .text.xTaskCreate
                0x08008ca8       0x8a ./Middlewares/Third_Party/FreeRTOS/Source/tasks.o
                0x08008ca8                xTaskCreate
 *fill*         0x08008d32        0x2 
 .text.prvInitialiseNewTask
                0x08008d34      0x150 ./Middlewares/Third_Party/FreeRTOS/Source/tasks.o
 .text.prvAddNewTaskToReadyList
                0x08008e84       0xe0 ./Middlewares/Third_Party/FreeRTOS/Source/tasks.o
 .text.vTaskDelay
                0x08008f64       0x6c ./Middlewares/Third_Party/FreeRTOS/Source/tasks.o
                0x08008f64                vTaskDelay
 .text.vTaskStartScheduler
                0x08008fd0       0xe0 ./Middlewares/Third_Party/FreeRTOS/Source/tasks.o
                0x08008fd0                vTaskStartScheduler
 .text.vTaskSuspendAll
                0x080090b0       0x1c ./Middlewares/Third_Party/FreeRTOS/Source/tasks.o
                0x080090b0                vTaskSuspendAll
 .text.xTaskResumeAll
                0x080090cc      0x13c ./Middlewares/Third_Party/FreeRTOS/Source/tasks.o
                0x080090cc                xTaskResumeAll
 .text.xTaskGetTickCount
                0x08009208       0x20 ./Middlewares/Third_Party/FreeRTOS/Source/tasks.o
                0x08009208                xTaskGetTickCount
 .text.xTaskGetTickCountFromISR
                0x08009228       0x24 ./Middlewares/Third_Party/FreeRTOS/Source/tasks.o
                0x08009228                xTaskGetTickCountFromISR
 .text.xTaskIncrementTick
                0x0800924c      0x174 ./Middlewares/Third_Party/FreeRTOS/Source/tasks.o
                0x0800924c                xTaskIncrementTick
 .text.vTaskSwitchContext
                0x080093c0       0xcc ./Middlewares/Third_Party/FreeRTOS/Source/tasks.o
                0x080093c0                vTaskSwitchContext
 .text.vTaskPlaceOnEventList
                0x0800948c       0x4c ./Middlewares/Third_Party/FreeRTOS/Source/tasks.o
                0x0800948c                vTaskPlaceOnEventList
 .text.vTaskPlaceOnEventListRestricted
                0x080094d8       0x58 ./Middlewares/Third_Party/FreeRTOS/Source/tasks.o
                0x080094d8                vTaskPlaceOnEventListRestricted
 .text.xTaskRemoveFromEventList
                0x08009530       0xc8 ./Middlewares/Third_Party/FreeRTOS/Source/tasks.o
                0x08009530                xTaskRemoveFromEventList
 .text.vTaskInternalSetTimeOutState
                0x080095f8       0x2c ./Middlewares/Third_Party/FreeRTOS/Source/tasks.o
                0x080095f8                vTaskInternalSetTimeOutState
 .text.xTaskCheckForTimeOut
                0x08009624       0xc8 ./Middlewares/Third_Party/FreeRTOS/Source/tasks.o
                0x08009624                xTaskCheckForTimeOut
 .text.vTaskMissedYield
                0x080096ec       0x18 ./Middlewares/Third_Party/FreeRTOS/Source/tasks.o
                0x080096ec                vTaskMissedYield
 .text.prvIdleTask
                0x08009704       0x30 ./Middlewares/Third_Party/FreeRTOS/Source/tasks.o
 .text.prvInitialiseTaskLists
                0x08009734       0x80 ./Middlewares/Third_Party/FreeRTOS/Source/tasks.o
 .text.prvCheckTasksWaitingTermination
                0x080097b4       0x5c ./Middlewares/Third_Party/FreeRTOS/Source/tasks.o
 .text.prvDeleteTCB
                0x08009810       0x6a ./Middlewares/Third_Party/FreeRTOS/Source/tasks.o
 *fill*         0x0800987a        0x2 
 .text.prvResetNextTaskUnblockTime
                0x0800987c       0x40 ./Middlewares/Third_Party/FreeRTOS/Source/tasks.o
 .text.xTaskGetCurrentTaskHandle
                0x080098bc       0x20 ./Middlewares/Third_Party/FreeRTOS/Source/tasks.o
                0x080098bc                xTaskGetCurrentTaskHandle
 .text.xTaskGetSchedulerState
                0x080098dc       0x3c ./Middlewares/Third_Party/FreeRTOS/Source/tasks.o
                0x080098dc                xTaskGetSchedulerState
 .text.xTaskPriorityInherit
                0x08009918       0xd0 ./Middlewares/Third_Party/FreeRTOS/Source/tasks.o
                0x08009918                xTaskPriorityInherit
 .text.xTaskPriorityDisinherit
                0x080099e8       0xe0 ./Middlewares/Third_Party/FreeRTOS/Source/tasks.o
                0x080099e8                xTaskPriorityDisinherit
 .text.vTaskPriorityDisinheritAfterTimeout
                0x08009ac8      0x108 ./Middlewares/Third_Party/FreeRTOS/Source/tasks.o
                0x08009ac8                vTaskPriorityDisinheritAfterTimeout
 .text.pvTaskIncrementMutexHeldCount
                0x08009bd0       0x28 ./Middlewares/Third_Party/FreeRTOS/Source/tasks.o
                0x08009bd0                pvTaskIncrementMutexHeldCount
 .text.prvAddCurrentTaskToDelayedList
                0x08009bf8       0xa8 ./Middlewares/Third_Party/FreeRTOS/Source/tasks.o
 .text.xTimerCreateTimerTask
                0x08009ca0       0x94 ./Middlewares/Third_Party/FreeRTOS/Source/timers.o
                0x08009ca0                xTimerCreateTimerTask
 .text.xTimerGenericCommand
                0x08009d34       0x9c ./Middlewares/Third_Party/FreeRTOS/Source/timers.o
                0x08009d34                xTimerGenericCommand
 .text.prvProcessExpiredTimer
                0x08009dd0       0x9c ./Middlewares/Third_Party/FreeRTOS/Source/timers.o
 .text.prvTimerTask
                0x08009e6c       0x26 ./Middlewares/Third_Party/FreeRTOS/Source/timers.o
 *fill*         0x08009e92        0x2 
 .text.prvProcessTimerOrBlockTask
                0x08009e94       0x9c ./Middlewares/Third_Party/FreeRTOS/Source/timers.o
 .text.prvGetNextExpireTime
                0x08009f30       0x48 ./Middlewares/Third_Party/FreeRTOS/Source/timers.o
 .text.prvSampleTimeNow
                0x08009f78       0x40 ./Middlewares/Third_Party/FreeRTOS/Source/timers.o
 .text.prvInsertTimerInActiveList
                0x08009fb8       0x84 ./Middlewares/Third_Party/FreeRTOS/Source/timers.o
 .text.prvProcessReceivedCommands
                0x0800a03c      0x1cc ./Middlewares/Third_Party/FreeRTOS/Source/timers.o
 .text.prvSwitchTimerLists
                0x0800a208       0xcc ./Middlewares/Third_Party/FreeRTOS/Source/timers.o
 .text.prvCheckForValidListAndQueue
                0x0800a2d4       0x80 ./Middlewares/Third_Party/FreeRTOS/Source/timers.o
 .text.pxPortInitialiseStack
                0x0800a354       0x68 ./Middlewares/Third_Party/FreeRTOS/Source/portable/GCC/ARM_CM4F/port.o
                0x0800a354                pxPortInitialiseStack
 .text.prvTaskExitError
                0x0800a3bc       0x5c ./Middlewares/Third_Party/FreeRTOS/Source/portable/GCC/ARM_CM4F/port.o
 *fill*         0x0800a418        0x8 
 .text.SVC_Handler
                0x0800a420       0x28 ./Middlewares/Third_Party/FreeRTOS/Source/portable/GCC/ARM_CM4F/port.o
                0x0800a420                SVC_Handler
 .text.prvPortStartFirstTask
                0x0800a448       0x28 ./Middlewares/Third_Party/FreeRTOS/Source/portable/GCC/ARM_CM4F/port.o
 .text.xPortStartScheduler
                0x0800a470      0x148 ./Middlewares/Third_Party/FreeRTOS/Source/portable/GCC/ARM_CM4F/port.o
                0x0800a470                xPortStartScheduler
 .text.vPortEnterCritical
                0x0800a5b8       0x64 ./Middlewares/Third_Party/FreeRTOS/Source/portable/GCC/ARM_CM4F/port.o
                0x0800a5b8                vPortEnterCritical
 .text.vPortExitCritical
                0x0800a61c       0x54 ./Middlewares/Third_Party/FreeRTOS/Source/portable/GCC/ARM_CM4F/port.o
                0x0800a61c                vPortExitCritical
 .text.PendSV_Handler
                0x0800a670       0x68 ./Middlewares/Third_Party/FreeRTOS/Source/portable/GCC/ARM_CM4F/port.o
                0x0800a670                PendSV_Handler
 .text.xPortSysTickHandler
                0x0800a6d8       0x44 ./Middlewares/Third_Party/FreeRTOS/Source/portable/GCC/ARM_CM4F/port.o
                0x0800a6d8                xPortSysTickHandler
 .text.vPortSetupTimerInterrupt
                0x0800a71c       0x48 ./Middlewares/Third_Party/FreeRTOS/Source/portable/GCC/ARM_CM4F/port.o
                0x0800a71c                vPortSetupTimerInterrupt
 .text.vPortEnableVFP
                0x0800a764       0x14 ./Middlewares/Third_Party/FreeRTOS/Source/portable/GCC/ARM_CM4F/port.o
 .text.vPortValidateInterruptPriority
                0x0800a778       0x84 ./Middlewares/Third_Party/FreeRTOS/Source/portable/GCC/ARM_CM4F/port.o
                0x0800a778                vPortValidateInterruptPriority
 .text.pvPortMalloc
                0x0800a7fc      0x19c ./Middlewares/Third_Party/FreeRTOS/Source/portable/MemMang/heap_4.o
                0x0800a7fc                pvPortMalloc
 .text.vPortFree
                0x0800a998       0xc8 ./Middlewares/Third_Party/FreeRTOS/Source/portable/MemMang/heap_4.o
                0x0800a998                vPortFree
 .text.prvHeapInit
                0x0800aa60       0xc4 ./Middlewares/Third_Party/FreeRTOS/Source/portable/MemMang/heap_4.o
 .text.prvInsertBlockIntoFreeList
                0x0800ab24       0xb4 ./Middlewares/Third_Party/FreeRTOS/Source/portable/MemMang/heap_4.o
 .text.__malloc_lock
                0x0800abd8        0xc C:/ST/STM32CubeIDE_1.14.0/STM32CubeIDE/plugins/com.st.stm32cube.ide.mcu.externaltools.gnu-tools-for-stm32.13.3.rel1.win32_1.0.0.202411081344/tools/bin/../lib/gcc/arm-none-eabi/13.3.1/../../../../arm-none-eabi/lib/thumb/v7e-m+fp/hard\libc_nano.a(libc_a-mlock.o)
                0x0800abd8                __malloc_lock
 .text.__malloc_unlock
                0x0800abe4        0xc C:/ST/STM32CubeIDE_1.14.0/STM32CubeIDE/plugins/com.st.stm32cube.ide.mcu.externaltools.gnu-tools-for-stm32.13.3.rel1.win32_1.0.0.202411081344/tools/bin/../lib/gcc/arm-none-eabi/13.3.1/../../../../arm-none-eabi/lib/thumb/v7e-m+fp/hard\libc_nano.a(libc_a-mlock.o)
                0x0800abe4                __malloc_unlock
 .text.memset   0x0800abf0       0x10 C:/ST/STM32CubeIDE_1.14.0/STM32CubeIDE/plugins/com.st.stm32cube.ide.mcu.externaltools.gnu-tools-for-stm32.13.3.rel1.win32_1.0.0.202411081344/tools/bin/../lib/gcc/arm-none-eabi/13.3.1/../../../../arm-none-eabi/lib/thumb/v7e-m+fp/hard\libc_nano.a(libc_a-memset.o)
                0x0800abf0                memset
 .text._reclaim_reent
                0x0800ac00       0xbc C:/ST/STM32CubeIDE_1.14.0/STM32CubeIDE/plugins/com.st.stm32cube.ide.mcu.externaltools.gnu-tools-for-stm32.13.3.rel1.win32_1.0.0.202411081344/tools/bin/../lib/gcc/arm-none-eabi/13.3.1/../../../../arm-none-eabi/lib/thumb/v7e-m+fp/hard\libc_nano.a(libc_a-reent.o)
                0x0800ac00                _reclaim_reent
 .text.__libc_init_array
                0x0800acbc       0x48 C:/ST/STM32CubeIDE_1.14.0/STM32CubeIDE/plugins/com.st.stm32cube.ide.mcu.externaltools.gnu-tools-for-stm32.13.3.rel1.win32_1.0.0.202411081344/tools/bin/../lib/gcc/arm-none-eabi/13.3.1/../../../../arm-none-eabi/lib/thumb/v7e-m+fp/hard\libc_nano.a(libc_a-init.o)
                0x0800acbc                __libc_init_array
 .text.memcpy   0x0800ad04       0x1c C:/ST/STM32CubeIDE_1.14.0/STM32CubeIDE/plugins/com.st.stm32cube.ide.mcu.externaltools.gnu-tools-for-stm32.13.3.rel1.win32_1.0.0.202411081344/tools/bin/../lib/gcc/arm-none-eabi/13.3.1/../../../../arm-none-eabi/lib/thumb/v7e-m+fp/hard\libc_nano.a(libc_a-memcpy-stub.o)
                0x0800ad04                memcpy
 .text._free_r  0x0800ad20       0x94 C:/ST/STM32CubeIDE_1.14.0/STM32CubeIDE/plugins/com.st.stm32cube.ide.mcu.externaltools.gnu-tools-for-stm32.13.3.rel1.win32_1.0.0.202411081344/tools/bin/../lib/gcc/arm-none-eabi/13.3.1/../../../../arm-none-eabi/lib/thumb/v7e-m+fp/hard\libc_nano.a(libc_a-freer.o)
                0x0800ad20                _free_r
 *(.glue_7)
 .glue_7        0x0800adb4        0x0 linker stubs
 *(.glue_7t)
 .glue_7t       0x0800adb4        0x0 linker stubs
 *(.eh_frame)
 .eh_frame      0x0800adb4        0x0 C:/ST/STM32CubeIDE_1.14.0/STM32CubeIDE/plugins/com.st.stm32cube.ide.mcu.externaltools.gnu-tools-for-stm32.13.3.rel1.win32_1.0.0.202411081344/tools/bin/../lib/gcc/arm-none-eabi/13.3.1/thumb/v7e-m+fp/hard/crtbegin.o
 *(.init)
 .init          0x0800adb4        0x4 C:/ST/STM32CubeIDE_1.14.0/STM32CubeIDE/plugins/com.st.stm32cube.ide.mcu.externaltools.gnu-tools-for-stm32.13.3.rel1.win32_1.0.0.202411081344/tools/bin/../lib/gcc/arm-none-eabi/13.3.1/thumb/v7e-m+fp/hard/crti.o
                0x0800adb4                _init
 .init          0x0800adb8        0x8 C:/ST/STM32CubeIDE_1.14.0/STM32CubeIDE/plugins/com.st.stm32cube.ide.mcu.externaltools.gnu-tools-for-stm32.13.3.rel1.win32_1.0.0.202411081344/tools/bin/../lib/gcc/arm-none-eabi/13.3.1/thumb/v7e-m+fp/hard/crtn.o
 *(.fini)
 .fini          0x0800adc0        0x4 C:/ST/STM32CubeIDE_1.14.0/STM32CubeIDE/plugins/com.st.stm32cube.ide.mcu.externaltools.gnu-tools-for-stm32.13.3.rel1.win32_1.0.0.202411081344/tools/bin/../lib/gcc/arm-none-eabi/13.3.1/thumb/v7e-m+fp/hard/crti.o
                0x0800adc0                _fini
 .fini          0x0800adc4        0x8 C:/ST/STM32CubeIDE_1.14.0/STM32CubeIDE/plugins/com.st.stm32cube.ide.mcu.externaltools.gnu-tools-for-stm32.13.3.rel1.win32_1.0.0.202411081344/tools/bin/../lib/gcc/arm-none-eabi/13.3.1/thumb/v7e-m+fp/hard/crtn.o
                0x0800adcc                        . = ALIGN (0x4)
                0x0800adcc                        _etext = .

.vfp11_veneer   0x0800adcc        0x0
 .vfp11_veneer  0x0800adcc        0x0 linker stubs

.v4_bx          0x0800adcc        0x0
 .v4_bx         0x0800adcc        0x0 linker stubs

.iplt           0x0800adcc        0x0
 .iplt          0x0800adcc        0x0 C:/ST/STM32CubeIDE_1.14.0/STM32CubeIDE/plugins/com.st.stm32cube.ide.mcu.externaltools.gnu-tools-for-stm32.13.3.rel1.win32_1.0.0.202411081344/tools/bin/../lib/gcc/arm-none-eabi/13.3.1/thumb/v7e-m+fp/hard/crtbegin.o

.rodata         0x0800adcc      0x1cc
                0x0800adcc                        . = ALIGN (0x4)
 *(.rodata)
 .rodata        0x0800adcc       0x20 ./Core/Src/bus_node.o
 .rodata        0x0800adec       0x20 ./Core/Src/huart_task.o
 .rodata        0x0800ae0c       0x68 ./Core/Src/main.o
 .rodata        0x0800ae74        0x5 ./Middlewares/Third_Party/FreeRTOS/Source/tasks.o
 *fill*         0x0800ae79        0x3 
 .rodata        0x0800ae7c        0xd ./Middlewares/Third_Party/FreeRTOS/Source/timers.o
 *(.rodata*)
 *fill*         0x0800ae89        0x3 
 .rodata.defaultTask_attributes
                0x0800ae8c       0x24 ./Core/Src/main.o
                0x0800ae8c                defaultTask_attributes
 .rodata.logTask_attributes
                0x0800aeb0       0x24 ./Core/Src/main.o
                0x0800aeb0                logTask_attributes
 .rodata.adcReadTask_attributes
                0x0800aed4       0x24 ./Core/Src/main.o
                0x0800aed4                adcReadTask_attributes
 .rodata.huartTask_attributes
                0x0800aef8       0x24 ./Core/Src/main.o
                0x0800aef8                huartTask_attributes
 .rodata.adsReadTask_attributes
                0x0800af1c       0x24 ./Core/Src/main.o
                0x0800af1c                adsReadTask_attributes
 .rodata.uartQueue_attributes
                0x0800af40       0x18 ./Core/Src/main.o
                0x0800af40                uartQueue_attributes
 .rodata.adcBufReadMutex_attributes
                0x0800af58       0x10 ./Core/Src/main.o
                0x0800af58                adcBufReadMutex_attributes
 .rodata.spi_rx_attributes
                0x0800af68       0x10 ./Core/Src/main.o
                0x0800af68                spi_rx_attributes
 .rodata.AHBPrescTable
                0x0800af78       0x10 ./Core/Src/system_stm32f4xx.o
                0x0800af78                AHBPrescTable
 .rodata.APBPrescTable
                0x0800af88        0x8 ./Core/Src/system_stm32f4xx.o
                0x0800af88                APBPrescTable
 .rodata.flagBitshiftOffset.0
                0x0800af90        0x8 ./Drivers/STM32F4xx_HAL_Driver/Src/stm32f4xx_hal_dma.o
                0x0800af98                        . = ALIGN (0x4)

.ARM.extab      0x0800af98        0x0
                0x0800af98                        . = ALIGN (0x4)
 *(.ARM.extab* .gnu.linkonce.armextab.*)
                0x0800af98                        . = ALIGN (0x4)

.ARM            0x0800af98        0x8
                0x0800af98                        . = ALIGN (0x4)
                0x0800af98                        __exidx_start = .
 *(.ARM.exidx*)
 .ARM.exidx     0x0800af98        0x8 C:/ST/STM32CubeIDE_1.14.0/STM32CubeIDE/plugins/com.st.stm32cube.ide.mcu.externaltools.gnu-tools-for-stm32.13.3.rel1.win32_1.0.0.202411081344/tools/bin/../lib/gcc/arm-none-eabi/13.3.1/../../../../arm-none-eabi/lib/thumb/v7e-m+fp/hard\libc_nano.a(libc_a-strlen.o)
 .ARM.exidx     0x0800afa0        0x0 C:/ST/STM32CubeIDE_1.14.0/STM32CubeIDE/plugins/com.st.stm32cube.ide.mcu.externaltools.gnu-tools-for-stm32.13.3.rel1.win32_1.0.0.202411081344/tools/bin/../lib/gcc/arm-none-eabi/13.3.1/thumb/v7e-m+fp/hard\libgcc.a(_udivmoddi4.o)
                                  0x8 (size before relaxing)
                0x0800afa0                        __exidx_end = .
                0x0800afa0                        . = ALIGN (0x4)

.preinit_array  0x0800afa0        0x0
                0x0800afa0                        . = ALIGN (0x4)
                0x0800afa0                        PROVIDE (__preinit_array_start = .)
 *(.preinit_array*)
                0x0800afa0                        PROVIDE (__preinit_array_end = .)
                0x0800afa0                        . = ALIGN (0x4)

.init_array     0x0800afa0        0x4
                0x0800afa0                        . = ALIGN (0x4)
                0x0800afa0                        PROVIDE (__init_array_start = .)
 *(SORT_BY_NAME(.init_array.*))
 *(.init_array*)
 .init_array    0x0800afa0        0x4 C:/ST/STM32CubeIDE_1.14.0/STM32CubeIDE/plugins/com.st.stm32cube.ide.mcu.externaltools.gnu-tools-for-stm32.13.3.rel1.win32_1.0.0.202411081344/tools/bin/../lib/gcc/arm-none-eabi/13.3.1/thumb/v7e-m+fp/hard/crtbegin.o
                0x0800afa4                        PROVIDE (__init_array_end = .)
                0x0800afa4                        . = ALIGN (0x4)

.fini_array     0x0800afa4        0x4
                0x0800afa4                        . = ALIGN (0x4)
                [!provide]                        PROVIDE (__fini_array_start = .)
 *(SORT_BY_NAME(.fini_array.*))
 *(.fini_array*)
 .fini_array    0x0800afa4        0x4 C:/ST/STM32CubeIDE_1.14.0/STM32CubeIDE/plugins/com.st.stm32cube.ide.mcu.externaltools.gnu-tools-for-stm32.13.3.rel1.win32_1.0.0.202411081344/tools/bin/../lib/gcc/arm-none-eabi/13.3.1/thumb/v7e-m+fp/hard/crtbegin.o
                [!provide]                        PROVIDE (__fini_array_end = .)
                0x0800afa8                        . = ALIGN (0x4)
                0x0800afa8                        _sidata = LOADADDR (.data)

.rel.dyn        0x0800afa8        0x0
 .rel.iplt      0x0800afa8        0x0 C:/ST/STM32CubeIDE_1.14.0/STM32CubeIDE/plugins/com.st.stm32cube.ide.mcu.externaltools.gnu-tools-for-stm32.13.3.rel1.win32_1.0.0.202411081344/tools/bin/../lib/gcc/arm-none-eabi/13.3.1/thumb/v7e-m+fp/hard/crtbegin.o

.data           0x20000000       0x68 load address 0x0800afa8
                0x20000000                        . = ALIGN (0x4)
                0x20000000                        _sdata = .
 *(.data)
 *(.data*)
 .data.SPI2_SoftNSS_GPIO_Port
                0x20000000        0x4 ./Core/Src/bus_node.o
                0x20000000                SPI2_SoftNSS_GPIO_Port
 .data.SPI2_SoftNSS_Pin
                0x20000004        0x2 ./Core/Src/bus_node.o
                0x20000004                SPI2_SoftNSS_Pin
 .data.myAddr   0x20000006        0x1 ./Core/Src/bus_node.o
 *fill*         0x20000007        0x1 
 .data.SystemCoreClock
                0x20000008        0x4 ./Core/Src/system_stm32f4xx.o
                0x20000008                SystemCoreClock
 .data.uwTickPrio
                0x2000000c        0x4 ./Drivers/STM32F4xx_HAL_Driver/Src/stm32f4xx_hal.o
                0x2000000c                uwTickPrio
 .data.uwTickFreq
                0x20000010        0x1 ./Drivers/STM32F4xx_HAL_Driver/Src/stm32f4xx_hal.o
                0x20000010                uwTickFreq
 *fill*         0x20000011        0x3 
 .data.uxCriticalNesting
                0x20000014        0x4 ./Middlewares/Third_Party/FreeRTOS/Source/portable/GCC/ARM_CM4F/port.o
 .data._impure_ptr
                0x20000018        0x4 C:/ST/STM32CubeIDE_1.14.0/STM32CubeIDE/plugins/com.st.stm32cube.ide.mcu.externaltools.gnu-tools-for-stm32.13.3.rel1.win32_1.0.0.202411081344/tools/bin/../lib/gcc/arm-none-eabi/13.3.1/../../../../arm-none-eabi/lib/thumb/v7e-m+fp/hard\libc_nano.a(libc_a-impure.o)
                0x20000018                _impure_ptr
 .data._impure_data
                0x2000001c       0x4c C:/ST/STM32CubeIDE_1.14.0/STM32CubeIDE/plugins/com.st.stm32cube.ide.mcu.externaltools.gnu-tools-for-stm32.13.3.rel1.win32_1.0.0.202411081344/tools/bin/../lib/gcc/arm-none-eabi/13.3.1/../../../../arm-none-eabi/lib/thumb/v7e-m+fp/hard\libc_nano.a(libc_a-impure.o)
                0x2000001c                _impure_data
 *(.RamFunc)
 *(.RamFunc*)
                0x20000068                        . = ALIGN (0x4)
                0x20000068                        _edata = .
                0x0800b010                        _siccmram = LOADADDR (.ccmram)

.igot.plt       0x20000068        0x0 load address 0x0800b010
 .igot.plt      0x20000068        0x0 C:/ST/STM32CubeIDE_1.14.0/STM32CubeIDE/plugins/com.st.stm32cube.ide.mcu.externaltools.gnu-tools-for-stm32.13.3.rel1.win32_1.0.0.202411081344/tools/bin/../lib/gcc/arm-none-eabi/13.3.1/thumb/v7e-m+fp/hard/crtbegin.o

.ccmram         0x10000000        0x0 load address 0x0800b010
                0x10000000                        . = ALIGN (0x4)
                0x10000000                        _sccmram = .
 *(.ccmram)
 *(.ccmram*)
                0x10000000                        . = ALIGN (0x4)
                0x10000000                        _eccmram = .
                0x10000000                        . = ALIGN (0x4)

.bss            0x20000068     0x754c
                0x20000068                        _sbss = .
                0x20000068                        __bss_start__ = _sbss
 *(.bss)
 .bss           0x20000068       0x1c C:/ST/STM32CubeIDE_1.14.0/STM32CubeIDE/plugins/com.st.stm32cube.ide.mcu.externaltools.gnu-tools-for-stm32.13.3.rel1.win32_1.0.0.202411081344/tools/bin/../lib/gcc/arm-none-eabi/13.3.1/thumb/v7e-m+fp/hard/crtbegin.o
 *(.bss*)
 .bss.slave     0x20000084       0x58 ./Core/Src/bus_node.o
                0x20000084                slave
 .bss.master    0x200000dc       0x58 ./Core/Src/bus_node.o
                0x200000dc                master
 .bss.downstreamDetected
                0x20000134        0x1 ./Core/Src/bus_node.o
 *fill*         0x20000135        0x3 
 .bss.last_uart_check.0
                0x20000138        0x4 ./Core/Src/bus_node.o
 .bss.uart_dma_ready
                0x2000013c        0x8 ./Core/Src/huart_task.o
                0x2000013c                uart_dma_ready
 .bss.mbus_buffers
                0x20000144     0x2030 ./Core/Src/huart_task.o
 .bss.ongoing_packet_len.4
                0x20002174       0x10 ./Core/Src/huart_task.o
 .bss.ongoing_packet_pos.3
                0x20002184       0x10 ./Core/Src/huart_task.o
 .bss.ongoing_packet_idx.2
                0x20002194       0x10 ./Core/Src/huart_task.o
 .bss.ongoing_uart_id.1
                0x200021a4        0x8 ./Core/Src/huart_task.o
 .bss.uart_rx_buffers.0
                0x200021ac       0x80 ./Core/Src/huart_task.o
 .bss.hadc1     0x2000222c       0x48 ./Core/Src/main.o
                0x2000222c                hadc1
 .bss.hdma_adc1
                0x20002274       0x60 ./Core/Src/main.o
                0x20002274                hdma_adc1
 .bss.hspi1     0x200022d4       0x58 ./Core/Src/main.o
                0x200022d4                hspi1
 .bss.hspi2     0x2000232c       0x58 ./Core/Src/main.o
                0x2000232c                hspi2
 .bss.hspi3     0x20002384       0x58 ./Core/Src/main.o
                0x20002384                hspi3
 .bss.hspi4     0x200023dc       0x58 ./Core/Src/main.o
                0x200023dc                hspi4
 .bss.hspi5     0x20002434       0x58 ./Core/Src/main.o
                0x20002434                hspi5
 .bss.huart4    0x2000248c       0x48 ./Core/Src/main.o
                0x2000248c                huart4
 .bss.huart5    0x200024d4       0x48 ./Core/Src/main.o
                0x200024d4                huart5
 .bss.huart7    0x2000251c       0x48 ./Core/Src/main.o
                0x2000251c                huart7
 .bss.huart8    0x20002564       0x48 ./Core/Src/main.o
                0x20002564                huart8
 .bss.huart1    0x200025ac       0x48 ./Core/Src/main.o
                0x200025ac                huart1
 .bss.huart2    0x200025f4       0x48 ./Core/Src/main.o
                0x200025f4                huart2
 .bss.huart3    0x2000263c       0x48 ./Core/Src/main.o
                0x2000263c                huart3
 .bss.huart6    0x20002684       0x48 ./Core/Src/main.o
                0x20002684                huart6
 .bss.hdma_uart4_rx
                0x200026cc       0x60 ./Core/Src/main.o
                0x200026cc                hdma_uart4_rx
 .bss.hdma_uart5_rx
                0x2000272c       0x60 ./Core/Src/main.o
                0x2000272c                hdma_uart5_rx
 .bss.hdma_uart7_rx
                0x2000278c       0x60 ./Core/Src/main.o
                0x2000278c                hdma_uart7_rx
 .bss.hdma_uart8_rx
                0x200027ec       0x60 ./Core/Src/main.o
                0x200027ec                hdma_uart8_rx
 .bss.hdma_usart1_rx
                0x2000284c       0x60 ./Core/Src/main.o
                0x2000284c                hdma_usart1_rx
 .bss.hdma_usart2_rx
                0x200028ac       0x60 ./Core/Src/main.o
                0x200028ac                hdma_usart2_rx
 .bss.hdma_usart3_rx
                0x2000290c       0x60 ./Core/Src/main.o
                0x2000290c                hdma_usart3_rx
 .bss.hdma_usart6_rx
                0x2000296c       0x60 ./Core/Src/main.o
                0x2000296c                hdma_usart6_rx
 .bss.defaultTaskHandle
                0x200029cc        0x4 ./Core/Src/main.o
                0x200029cc                defaultTaskHandle
 .bss.logTaskHandle
                0x200029d0        0x4 ./Core/Src/main.o
                0x200029d0                logTaskHandle
 .bss.adcReadTaskHandle
                0x200029d4        0x4 ./Core/Src/main.o
                0x200029d4                adcReadTaskHandle
 .bss.huartTaskHandle
                0x200029d8        0x4 ./Core/Src/main.o
                0x200029d8                huartTaskHandle
 .bss.adsReadTaskHandle
                0x200029dc        0x4 ./Core/Src/main.o
                0x200029dc                adsReadTaskHandle
 .bss.uartQueueHandle
                0x200029e0        0x4 ./Core/Src/main.o
                0x200029e0                uartQueueHandle
 .bss.adcBufReadMutexHandle
                0x200029e4        0x4 ./Core/Src/main.o
                0x200029e4                adcBufReadMutexHandle
 .bss.spi_rxHandle
                0x200029e8        0x4 ./Core/Src/main.o
                0x200029e8                spi_rxHandle
 .bss.adcReadings
                0x200029ec       0x18 ./Core/Src/main.o
                0x200029ec                adcReadings
 .bss.externalADCReadings
                0x20002a04       0x16 ./Core/Src/main.o
                0x20002a04                externalADCReadings
 *fill*         0x20002a1a        0x2 
 .bss.isADCFinished
                0x20002a1c        0x4 ./Core/Src/main.o
                0x20002a1c                isADCFinished
 .bss.adcBuf.0  0x20002a20       0x18 ./Core/Src/main.o
 .bss.htim6     0x20002a38       0x48 ./Core/Src/stm32f4xx_hal_timebase_tim.o
                0x20002a38                htim6
 .bss.__lock___malloc_recursive_mutex
                0x20002a80        0xc ./Core/ThreadSafe/newlib_lock_glue.o
                0x20002a80                __lock___malloc_recursive_mutex
 .bss.uwTick    0x20002a8c        0x4 ./Drivers/STM32F4xx_HAL_Driver/Src/stm32f4xx_hal.o
                0x20002a8c                uwTick
 .bss.KernelState
                0x20002a90        0x4 ./Middlewares/Third_Party/FreeRTOS/Source/CMSIS_RTOS_V2/cmsis_os2.o
 .bss.Idle_TCB.3
                0x20002a94       0xa8 ./Middlewares/Third_Party/FreeRTOS/Source/CMSIS_RTOS_V2/cmsis_os2.o
 .bss.Idle_Stack.2
                0x20002b3c      0x200 ./Middlewares/Third_Party/FreeRTOS/Source/CMSIS_RTOS_V2/cmsis_os2.o
 .bss.Timer_TCB.1
                0x20002d3c       0xa8 ./Middlewares/Third_Party/FreeRTOS/Source/CMSIS_RTOS_V2/cmsis_os2.o
 .bss.Timer_Stack.0
                0x20002de4      0x400 ./Middlewares/Third_Party/FreeRTOS/Source/CMSIS_RTOS_V2/cmsis_os2.o
 .bss.xQueueRegistry
                0x200031e4       0x40 ./Middlewares/Third_Party/FreeRTOS/Source/queue.o
                0x200031e4                xQueueRegistry
 .bss.pxCurrentTCB
                0x20003224        0x4 ./Middlewares/Third_Party/FreeRTOS/Source/tasks.o
                0x20003224                pxCurrentTCB
 .bss.pxReadyTasksLists
                0x20003228      0x460 ./Middlewares/Third_Party/FreeRTOS/Source/tasks.o
 .bss.xDelayedTaskList1
                0x20003688       0x14 ./Middlewares/Third_Party/FreeRTOS/Source/tasks.o
 .bss.xDelayedTaskList2
                0x2000369c       0x14 ./Middlewares/Third_Party/FreeRTOS/Source/tasks.o
 .bss.pxDelayedTaskList
                0x200036b0        0x4 ./Middlewares/Third_Party/FreeRTOS/Source/tasks.o
 .bss.pxOverflowDelayedTaskList
                0x200036b4        0x4 ./Middlewares/Third_Party/FreeRTOS/Source/tasks.o
 .bss.xPendingReadyList
                0x200036b8       0x14 ./Middlewares/Third_Party/FreeRTOS/Source/tasks.o
 .bss.xTasksWaitingTermination
                0x200036cc       0x14 ./Middlewares/Third_Party/FreeRTOS/Source/tasks.o
 .bss.uxDeletedTasksWaitingCleanUp
                0x200036e0        0x4 ./Middlewares/Third_Party/FreeRTOS/Source/tasks.o
 .bss.xSuspendedTaskList
                0x200036e4       0x14 ./Middlewares/Third_Party/FreeRTOS/Source/tasks.o
 .bss.uxCurrentNumberOfTasks
                0x200036f8        0x4 ./Middlewares/Third_Party/FreeRTOS/Source/tasks.o
 .bss.xTickCount
                0x200036fc        0x4 ./Middlewares/Third_Party/FreeRTOS/Source/tasks.o
 .bss.uxTopReadyPriority
                0x20003700        0x4 ./Middlewares/Third_Party/FreeRTOS/Source/tasks.o
 .bss.xSchedulerRunning
                0x20003704        0x4 ./Middlewares/Third_Party/FreeRTOS/Source/tasks.o
 .bss.xPendedTicks
                0x20003708        0x4 ./Middlewares/Third_Party/FreeRTOS/Source/tasks.o
 .bss.xYieldPending
                0x2000370c        0x4 ./Middlewares/Third_Party/FreeRTOS/Source/tasks.o
 .bss.xNumOfOverflows
                0x20003710        0x4 ./Middlewares/Third_Party/FreeRTOS/Source/tasks.o
 .bss.uxTaskNumber
                0x20003714        0x4 ./Middlewares/Third_Party/FreeRTOS/Source/tasks.o
 .bss.xNextTaskUnblockTime
                0x20003718        0x4 ./Middlewares/Third_Party/FreeRTOS/Source/tasks.o
 .bss.xIdleTaskHandle
                0x2000371c        0x4 ./Middlewares/Third_Party/FreeRTOS/Source/tasks.o
 .bss.uxSchedulerSuspended
                0x20003720        0x4 ./Middlewares/Third_Party/FreeRTOS/Source/tasks.o
 .bss.xActiveTimerList1
                0x20003724       0x14 ./Middlewares/Third_Party/FreeRTOS/Source/timers.o
 .bss.xActiveTimerList2
                0x20003738       0x14 ./Middlewares/Third_Party/FreeRTOS/Source/timers.o
 .bss.pxCurrentTimerList
                0x2000374c        0x4 ./Middlewares/Third_Party/FreeRTOS/Source/timers.o
 .bss.pxOverflowTimerList
                0x20003750        0x4 ./Middlewares/Third_Party/FreeRTOS/Source/timers.o
 .bss.xTimerQueue
                0x20003754        0x4 ./Middlewares/Third_Party/FreeRTOS/Source/timers.o
 .bss.xTimerTaskHandle
                0x20003758        0x4 ./Middlewares/Third_Party/FreeRTOS/Source/timers.o
 .bss.xLastTime.2
                0x2000375c        0x4 ./Middlewares/Third_Party/FreeRTOS/Source/timers.o
 .bss.ucStaticTimerQueueStorage.1
                0x20003760       0xa0 ./Middlewares/Third_Party/FreeRTOS/Source/timers.o
 .bss.xStaticTimerQueue.0
                0x20003800       0x50 ./Middlewares/Third_Party/FreeRTOS/Source/timers.o
 .bss.ucMaxSysCallPriority
                0x20003850        0x1 ./Middlewares/Third_Party/FreeRTOS/Source/portable/GCC/ARM_CM4F/port.o
 *fill*         0x20003851        0x3 
 .bss.ulMaxPRIGROUPValue
                0x20003854        0x4 ./Middlewares/Third_Party/FreeRTOS/Source/portable/GCC/ARM_CM4F/port.o
 .bss.ucHeap    0x20003858     0x3c00 ./Middlewares/Third_Party/FreeRTOS/Source/portable/MemMang/heap_4.o
 .bss.xStart    0x20007458        0x8 ./Middlewares/Third_Party/FreeRTOS/Source/portable/MemMang/heap_4.o
 .bss.pxEnd     0x20007460        0x4 ./Middlewares/Third_Party/FreeRTOS/Source/portable/MemMang/heap_4.o
 .bss.xFreeBytesRemaining
                0x20007464        0x4 ./Middlewares/Third_Party/FreeRTOS/Source/portable/MemMang/heap_4.o
 .bss.xMinimumEverFreeBytesRemaining
                0x20007468        0x4 ./Middlewares/Third_Party/FreeRTOS/Source/portable/MemMang/heap_4.o
 .bss.xNumberOfSuccessfulAllocations
                0x2000746c        0x4 ./Middlewares/Third_Party/FreeRTOS/Source/portable/MemMang/heap_4.o
 .bss.xNumberOfSuccessfulFrees
                0x20007470        0x4 ./Middlewares/Third_Party/FreeRTOS/Source/portable/MemMang/heap_4.o
 .bss.xBlockAllocatedBit
                0x20007474        0x4 ./Middlewares/Third_Party/FreeRTOS/Source/portable/MemMang/heap_4.o
 .bss.__malloc_free_list
                0x20007478        0x4 C:/ST/STM32CubeIDE_1.14.0/STM32CubeIDE/plugins/com.st.stm32cube.ide.mcu.externaltools.gnu-tools-for-stm32.13.3.rel1.win32_1.0.0.202411081344/tools/bin/../lib/gcc/arm-none-eabi/13.3.1/../../../../arm-none-eabi/lib/thumb/v7e-m+fp/hard\libc_nano.a(libc_a-mallocr.o)
                0x20007478                __malloc_free_list
 .bss.__sf      0x2000747c      0x138 C:/ST/STM32CubeIDE_1.14.0/STM32CubeIDE/plugins/com.st.stm32cube.ide.mcu.externaltools.gnu-tools-for-stm32.13.3.rel1.win32_1.0.0.202411081344/tools/bin/../lib/gcc/arm-none-eabi/13.3.1/../../../../arm-none-eabi/lib/thumb/v7e-m+fp/hard\libc_nano.a(libc_a-findfp.o)
                0x2000747c                __sf
 *(COMMON)
                0x200075b4                        . = ALIGN (0x4)
                0x200075b4                        _ebss = .
                0x200075b4                        __bss_end__ = _ebss

._user_heap_stack
                0x200075b4      0x604
                0x200075b8                        . = ALIGN (0x8)
 *fill*         0x200075b4        0x4 
                [!provide]                        PROVIDE (end = .)
                0x200075b8                        PROVIDE (_end = .)
                0x200077b8                        . = (. + _Min_Heap_Size)
 *fill*         0x200075b8      0x200 
                0x20007bb8                        . = (. + _Min_Stack_Size)
 *fill*         0x200077b8      0x400 
                0x20007bb8                        . = ALIGN (0x8)

/DISCARD/
 libc.a(*)
 libm.a(*)
 libgcc.a(*)

.ARM.attributes
                0x00000000       0x30
 *(.ARM.attributes)
 .ARM.attributes
                0x00000000       0x22 C:/ST/STM32CubeIDE_1.14.0/STM32CubeIDE/plugins/com.st.stm32cube.ide.mcu.externaltools.gnu-tools-for-stm32.13.3.rel1.win32_1.0.0.202411081344/tools/bin/../lib/gcc/arm-none-eabi/13.3.1/thumb/v7e-m+fp/hard/crti.o
 .ARM.attributes
                0x00000022       0x34 C:/ST/STM32CubeIDE_1.14.0/STM32CubeIDE/plugins/com.st.stm32cube.ide.mcu.externaltools.gnu-tools-for-stm32.13.3.rel1.win32_1.0.0.202411081344/tools/bin/../lib/gcc/arm-none-eabi/13.3.1/thumb/v7e-m+fp/hard/crtbegin.o
 .ARM.attributes
                0x00000056       0x34 ./Core/Src/ads124s08.o
 .ARM.attributes
                0x0000008a       0x34 ./Core/Src/bus_node.o
 .ARM.attributes
                0x000000be       0x34 ./Core/Src/huart_task.o
 .ARM.attributes
                0x000000f2       0x34 ./Core/Src/main.o
 .ARM.attributes
                0x00000126       0x34 ./Core/Src/stm32f4xx_hal_msp.o
 .ARM.attributes
                0x0000015a       0x34 ./Core/Src/stm32f4xx_hal_timebase_tim.o
 .ARM.attributes
                0x0000018e       0x34 ./Core/Src/stm32f4xx_it.o
 .ARM.attributes
                0x000001c2       0x34 ./Core/Src/system_stm32f4xx.o
 .ARM.attributes
                0x000001f6       0x21 ./Core/Startup/startup_stm32f427zgtx.o
 .ARM.attributes
                0x00000217       0x34 ./Core/ThreadSafe/newlib_lock_glue.o
 .ARM.attributes
                0x0000024b       0x34 ./Drivers/STM32F4xx_HAL_Driver/Src/stm32f4xx_hal.o
 .ARM.attributes
                0x0000027f       0x34 ./Drivers/STM32F4xx_HAL_Driver/Src/stm32f4xx_hal_adc.o
 .ARM.attributes
                0x000002b3       0x34 ./Drivers/STM32F4xx_HAL_Driver/Src/stm32f4xx_hal_cortex.o
 .ARM.attributes
                0x000002e7       0x34 ./Drivers/STM32F4xx_HAL_Driver/Src/stm32f4xx_hal_dma.o
 .ARM.attributes
                0x0000031b       0x34 ./Drivers/STM32F4xx_HAL_Driver/Src/stm32f4xx_hal_gpio.o
 .ARM.attributes
                0x0000034f       0x34 ./Drivers/STM32F4xx_HAL_Driver/Src/stm32f4xx_hal_rcc.o
 .ARM.attributes
                0x00000383       0x34 ./Drivers/STM32F4xx_HAL_Driver/Src/stm32f4xx_hal_spi.o
 .ARM.attributes
                0x000003b7       0x34 ./Drivers/STM32F4xx_HAL_Driver/Src/stm32f4xx_hal_tim.o
 .ARM.attributes
                0x000003eb       0x34 ./Drivers/STM32F4xx_HAL_Driver/Src/stm32f4xx_hal_tim_ex.o
 .ARM.attributes
                0x0000041f       0x34 ./Drivers/STM32F4xx_HAL_Driver/Src/stm32f4xx_hal_uart.o
 .ARM.attributes
                0x00000453       0x34 ./Middlewares/Third_Party/FreeRTOS/Source/CMSIS_RTOS_V2/cmsis_os2.o
 .ARM.attributes
                0x00000487       0x34 ./Middlewares/Third_Party/FreeRTOS/Source/list.o
 .ARM.attributes
                0x000004bb       0x34 ./Middlewares/Third_Party/FreeRTOS/Source/queue.o
 .ARM.attributes
                0x000004ef       0x34 ./Middlewares/Third_Party/FreeRTOS/Source/tasks.o
 .ARM.attributes
                0x00000523       0x34 ./Middlewares/Third_Party/FreeRTOS/Source/timers.o
 .ARM.attributes
                0x00000557       0x34 ./Middlewares/Third_Party/FreeRTOS/Source/portable/GCC/ARM_CM4F/port.o
 .ARM.attributes
                0x0000058b       0x34 ./Middlewares/Third_Party/FreeRTOS/Source/portable/MemMang/heap_4.o
 .ARM.attributes
                0x000005bf       0x34 C:/ST/STM32CubeIDE_1.14.0/STM32CubeIDE/plugins/com.st.stm32cube.ide.mcu.externaltools.gnu-tools-for-stm32.13.3.rel1.win32_1.0.0.202411081344/tools/bin/../lib/gcc/arm-none-eabi/13.3.1/../../../../arm-none-eabi/lib/thumb/v7e-m+fp/hard\libc_nano.a(libc_a-mallocr.o)
 .ARM.attributes
                0x000005f3       0x34 C:/ST/STM32CubeIDE_1.14.0/STM32CubeIDE/plugins/com.st.stm32cube.ide.mcu.externaltools.gnu-tools-for-stm32.13.3.rel1.win32_1.0.0.202411081344/tools/bin/../lib/gcc/arm-none-eabi/13.3.1/../../../../arm-none-eabi/lib/thumb/v7e-m+fp/hard\libc_nano.a(libc_a-mlock.o)
 .ARM.attributes
                0x00000627       0x34 C:/ST/STM32CubeIDE_1.14.0/STM32CubeIDE/plugins/com.st.stm32cube.ide.mcu.externaltools.gnu-tools-for-stm32.13.3.rel1.win32_1.0.0.202411081344/tools/bin/../lib/gcc/arm-none-eabi/13.3.1/../../../../arm-none-eabi/lib/thumb/v7e-m+fp/hard\libc_nano.a(libc_a-findfp.o)
 .ARM.attributes
                0x0000065b       0x34 C:/ST/STM32CubeIDE_1.14.0/STM32CubeIDE/plugins/com.st.stm32cube.ide.mcu.externaltools.gnu-tools-for-stm32.13.3.rel1.win32_1.0.0.202411081344/tools/bin/../lib/gcc/arm-none-eabi/13.3.1/../../../../arm-none-eabi/lib/thumb/v7e-m+fp/hard\libc_nano.a(libc_a-memset.o)
 .ARM.attributes
                0x0000068f       0x34 C:/ST/STM32CubeIDE_1.14.0/STM32CubeIDE/plugins/com.st.stm32cube.ide.mcu.externaltools.gnu-tools-for-stm32.13.3.rel1.win32_1.0.0.202411081344/tools/bin/../lib/gcc/arm-none-eabi/13.3.1/../../../../arm-none-eabi/lib/thumb/v7e-m+fp/hard\libc_nano.a(libc_a-reent.o)
 .ARM.attributes
                0x000006c3       0x34 C:/ST/STM32CubeIDE_1.14.0/STM32CubeIDE/plugins/com.st.stm32cube.ide.mcu.externaltools.gnu-tools-for-stm32.13.3.rel1.win32_1.0.0.202411081344/tools/bin/../lib/gcc/arm-none-eabi/13.3.1/../../../../arm-none-eabi/lib/thumb/v7e-m+fp/hard\libc_nano.a(libc_a-impure.o)
 .ARM.attributes
                0x000006f7       0x34 C:/ST/STM32CubeIDE_1.14.0/STM32CubeIDE/plugins/com.st.stm32cube.ide.mcu.externaltools.gnu-tools-for-stm32.13.3.rel1.win32_1.0.0.202411081344/tools/bin/../lib/gcc/arm-none-eabi/13.3.1/../../../../arm-none-eabi/lib/thumb/v7e-m+fp/hard\libc_nano.a(libc_a-init.o)
 .ARM.attributes
                0x0000072b       0x34 C:/ST/STM32CubeIDE_1.14.0/STM32CubeIDE/plugins/com.st.stm32cube.ide.mcu.externaltools.gnu-tools-for-stm32.13.3.rel1.win32_1.0.0.202411081344/tools/bin/../lib/gcc/arm-none-eabi/13.3.1/../../../../arm-none-eabi/lib/thumb/v7e-m+fp/hard\libc_nano.a(libc_a-memcpy-stub.o)
 .ARM.attributes
                0x0000075f       0x17 C:/ST/STM32CubeIDE_1.14.0/STM32CubeIDE/plugins/com.st.stm32cube.ide.mcu.externaltools.gnu-tools-for-stm32.13.3.rel1.win32_1.0.0.202411081344/tools/bin/../lib/gcc/arm-none-eabi/13.3.1/../../../../arm-none-eabi/lib/thumb/v7e-m+fp/hard\libc_nano.a(libc_a-strlen.o)
 .ARM.attributes
                0x00000776       0x34 C:/ST/STM32CubeIDE_1.14.0/STM32CubeIDE/plugins/com.st.stm32cube.ide.mcu.externaltools.gnu-tools-for-stm32.13.3.rel1.win32_1.0.0.202411081344/tools/bin/../lib/gcc/arm-none-eabi/13.3.1/../../../../arm-none-eabi/lib/thumb/v7e-m+fp/hard\libc_nano.a(libc_a-freer.o)
 .ARM.attributes
                0x000007aa       0x22 C:/ST/STM32CubeIDE_1.14.0/STM32CubeIDE/plugins/com.st.stm32cube.ide.mcu.externaltools.gnu-tools-for-stm32.13.3.rel1.win32_1.0.0.202411081344/tools/bin/../lib/gcc/arm-none-eabi/13.3.1/thumb/v7e-m+fp/hard\libgcc.a(_aeabi_uldivmod.o)
 .ARM.attributes
                0x000007cc       0x34 C:/ST/STM32CubeIDE_1.14.0/STM32CubeIDE/plugins/com.st.stm32cube.ide.mcu.externaltools.gnu-tools-for-stm32.13.3.rel1.win32_1.0.0.202411081344/tools/bin/../lib/gcc/arm-none-eabi/13.3.1/thumb/v7e-m+fp/hard\libgcc.a(_udivmoddi4.o)
 .ARM.attributes
                0x00000800       0x22 C:/ST/STM32CubeIDE_1.14.0/STM32CubeIDE/plugins/com.st.stm32cube.ide.mcu.externaltools.gnu-tools-for-stm32.13.3.rel1.win32_1.0.0.202411081344/tools/bin/../lib/gcc/arm-none-eabi/13.3.1/thumb/v7e-m+fp/hard\libgcc.a(_dvmd_tls.o)
 .ARM.attributes
                0x00000822       0x22 C:/ST/STM32CubeIDE_1.14.0/STM32CubeIDE/plugins/com.st.stm32cube.ide.mcu.externaltools.gnu-tools-for-stm32.13.3.rel1.win32_1.0.0.202411081344/tools/bin/../lib/gcc/arm-none-eabi/13.3.1/thumb/v7e-m+fp/hard/crtn.o
OUTPUT(solar_schmiede-stm-adapter.elf elf32-littlearm)
LOAD linker stubs
LOAD C:/ST/STM32CubeIDE_1.14.0/STM32CubeIDE/plugins/com.st.stm32cube.ide.mcu.externaltools.gnu-tools-for-stm32.13.3.rel1.win32_1.0.0.202411081344/tools/bin/../lib/gcc/arm-none-eabi/13.3.1/../../../../arm-none-eabi/lib/thumb/v7e-m+fp/hard\libc.a
LOAD C:/ST/STM32CubeIDE_1.14.0/STM32CubeIDE/plugins/com.st.stm32cube.ide.mcu.externaltools.gnu-tools-for-stm32.13.3.rel1.win32_1.0.0.202411081344/tools/bin/../lib/gcc/arm-none-eabi/13.3.1/../../../../arm-none-eabi/lib/thumb/v7e-m+fp/hard\libm.a
LOAD C:/ST/STM32CubeIDE_1.14.0/STM32CubeIDE/plugins/com.st.stm32cube.ide.mcu.externaltools.gnu-tools-for-stm32.13.3.rel1.win32_1.0.0.202411081344/tools/bin/../lib/gcc/arm-none-eabi/13.3.1/thumb/v7e-m+fp/hard\libgcc.a

.debug_info     0x00000000    0x1ead6
 .debug_info    0x00000000      0x95a ./Core/Src/ads124s08.o
 .debug_info    0x0000095a      0xf5b ./Core/Src/bus_node.o
 .debug_info    0x000018b5      0xc09 ./Core/Src/huart_task.o
 .debug_info    0x000024be     0x23c4 ./Core/Src/main.o
 .debug_info    0x00004882     0x151e ./Core/Src/stm32f4xx_hal_msp.o
 .debug_info    0x00005da0      0xc34 ./Core/Src/stm32f4xx_hal_timebase_tim.o
 .debug_info    0x000069d4      0x7b1 ./Core/Src/stm32f4xx_it.o
 .debug_info    0x00007185      0x52e ./Core/Src/system_stm32f4xx.o
 .debug_info    0x000076b3       0x30 ./Core/Startup/startup_stm32f427zgtx.o
 .debug_info    0x000076e3      0x704 ./Core/ThreadSafe/newlib_lock_glue.o
 .debug_info    0x00007de7      0x9ae ./Drivers/STM32F4xx_HAL_Driver/Src/stm32f4xx_hal.o
 .debug_info    0x00008795      0xce3 ./Drivers/STM32F4xx_HAL_Driver/Src/stm32f4xx_hal_adc.o
 .debug_info    0x00009478      0xdb6 ./Drivers/STM32F4xx_HAL_Driver/Src/stm32f4xx_hal_cortex.o
 .debug_info    0x0000a22e      0x8e7 ./Drivers/STM32F4xx_HAL_Driver/Src/stm32f4xx_hal_dma.o
 .debug_info    0x0000ab15      0x6db ./Drivers/STM32F4xx_HAL_Driver/Src/stm32f4xx_hal_gpio.o
 .debug_info    0x0000b1f0      0x8db ./Drivers/STM32F4xx_HAL_Driver/Src/stm32f4xx_hal_rcc.o
 .debug_info    0x0000bacb     0x1525 ./Drivers/STM32F4xx_HAL_Driver/Src/stm32f4xx_hal_spi.o
 .debug_info    0x0000cff0     0x299d ./Drivers/STM32F4xx_HAL_Driver/Src/stm32f4xx_hal_tim.o
 .debug_info    0x0000f98d     0x14db ./Drivers/STM32F4xx_HAL_Driver/Src/stm32f4xx_hal_tim_ex.o
 .debug_info    0x00010e68     0x2f4f ./Drivers/STM32F4xx_HAL_Driver/Src/stm32f4xx_hal_uart.o
 .debug_info    0x00013db7     0x4133 ./Middlewares/Third_Party/FreeRTOS/Source/CMSIS_RTOS_V2/cmsis_os2.o
 .debug_info    0x00017eea      0x2af ./Middlewares/Third_Party/FreeRTOS/Source/list.o
 .debug_info    0x00018199     0x1b79 ./Middlewares/Third_Party/FreeRTOS/Source/queue.o
 .debug_info    0x00019d12     0x28c1 ./Middlewares/Third_Party/FreeRTOS/Source/tasks.o
 .debug_info    0x0001c5d3     0x1b50 ./Middlewares/Third_Party/FreeRTOS/Source/timers.o
 .debug_info    0x0001e123      0x4de ./Middlewares/Third_Party/FreeRTOS/Source/portable/GCC/ARM_CM4F/port.o
 .debug_info    0x0001e601      0x4d5 ./Middlewares/Third_Party/FreeRTOS/Source/portable/MemMang/heap_4.o

.debug_abbrev   0x00000000     0x43c0
 .debug_abbrev  0x00000000      0x1f2 ./Core/Src/ads124s08.o
 .debug_abbrev  0x000001f2      0x31b ./Core/Src/bus_node.o
 .debug_abbrev  0x0000050d      0x2b5 ./Core/Src/huart_task.o
 .debug_abbrev  0x000007c2      0x35b ./Core/Src/main.o
 .debug_abbrev  0x00000b1d      0x24c ./Core/Src/stm32f4xx_hal_msp.o
 .debug_abbrev  0x00000d69      0x1f4 ./Core/Src/stm32f4xx_hal_timebase_tim.o
 .debug_abbrev  0x00000f5d      0x1af ./Core/Src/stm32f4xx_it.o
 .debug_abbrev  0x0000110c      0x11a ./Core/Src/system_stm32f4xx.o
 .debug_abbrev  0x00001226       0x24 ./Core/Startup/startup_stm32f427zgtx.o
 .debug_abbrev  0x0000124a      0x2af ./Core/ThreadSafe/newlib_lock_glue.o
 .debug_abbrev  0x000014f9      0x214 ./Drivers/STM32F4xx_HAL_Driver/Src/stm32f4xx_hal.o
 .debug_abbrev  0x0000170d      0x252 ./Drivers/STM32F4xx_HAL_Driver/Src/stm32f4xx_hal_adc.o
 .debug_abbrev  0x0000195f      0x31d ./Drivers/STM32F4xx_HAL_Driver/Src/stm32f4xx_hal_cortex.o
 .debug_abbrev  0x00001c7c      0x264 ./Drivers/STM32F4xx_HAL_Driver/Src/stm32f4xx_hal_dma.o
 .debug_abbrev  0x00001ee0      0x1d4 ./Drivers/STM32F4xx_HAL_Driver/Src/stm32f4xx_hal_gpio.o
 .debug_abbrev  0x000020b4      0x2b7 ./Drivers/STM32F4xx_HAL_Driver/Src/stm32f4xx_hal_rcc.o
 .debug_abbrev  0x0000236b      0x27a ./Drivers/STM32F4xx_HAL_Driver/Src/stm32f4xx_hal_spi.o
 .debug_abbrev  0x000025e5      0x278 ./Drivers/STM32F4xx_HAL_Driver/Src/stm32f4xx_hal_tim.o
 .debug_abbrev  0x0000285d      0x283 ./Drivers/STM32F4xx_HAL_Driver/Src/stm32f4xx_hal_tim_ex.o
 .debug_abbrev  0x00002ae0      0x30e ./Drivers/STM32F4xx_HAL_Driver/Src/stm32f4xx_hal_uart.o
 .debug_abbrev  0x00002dee      0x548 ./Middlewares/Third_Party/FreeRTOS/Source/CMSIS_RTOS_V2/cmsis_os2.o
 .debug_abbrev  0x00003336       0xf5 ./Middlewares/Third_Party/FreeRTOS/Source/list.o
 .debug_abbrev  0x0000342b      0x3b6 ./Middlewares/Third_Party/FreeRTOS/Source/queue.o
 .debug_abbrev  0x000037e1      0x3fe ./Middlewares/Third_Party/FreeRTOS/Source/tasks.o
 .debug_abbrev  0x00003bdf      0x368 ./Middlewares/Third_Party/FreeRTOS/Source/timers.o
 .debug_abbrev  0x00003f47      0x25c ./Middlewares/Third_Party/FreeRTOS/Source/portable/GCC/ARM_CM4F/port.o
 .debug_abbrev  0x000041a3      0x21d ./Middlewares/Third_Party/FreeRTOS/Source/portable/MemMang/heap_4.o

.debug_aranges  0x00000000     0x19a8
 .debug_aranges
                0x00000000       0x58 ./Core/Src/ads124s08.o
 .debug_aranges
                0x00000058       0x68 ./Core/Src/bus_node.o
 .debug_aranges
                0x000000c0       0x48 ./Core/Src/huart_task.o
 .debug_aranges
                0x00000108       0xe8 ./Core/Src/main.o
 .debug_aranges
                0x000001f0       0x50 ./Core/Src/stm32f4xx_hal_msp.o
 .debug_aranges
                0x00000240       0x30 ./Core/Src/stm32f4xx_hal_timebase_tim.o
 .debug_aranges
                0x00000270       0x98 ./Core/Src/stm32f4xx_it.o
 .debug_aranges
                0x00000308       0x28 ./Core/Src/system_stm32f4xx.o
 .debug_aranges
                0x00000330       0x28 ./Core/Startup/startup_stm32f427zgtx.o
 .debug_aranges
                0x00000358       0xa0 ./Core/ThreadSafe/newlib_lock_glue.o
 .debug_aranges
                0x000003f8      0x100 ./Drivers/STM32F4xx_HAL_Driver/Src/stm32f4xx_hal.o
 .debug_aranges
                0x000004f8       0xe8 ./Drivers/STM32F4xx_HAL_Driver/Src/stm32f4xx_hal_adc.o
 .debug_aranges
                0x000005e0      0x130 ./Drivers/STM32F4xx_HAL_Driver/Src/stm32f4xx_hal_cortex.o
 .debug_aranges
                0x00000710       0x90 ./Drivers/STM32F4xx_HAL_Driver/Src/stm32f4xx_hal_dma.o
 .debug_aranges
                0x000007a0       0x58 ./Drivers/STM32F4xx_HAL_Driver/Src/stm32f4xx_hal_gpio.o
 .debug_aranges
                0x000007f8       0x88 ./Drivers/STM32F4xx_HAL_Driver/Src/stm32f4xx_hal_rcc.o
 .debug_aranges
                0x00000880      0x1d0 ./Drivers/STM32F4xx_HAL_Driver/Src/stm32f4xx_hal_spi.o
 .debug_aranges
                0x00000a50      0x3d0 ./Drivers/STM32F4xx_HAL_Driver/Src/stm32f4xx_hal_tim.o
 .debug_aranges
                0x00000e20      0x168 ./Drivers/STM32F4xx_HAL_Driver/Src/stm32f4xx_hal_tim_ex.o
 .debug_aranges
                0x00000f88      0x208 ./Drivers/STM32F4xx_HAL_Driver/Src/stm32f4xx_hal_uart.o
 .debug_aranges
                0x00001190      0x2b0 ./Middlewares/Third_Party/FreeRTOS/Source/CMSIS_RTOS_V2/cmsis_os2.o
 .debug_aranges
                0x00001440       0x40 ./Middlewares/Third_Party/FreeRTOS/Source/list.o
 .debug_aranges
                0x00001480      0x158 ./Middlewares/Third_Party/FreeRTOS/Source/queue.o
 .debug_aranges
                0x000015d8      0x208 ./Middlewares/Third_Party/FreeRTOS/Source/tasks.o
 .debug_aranges
                0x000017e0       0xf0 ./Middlewares/Third_Party/FreeRTOS/Source/timers.o
 .debug_aranges
                0x000018d0       0x80 ./Middlewares/Third_Party/FreeRTOS/Source/portable/GCC/ARM_CM4F/port.o
 .debug_aranges
                0x00001950       0x58 ./Middlewares/Third_Party/FreeRTOS/Source/portable/MemMang/heap_4.o

.debug_rnglists
                0x00000000     0x1400
 .debug_rnglists
                0x00000000       0x40 ./Core/Src/ads124s08.o
 .debug_rnglists