Archive member included to satisfy reference by file (symbol)

C:/ST/STM32CubeIDE_1.14.0/STM32CubeIDE/plugins/com.st.stm32cube.ide.mcu.externaltools.gnu-tools-for-stm32.13.3.rel1.win32_1.0.0.202411081344/tools/bin/../lib/gcc/arm-none-eabi/13.3.1/../../../../arm-none-eabi/lib/thumb/v7e-m+fp/hard\libc_nano.a(libc_a-exit.o)
                              C:/ST/STM32CubeIDE_1.14.0/STM32CubeIDE/plugins/com.st.stm32cube.ide.mcu.externaltools.gnu-tools-for-stm32.13.3.rel1.win32_1.0.0.202411081344/tools/bin/../lib/gcc/arm-none-eabi/13.3.1/../../../../arm-none-eabi/lib/thumb/v7e-m+fp/hard/crt0.o (exit)
C:/ST/STM32CubeIDE_1.14.0/STM32CubeIDE/plugins/com.st.stm32cube.ide.mcu.externaltools.gnu-tools-for-stm32.13.3.rel1.win32_1.0.0.202411081344/tools/bin/../lib/gcc/arm-none-eabi/13.3.1/../../../../arm-none-eabi/lib/thumb/v7e-m+fp/hard\libc_nano.a(libc_a-malloc.o)
                              ./Core/ThreadSafe/newlib_lock_glue.o (malloc)
C:/ST/STM32CubeIDE_1.14.0/STM32CubeIDE/plugins/com.st.stm32cube.ide.mcu.externaltools.gnu-tools-for-stm32.13.3.rel1.win32_1.0.0.202411081344/tools/bin/../lib/gcc/arm-none-eabi/13.3.1/../../../../arm-none-eabi/lib/thumb/v7e-m+fp/hard\libc_nano.a(libc_a-mallocr.o)
                              C:/ST/STM32CubeIDE_1.14.0/STM32CubeIDE/plugins/com.st.stm32cube.ide.mcu.externaltools.gnu-tools-for-stm32.13.3.rel1.win32_1.0.0.202411081344/tools/bin/../lib/gcc/arm-none-eabi/13.3.1/../../../../arm-none-eabi/lib/thumb/v7e-m+fp/hard\libc_nano.a(libc_a-malloc.o) (_malloc_r)
C:/ST/STM32CubeIDE_1.14.0/STM32CubeIDE/plugins/com.st.stm32cube.ide.mcu.externaltools.gnu-tools-for-stm32.13.3.rel1.win32_1.0.0.202411081344/tools/bin/../lib/gcc/arm-none-eabi/13.3.1/../../../../arm-none-eabi/lib/thumb/v7e-m+fp/hard\libc_nano.a(libc_a-mlock.o)
                              C:/ST/STM32CubeIDE_1.14.0/STM32CubeIDE/plugins/com.st.stm32cube.ide.mcu.externaltools.gnu-tools-for-stm32.13.3.rel1.win32_1.0.0.202411081344/tools/bin/../lib/gcc/arm-none-eabi/13.3.1/../../../../arm-none-eabi/lib/thumb/v7e-m+fp/hard\libc_nano.a(libc_a-mallocr.o) (__malloc_lock)
C:/ST/STM32CubeIDE_1.14.0/STM32CubeIDE/plugins/com.st.stm32cube.ide.mcu.externaltools.gnu-tools-for-stm32.13.3.rel1.win32_1.0.0.202411081344/tools/bin/../lib/gcc/arm-none-eabi/13.3.1/../../../../arm-none-eabi/lib/thumb/v7e-m+fp/hard\libc_nano.a(libc_a-findfp.o)
                              ./Middlewares/Third_Party/FreeRTOS/Source/tasks.o (__sf)
C:/ST/STM32CubeIDE_1.14.0/STM32CubeIDE/plugins/com.st.stm32cube.ide.mcu.externaltools.gnu-tools-for-stm32.13.3.rel1.win32_1.0.0.202411081344/tools/bin/../lib/gcc/arm-none-eabi/13.3.1/../../../../arm-none-eabi/lib/thumb/v7e-m+fp/hard\libc_nano.a(libc_a-fwalk.o)
                              C:/ST/STM32CubeIDE_1.14.0/STM32CubeIDE/plugins/com.st.stm32cube.ide.mcu.externaltools.gnu-tools-for-stm32.13.3.rel1.win32_1.0.0.202411081344/tools/bin/../lib/gcc/arm-none-eabi/13.3.1/../../../../arm-none-eabi/lib/thumb/v7e-m+fp/hard\libc_nano.a(libc_a-findfp.o) (_fwalk_sglue)
C:/ST/STM32CubeIDE_1.14.0/STM32CubeIDE/plugins/com.st.stm32cube.ide.mcu.externaltools.gnu-tools-for-stm32.13.3.rel1.win32_1.0.0.202411081344/tools/bin/../lib/gcc/arm-none-eabi/13.3.1/../../../../arm-none-eabi/lib/thumb/v7e-m+fp/hard\libc_nano.a(libc_a-stdio.o)
                              C:/ST/STM32CubeIDE_1.14.0/STM32CubeIDE/plugins/com.st.stm32cube.ide.mcu.externaltools.gnu-tools-for-stm32.13.3.rel1.win32_1.0.0.202411081344/tools/bin/../lib/gcc/arm-none-eabi/13.3.1/../../../../arm-none-eabi/lib/thumb/v7e-m+fp/hard\libc_nano.a(libc_a-findfp.o) (__sread)
C:/ST/STM32CubeIDE_1.14.0/STM32CubeIDE/plugins/com.st.stm32cube.ide.mcu.externaltools.gnu-tools-for-stm32.13.3.rel1.win32_1.0.0.202411081344/tools/bin/../lib/gcc/arm-none-eabi/13.3.1/../../../../arm-none-eabi/lib/thumb/v7e-m+fp/hard\libc_nano.a(libc_a-memset.o)
                              C:/ST/STM32CubeIDE_1.14.0/STM32CubeIDE/plugins/com.st.stm32cube.ide.mcu.externaltools.gnu-tools-for-stm32.13.3.rel1.win32_1.0.0.202411081344/tools/bin/../lib/gcc/arm-none-eabi/13.3.1/../../../../arm-none-eabi/lib/thumb/v7e-m+fp/hard/crt0.o (memset)
C:/ST/STM32CubeIDE_1.14.0/STM32CubeIDE/plugins/com.st.stm32cube.ide.mcu.externaltools.gnu-tools-for-stm32.13.3.rel1.win32_1.0.0.202411081344/tools/bin/../lib/gcc/arm-none-eabi/13.3.1/../../../../arm-none-eabi/lib/thumb/v7e-m+fp/hard\libc_nano.a(libc_a-closer.o)
                              C:/ST/STM32CubeIDE_1.14.0/STM32CubeIDE/plugins/com.st.stm32cube.ide.mcu.externaltools.gnu-tools-for-stm32.13.3.rel1.win32_1.0.0.202411081344/tools/bin/../lib/gcc/arm-none-eabi/13.3.1/../../../../arm-none-eabi/lib/thumb/v7e-m+fp/hard\libc_nano.a(libc_a-stdio.o) (_close_r)
C:/ST/STM32CubeIDE_1.14.0/STM32CubeIDE/plugins/com.st.stm32cube.ide.mcu.externaltools.gnu-tools-for-stm32.13.3.rel1.win32_1.0.0.202411081344/tools/bin/../lib/gcc/arm-none-eabi/13.3.1/../../../../arm-none-eabi/lib/thumb/v7e-m+fp/hard\libc_nano.a(libc_a-reent.o)
[...]
Memory Configuration

Name             Origin             Length             Attributes
CCMRAM           0x10000000         0x00010000         xrw
RAM              0x20000000         0x00030000         xrw
FLASH            0x08000000         0x00100000         xr
*default*        0x00000000         0xffffffff

Linker script and memory map

LOAD C:/ST/STM32CubeIDE_1.14.0/STM32CubeIDE/plugins/com.st.stm32cube.ide.mcu.externaltools.gnu-tools-for-stm32.13.3.rel1.win32_1.0.0.202411081344/tools/bin/../lib/gcc/arm-none-eabi/13.3.1/thumb/v7e-m+fp/hard/crti.o
LOAD C:/ST/STM32CubeIDE_1.14.0/STM32CubeIDE/plugins/com.st.stm32cube.ide.mcu.externaltools.gnu-tools-for-stm32.13.3.rel1.win32_1.0.0.202411081344/tools/bin/../lib/gcc/arm-none-eabi/13.3.1/thumb/v7e-m+fp/hard/crtbegin.o
LOAD C:/ST/STM32CubeIDE_1.14.0/STM32CubeIDE/plugins/com.st.stm32cube.ide.mcu.externaltools.gnu-tools-for-stm32.13.3.rel1.win32_1.0.0.202411081344/tools/bin/../lib/gcc/arm-none-eabi/13.3.1/../../../../arm-none-eabi/lib/thumb/v7e-m+fp/hard/crt0.o
LOAD ./Core/Src/ads124s08.o
LOAD ./Core/Src/bus_node.o
LOAD ./Core/Src/bus_node_legacy.o
LOAD ./Core/Src/freertos.o
LOAD ./Core/Src/huart_task.o
LOAD ./Core/Src/main.o
LOAD ./Core/Src/stm32f4xx_hal_msp.o
LOAD ./Core/Src/stm32f4xx_hal_timebase_tim.o
LOAD ./Core/Src/stm32f4xx_it.o
LOAD ./Core/Src/syscalls.o
LOAD ./Core/Src/sysmem.o
LOAD ./Core/Src/system_stm32f4xx.o
LOAD ./Core/Startup/startup_stm32f427zgtx.o
LOAD ./Core/ThreadSafe/newlib_lock_glue.o
LOAD ./Drivers/STM32F4xx_HAL_Driver/Src/stm32f4xx_hal.o
LOAD ./Drivers/STM32F4xx_HAL_Driver/Src/stm32f4xx_hal_adc.o
LOAD ./Drivers/STM32F4xx_HAL_Driver/Src/stm32f4xx_hal_adc_ex.o
LOAD ./Drivers/STM32F4xx_HAL_Driver/Src/stm32f4xx_hal_cortex.o
LOAD ./Drivers/STM32F4xx_HAL_Driver/Src/stm32f4xx_hal_dma.o
LOAD ./Drivers/STM32F4xx_HAL_Driver/Src/stm32f4xx_hal_dma_ex.o
LOAD ./Drivers/STM32F4xx_HAL_Driver/Src/stm32f4xx_hal_exti.o
LOAD ./Drivers/STM32F4xx_HAL_Driver/Src/stm32f4xx_hal_flash.o
LOAD ./Drivers/STM32F4xx_HAL_Driver/Src/stm32f4xx_hal_flash_ex.o
LOAD ./Drivers/STM32F4xx_HAL_Driver/Src/stm32f4xx_hal_flash_ramfunc.o
LOAD ./Drivers/STM32F4xx_HAL_Driver/Src/stm32f4xx_hal_gpio.o
LOAD ./Drivers/STM32F4xx_HAL_Driver/Src/stm32f4xx_hal_pwr.o
LOAD ./Drivers/STM32F4xx_HAL_Driver/Src/stm32f4xx_hal_pwr_ex.o
LOAD ./Drivers/STM32F4xx_HAL_Driver/Src/stm32f4xx_hal_rcc.o
LOAD ./Drivers/STM32F4xx_HAL_Driver/Src/stm32f4xx_hal_rcc_ex.o
LOAD ./Drivers/STM32F4xx_HAL_Driver/Src/stm32f4xx_hal_spi.o
LOAD ./Drivers/STM32F4xx_HAL_Driver/Src/stm32f4xx_hal_tim.o
LOAD ./Drivers/STM32F4xx_HAL_Driver/Src/stm32f4xx_hal_tim_ex.o
LOAD ./Drivers/STM32F4xx_HAL_Driver/Src/stm32f4xx_hal_uart.o
LOAD ./Drivers/STM32F4xx_HAL_Driver/Src/stm32f4xx_ll_adc.o
LOAD ./Middlewares/Third_Party/FreeRTOS/Source/CMSIS_RTOS_V2/cmsis_os2.o
LOAD ./Middlewares/Third_Party/FreeRTOS/Source/croutine.o
LOAD ./Middlewares/Third_Party/FreeRTOS/Source/event_groups.o
LOAD ./Middlewares/Third_Party/FreeRTOS/Source/list.o
LOAD ./Middlewares/Third_Party/FreeRTOS/Source/queue.o
LOAD ./Middlewares/Third_Party/FreeRTOS/Source/stream_buffer.o
LOAD ./Middlewares/Third_Party/FreeRTOS/Source/tasks.o
LOAD ./Middlewares/Third_Party/FreeRTOS/Source/timers.o
LOAD ./Middlewares/Third_Party/FreeRTOS/Source/portable/GCC/ARM_CM4F/port.o
LOAD ./Middlewares/Third_Party/FreeRTOS/Source/portable/MemMang/heap_4.o
START GROUP
LOAD C:/ST/STM32CubeIDE_1.14.0/STM32CubeIDE/plugins/com.st.stm32cube.ide.mcu.externaltools.gnu-tools-for-stm32.13.3.rel1.win32_1.0.0.202411081344/tools/bin/../lib/gcc/arm-none-eabi/13.3.1/../../../../arm-none-eabi/lib/thumb/v7e-m+fp/hard\libc_nano.a
LOAD C:/ST/STM32CubeIDE_1.14.0/STM32CubeIDE/plugins/com.st.stm32cube.ide.mcu.externaltools.gnu-tools-for-stm32.13.3.rel1.win32_1.0.0.202411081344/tools/bin/../lib/gcc/arm-none-eabi/13.3.1/../../../../arm-none-eabi/lib/thumb/v7e-m+fp/hard\libm.a
END GROUP
START GROUP
LOAD C:/ST/STM32CubeIDE_1.14.0/STM32CubeIDE/plugins/com.st.stm32cube.ide.mcu.externaltools.gnu-tools-for-stm32.13.3.rel1.win32_1.0.0.202411081344/tools/bin/../lib/gcc/arm-none-eabi/13.3.1/thumb/v7e-m+fp/hard\libgcc.a
LOAD C:/ST/STM32CubeIDE_1.14.0/STM32CubeIDE/plugins/com.st.stm32cube.ide.mcu.externaltools.gnu-tools-for-stm32.13.3.rel1.win32_1.0.0.202411081344/tools/bin/../lib/gcc/arm-none-eabi/13.3.1/../../../../arm-none-eabi/lib/thumb/v7e-m+fp/hard\libc_nano.a
END GROUP
START GROUP
LOAD C:/ST/STM32CubeIDE_1.14.0/STM32CubeIDE/plugins/com.st.stm32cube.ide.mcu.externaltools.gnu-tools-for-stm32.13.3.rel1.win32_1.0.0.202411081344/tools/bin/../lib/gcc/arm-none-eabi/13.3.1/thumb/v7e-m+fp/hard\libgcc.a
LOAD C:/ST/STM32CubeIDE_1.14.0/STM32CubeIDE/plugins/com.st.stm32cube.ide.mcu.externaltools.gnu-tools-for-stm32.13.3.rel1.win32_1.0.0.202411081344/tools/bin/../lib/gcc/arm-none-eabi/13.3.1/../../../../arm-none-eabi/lib/thumb/v7e-m+fp/hard\libc_nano.a
LOAD C:/ST/STM32CubeIDE_1.14.0/STM32CubeIDE/plugins/com.st.stm32cube.ide.mcu.externaltools.gnu-tools-for-stm32.13.3.rel1.win32_1.0.0.202411081344/tools/bin/../lib/gcc/arm-none-eabi/13.3.1/../../../../arm-none-eabi/lib/thumb/v7e-m+fp/hard\libnosys.a
END GROUP
START GROUP
LOAD C:/ST/STM32CubeIDE_1.14.0/STM32CubeIDE/plugins/com.st.stm32cube.ide.mcu.externaltools.gnu-tools-for-stm32.13.3.rel1.win32_1.0.0.202411081344/tools/bin/../lib/gcc/arm-none-eabi/13.3.1/thumb/v7e-m+fp/hard\libgcc.a
LOAD C:/ST/STM32CubeIDE_1.14.0/STM32CubeIDE/plugins/com.st.stm32cube.ide.mcu.externaltools.gnu-tools-for-stm32.13.3.rel1.win32_1.0.0.202411081344/tools/bin/../lib/gcc/arm-none-eabi/13.3.1/../../../../arm-none-eabi/lib/thumb/v7e-m+fp/hard\libc_nano.a
LOAD C:/ST/STM32CubeIDE_1.14.0/STM32CubeIDE/plugins/com.st.stm32cube.ide.mcu.externaltools.gnu-tools-for-stm32.13.3.rel1.win32_1.0.0.202411081344/tools/bin/../lib/gcc/arm-none-eabi/13.3.1/../../../../arm-none-eabi/lib/thumb/v7e-m+fp/hard\libnosys.a
END GROUP
LOAD C:/ST/STM32CubeIDE_1.14.0/STM32CubeIDE/plugins/com.st.stm32cube.ide.mcu.externaltools.gnu-tools-for-stm32.13.3.rel1.win32_1.0.0.202411081344/tools/bin/../lib/gcc/arm-none-eabi/13.3.1/thumb/v7e-m+fp/hard/crtend.o
LOAD C:/ST/STM32CubeIDE_1.14.0/STM32CubeIDE/plugins/com.st.stm32cube.ide.mcu.externaltools.gnu-tools-for-stm32.13.3.rel1.win32_1.0.0.202411081344/tools/bin/../lib/gcc/arm-none-eabi/13.3.1/thumb/v7e-m+fp/hard/crtn.o
                0x20030000                        _estack = (ORIGIN (RAM) + LENGTH (RAM))
                0x00000200                        _Min_Heap_Size = 0x200
                0x00000400                        _Min_Stack_Size = 0x400

.isr_vector     0x08000000      0x1ac
                0x08000000                        . = ALIGN (0x4)
 *(.isr_vector)
 .isr_vector    0x08000000      0x1ac ./Core/Startup/startup_stm32f427zgtx.o
                0x08000000                g_pfnVectors
                0x080001ac                        . = ALIGN (0x4)

.text           0x080001b0     0xaccc
                0x080001b0                        . = ALIGN (0x4)
 *(.text)
 .text          0x080001b0       0x40 C:/ST/STM32CubeIDE_1.14.0/STM32CubeIDE/plugins/com.st.stm32cube.ide.mcu.externaltools.gnu-tools-for-stm32.13.3.rel1.win32_1.0.0.202411081344/tools/bin/../lib/gcc/arm-none-eabi/13.3.1/thumb/v7e-m+fp/hard/crtbegin.o
 .text          0x080001f0       0x10 C:/ST/STM32CubeIDE_1.14.0/STM32CubeIDE/plugins/com.st.stm32cube.ide.mcu.externaltools.gnu-tools-for-stm32.13.3.rel1.win32_1.0.0.202411081344/tools/bin/../lib/gcc/arm-none-eabi/13.3.1/../../../../arm-none-eabi/lib/thumb/v7e-m+fp/hard\libc_nano.a(libc_a-strlen.o)
                0x080001f0                strlen
 .text          0x08000200       0x30 C:/ST/STM32CubeIDE_1.14.0/STM32CubeIDE/plugins/com.st.stm32cube.ide.mcu.externaltools.gnu-tools-for-stm32.13.3.rel1.win32_1.0.0.202411081344/tools/bin/../lib/gcc/arm-none-eabi/13.3.1/thumb/v7e-m+fp/hard\libgcc.a(_aeabi_uldivmod.o)
                0x08000200                __aeabi_uldivmod
 .text          0x08000230      0x2f8 C:/ST/STM32CubeIDE_1.14.0/STM32CubeIDE/plugins/com.st.stm32cube.ide.mcu.externaltools.gnu-tools-for-stm32.13.3.rel1.win32_1.0.0.202411081344/tools/bin/../lib/gcc/arm-none-eabi/13.3.1/thumb/v7e-m+fp/hard\libgcc.a(_udivmoddi4.o)
                0x08000230                __udivmoddi4
 .text          0x08000528        0x4 C:/ST/STM32CubeIDE_1.14.0/STM32CubeIDE/plugins/com.st.stm32cube.ide.mcu.externaltools.gnu-tools-for-stm32.13.3.rel1.win32_1.0.0.202411081344/tools/bin/../lib/gcc/arm-none-eabi/13.3.1/thumb/v7e-m+fp/hard\libgcc.a(_dvmd_tls.o)
                0x08000528                __aeabi_idiv0
                0x08000528                __aeabi_ldiv0
 *(.text*)
 .text.ADS124S08_Init
                0x0800052c       0x62 ./Core/Src/ads124s08.o
                0x0800052c                ADS124S08_Init
 .text.ADS124S08_Reset
                0x0800058e       0x58 ./Core/Src/ads124s08.o
                0x0800058e                ADS124S08_Reset
 .text.ADS124S08_StartConversion
                0x080005e6       0x52 ./Core/Src/ads124s08.o
                0x080005e6                ADS124S08_StartConversion
 .text.ADS124S08_WriteRegister
                0x08000638       0x70 ./Core/Src/ads124s08.o
                0x08000638                ADS124S08_WriteRegister
 .text.ADS124S08_SetInputChannel
                0x080006a8       0x88 ./Core/Src/ads124s08.o
                0x080006a8                ADS124S08_SetInputChannel
 .text.ADS124S08_ReadData
                0x08000730       0x80 ./Core/Src/ads124s08.o
                0x08000730                ADS124S08_ReadData
 .text.getWaitTime
                0x080007b0       0x1e ./Core/Src/bus_node.o
 *fill*         0x080007ce        0x2 
 .text.handleADCDataRequest
                0x080007d0       0xe4 ./Core/Src/bus_node.o
 .text.handleExternalADCDataRequest
                0x080008b4       0xc4 ./Core/Src/bus_node.o
 .text.handleSayHiRequest
                0x08000978       0xe4 ./Core/Src/bus_node.o
 .text.handleUARTDataRequest
                0x08000a5c      0x258 ./Core/Src/bus_node.o
 .text.detect_downstream
                0x08000cb4      0x270 ./Core/Src/bus_node.o
 .text.BusNode_Init
                0x08000f24       0x4c ./Core/Src/bus_node.o
                0x08000f24                BusNode_Init
 .text.forward_packet
                0x08000f70      0x158 ./Core/Src/bus_node.o
 .text.BusNode_RunLoop
                0x080010c8      0x3f4 ./Core/Src/bus_node.o
                0x080010c8                BusNode_RunLoop
 .text.mbus_buffer_push
                0x080014bc       0x9c ./Core/Src/huart_task.o
 .text.mbus_find_packet
                0x08001558      0x106 ./Core/Src/huart_task.o
 .text.mbus_buffer_pop
                0x0800165e       0x56 ./Core/Src/huart_task.o
 .text.mbus_extract_packet
                0x080016b4       0x90 ./Core/Src/huart_task.o
 .text.HAL_UART_RxCpltCallback
                0x08001744       0xc4 ./Core/Src/huart_task.o
                0x08001744                HAL_UART_RxCpltCallback
 .text.huartTaskEntry
                0x08001808      0x188 ./Core/Src/huart_task.o
                0x08001808                huartTaskEntry
 .text.HAL_ADC_ConvCpltCallback
                0x08001990       0x20 ./Core/Src/main.o
                0x08001990                HAL_ADC_ConvCpltCallback
 .text.main     0x080019b0      0x128 ./Core/Src/main.o
                0x080019b0                main
 .text.SystemClock_Config
                0x08001ad8       0xd8 ./Core/Src/main.o
                0x08001ad8                SystemClock_Config
 .text.MX_ADC1_Init
                0x08001bb0      0x1d8 ./Core/Src/main.o
 .text.MX_SPI1_Init
                0x08001d88       0x64 ./Core/Src/main.o
 .text.MX_SPI2_Init
                0x08001dec       0x6c ./Core/Src/main.o
 .text.MX_SPI3_Init
                0x08001e58       0x64 ./Core/Src/main.o
 .text.MX_SPI4_Init
                0x08001ebc       0x6c ./Core/Src/main.o
 .text.MX_SPI5_Init
                0x08001f28       0x6c ./Core/Src/main.o
 .text.MX_UART4_Init
                0x08001f94       0x54 ./Core/Src/main.o
 .text.MX_UART5_Init
                0x08001fe8       0x54 ./Core/Src/main.o
 .text.MX_UART7_Init
                0x0800203c       0x54 ./Core/Src/main.o
 .text.MX_UART8_Init
                0x08002090       0x54 ./Core/Src/main.o
 .text.MX_USART1_UART_Init
                0x080020e4       0x54 ./Core/Src/main.o
 .text.MX_USART2_UART_Init
                0x08002138       0x54 ./Core/Src/main.o
 .text.MX_USART3_UART_Init
                0x0800218c       0x54 ./Core/Src/main.o
 .text.MX_USART6_UART_Init
                0x080021e0       0x54 ./Core/Src/main.o
 .text.MX_DMA_Init
                0x08002234       0xdc ./Core/Src/main.o
 .text.MX_GPIO_Init
                0x08002310      0x234 ./Core/Src/main.o
 .text.StartDefaultTask
                0x08002544       0x12 ./Core/Src/main.o
                0x08002544                StartDefaultTask
 *fill*         0x08002556        0x2 
 .text.logTaskEntry
                0x08002558       0x2c ./Core/Src/main.o
                0x08002558                logTaskEntry
 .text.adcReadTaskEntry
                0x08002584       0xb4 ./Core/Src/main.o
                0x08002584                adcReadTaskEntry
 .text.adsTaskEntry
                0x08002638       0xac ./Core/Src/main.o
                0x08002638                adsTaskEntry
 .text.HAL_TIM_PeriodElapsedCallback
                0x080026e4       0x24 ./Core/Src/main.o
                0x080026e4                HAL_TIM_PeriodElapsedCallback
 .text.Error_Handler
                0x08002708        0xc ./Core/Src/main.o
                0x08002708                Error_Handler
 .text.HAL_MspInit
                0x08002714       0x58 ./Core/Src/stm32f4xx_hal_msp.o
                0x08002714                HAL_MspInit
 .text.HAL_ADC_MspInit
                0x0800276c      0x160 ./Core/Src/stm32f4xx_hal_msp.o
                0x0800276c                HAL_ADC_MspInit
 .text.HAL_SPI_MspInit
                0x080028cc      0x27c ./Core/Src/stm32f4xx_hal_msp.o
                0x080028cc                HAL_SPI_MspInit
 .text.HAL_UART_MspInit
                0x08002b48      0x6f0 ./Core/Src/stm32f4xx_hal_msp.o
                0x08002b48                HAL_UART_MspInit
 .text.HAL_InitTick
                0x08003238       0xf8 ./Core/Src/stm32f4xx_hal_timebase_tim.o
                0x08003238                HAL_InitTick
 .text.NMI_Handler
                0x08003330        0xc ./Core/Src/stm32f4xx_it.o
                0x08003330                NMI_Handler
 .text.HardFault_Handler
                0x0800333c        0x8 ./Core/Src/stm32f4xx_it.o
                0x0800333c                HardFault_Handler
 .text.MemManage_Handler
                0x08003344        0x8 ./Core/Src/stm32f4xx_it.o
                0x08003344                MemManage_Handler
 .text.BusFault_Handler
                0x0800334c        0x8 ./Core/Src/stm32f4xx_it.o
                0x0800334c                BusFault_Handler
 .text.UsageFault_Handler
                0x08003354        0x8 ./Core/Src/stm32f4xx_it.o
                0x08003354                UsageFault_Handler
 .text.DebugMon_Handler
                0x0800335c        0xe ./Core/Src/stm32f4xx_it.o
                0x0800335c                DebugMon_Handler
 *fill*         0x0800336a        0x2 
 .text.DMA1_Stream0_IRQHandler
                0x0800336c       0x14 ./Core/Src/stm32f4xx_it.o
                0x0800336c                DMA1_Stream0_IRQHandler
 .text.DMA1_Stream1_IRQHandler
                0x08003380       0x14 ./Core/Src/stm32f4xx_it.o
                0x08003380                DMA1_Stream1_IRQHandler
 .text.DMA1_Stream2_IRQHandler
                0x08003394       0x14 ./Core/Src/stm32f4xx_it.o
                0x08003394                DMA1_Stream2_IRQHandler
 .text.DMA1_Stream3_IRQHandler
                0x080033a8       0x14 ./Core/Src/stm32f4xx_it.o
                0x080033a8                DMA1_Stream3_IRQHandler
 .text.DMA1_Stream5_IRQHandler
                0x080033bc       0x14 ./Core/Src/stm32f4xx_it.o
                0x080033bc                DMA1_Stream5_IRQHandler
 .text.DMA1_Stream6_IRQHandler
                0x080033d0       0x14 ./Core/Src/stm32f4xx_it.o
                0x080033d0                DMA1_Stream6_IRQHandler
 .text.TIM6_DAC_IRQHandler
                0x080033e4       0x14 ./Core/Src/stm32f4xx_it.o
                0x080033e4                TIM6_DAC_IRQHandler
 .text.DMA2_Stream0_IRQHandler
                0x080033f8       0x14 ./Core/Src/stm32f4xx_it.o
                0x080033f8                DMA2_Stream0_IRQHandler
 .text.DMA2_Stream1_IRQHandler
                0x0800340c       0x14 ./Core/Src/stm32f4xx_it.o
                0x0800340c                DMA2_Stream1_IRQHandler
 .text.DMA2_Stream2_IRQHandler
                0x08003420       0x14 ./Core/Src/stm32f4xx_it.o
                0x08003420                DMA2_Stream2_IRQHandler
 .text.SystemInit
                0x08003434       0x24 ./Core/Src/system_stm32f4xx.o
                0x08003434                SystemInit
 .text.Reset_Handler
                0x08003458       0x50 ./Core/Startup/startup_stm32f427zgtx.o
                0x08003458                Reset_Handler
 .text.Default_Handler
                0x080034a8        0x2 ./Core/Startup/startup_stm32f427zgtx.o
                0x080034a8                RTC_Alarm_IRQHandler
                0x080034a8                HASH_RNG_IRQHandler
                0x080034a8                EXTI2_IRQHandler
                0x080034a8                TIM8_CC_IRQHandler
                0x080034a8                UART8_IRQHandler
                0x080034a8                SPI4_IRQHandler
                0x080034a8                TIM1_CC_IRQHandler
                0x080034a8                DMA2_Stream5_IRQHandler
                0x080034a8                PVD_IRQHandler
                0x080034a8                SDIO_IRQHandler
                0x080034a8                TAMP_STAMP_IRQHandler
                0x080034a8                CAN2_RX1_IRQHandler
                0x080034a8                EXTI3_IRQHandler
                0x080034a8                TIM8_TRG_COM_TIM14_IRQHandler
                0x080034a8                TIM1_UP_TIM10_IRQHandler
                0x080034a8                TIM8_UP_TIM13_IRQHandler
                0x080034a8                I2C3_ER_IRQHandler
                0x080034a8                EXTI0_IRQHandler
                0x080034a8                I2C2_EV_IRQHandler
                0x080034a8                CAN1_RX0_IRQHandler
                0x080034a8                FPU_IRQHandler
                0x080034a8                OTG_HS_WKUP_IRQHandler
                0x080034a8                CAN2_SCE_IRQHandler
                0x080034a8                SPI1_IRQHandler
                0x080034a8                TIM1_BRK_TIM9_IRQHandler
                0x080034a8                DCMI_IRQHandler
                0x080034a8                CAN2_RX0_IRQHandler
                0x080034a8                DMA2_Stream3_IRQHandler
                0x080034a8                USART6_IRQHandler
                0x080034a8                USART3_IRQHandler
                0x080034a8                CAN1_RX1_IRQHandler
                0x080034a8                UART5_IRQHandler
                0x080034a8                TIM4_IRQHandler
                0x080034a8                I2C1_EV_IRQHandler
                0x080034a8                UART4_IRQHandler
                0x080034a8                TIM3_IRQHandler
                0x080034a8                RCC_IRQHandler
                0x080034a8                TIM8_BRK_TIM12_IRQHandler
                0x080034a8                Default_Handler
                0x080034a8                EXTI15_10_IRQHandler
                0x080034a8                ADC_IRQHandler
                0x080034a8                DMA1_Stream7_IRQHandler
                0x080034a8                SPI5_IRQHandler
                0x080034a8                TIM7_IRQHandler
                0x080034a8                CAN2_TX_IRQHandler
                0x080034a8                TIM5_IRQHandler
                0x080034a8                DMA2_Stream7_IRQHandler
                0x080034a8                I2C3_EV_IRQHandler
                0x080034a8                EXTI9_5_IRQHandler
                0x080034a8                RTC_WKUP_IRQHandler
                0x080034a8                ETH_WKUP_IRQHandler
                0x080034a8                SPI2_IRQHandler
                0x080034a8                OTG_HS_EP1_IN_IRQHandler
                0x080034a8                CAN1_TX_IRQHandler
                0x080034a8                EXTI4_IRQHandler
                0x080034a8                ETH_IRQHandler
                0x080034a8                OTG_HS_EP1_OUT_IRQHandler
                0x080034a8                WWDG_IRQHandler
                0x080034a8                SPI6_IRQHandler
                0x080034a8                TIM2_IRQHandler
                0x080034a8                OTG_FS_WKUP_IRQHandler
                0x080034a8                TIM1_TRG_COM_TIM11_IRQHandler
                0x080034a8                OTG_HS_IRQHandler
                0x080034a8                DMA2D_IRQHandler
                0x080034a8                EXTI1_IRQHandler
                0x080034a8                UART7_IRQHandler
                0x080034a8                USART2_IRQHandler
                0x080034a8                I2C2_ER_IRQHandler
                0x080034a8                CAN1_SCE_IRQHandler
                0x080034a8                FLASH_IRQHandler
                0x080034a8                DMA2_Stream4_IRQHandler
                0x080034a8                USART1_IRQHandler
                0x080034a8                OTG_FS_IRQHandler
                0x080034a8                SPI3_IRQHandler
                0x080034a8                DMA1_Stream4_IRQHandler
                0x080034a8                I2C1_ER_IRQHandler
                0x080034a8                FMC_IRQHandler
                0x080034a8                DMA2_Stream6_IRQHandler
                0x080034a8                SAI1_IRQHandler
 .text.stm32_lock_acquire
                0x080034aa       0x64 ./Core/ThreadSafe/newlib_lock_glue.o
 .text.stm32_lock_release
                0x0800350e       0x58 ./Core/ThreadSafe/newlib_lock_glue.o
 .text.__retarget_lock_acquire_recursive
                0x08003566       0x2a ./Core/ThreadSafe/newlib_lock_glue.o
                0x08003566                __retarget_lock_acquire_recursive
 .text.__retarget_lock_release_recursive
                0x08003590       0x2a ./Core/ThreadSafe/newlib_lock_glue.o
                0x08003590                __retarget_lock_release_recursive
 *fill*         0x080035ba        0x2 
 .text.HAL_Init
                0x080035bc       0x44 ./Drivers/STM32F4xx_HAL_Driver/Src/stm32f4xx_hal.o
                0x080035bc                HAL_Init
 .text.HAL_IncTick
                0x08003600       0x28 ./Drivers/STM32F4xx_HAL_Driver/Src/stm32f4xx_hal.o
                0x08003600                HAL_IncTick
 .text.HAL_GetTick
                0x08003628       0x18 ./Drivers/STM32F4xx_HAL_Driver/Src/stm32f4xx_hal.o
                0x08003628                HAL_GetTick
 .text.HAL_Delay
                0x08003640       0x48 ./Drivers/STM32F4xx_HAL_Driver/Src/stm32f4xx_hal.o
                0x08003640                HAL_Delay
 .text.HAL_ADC_Init
                0x08003688       0x86 ./Drivers/STM32F4xx_HAL_Driver/Src/stm32f4xx_hal_adc.o
                0x08003688                HAL_ADC_Init
 *fill*         0x0800370e        0x2 
 .text.HAL_ADC_Start_DMA
                0x08003710      0x228 ./Drivers/STM32F4xx_HAL_Driver/Src/stm32f4xx_hal_adc.o
                0x08003710                HAL_ADC_Start_DMA
 .text.HAL_ADC_Stop_DMA
                0x08003938       0xb4 ./Drivers/STM32F4xx_HAL_Driver/Src/stm32f4xx_hal_adc.o
                0x08003938                HAL_ADC_Stop_DMA
 .text.HAL_ADC_ConvHalfCpltCallback
                0x080039ec       0x14 ./Drivers/STM32F4xx_HAL_Driver/Src/stm32f4xx_hal_adc.o
                0x080039ec                HAL_ADC_ConvHalfCpltCallback
 .text.HAL_ADC_ErrorCallback
                0x08003a00       0x14 ./Drivers/STM32F4xx_HAL_Driver/Src/stm32f4xx_hal_adc.o
                0x08003a00                HAL_ADC_ErrorCallback
 .text.HAL_ADC_ConfigChannel
                0x08003a14      0x264 ./Drivers/STM32F4xx_HAL_Driver/Src/stm32f4xx_hal_adc.o
                0x08003a14                HAL_ADC_ConfigChannel
 .text.ADC_Init
                0x08003c78      0x1f8 ./Drivers/STM32F4xx_HAL_Driver/Src/stm32f4xx_hal_adc.o
 .text.ADC_DMAConvCplt
                0x08003e70       0xba ./Drivers/STM32F4xx_HAL_Driver/Src/stm32f4xx_hal_adc.o
 .text.ADC_DMAHalfConvCplt
                0x08003f2a       0x1c ./Drivers/STM32F4xx_HAL_Driver/Src/stm32f4xx_hal_adc.o
 .text.ADC_DMAError
                0x08003f46       0x2e ./Drivers/STM32F4xx_HAL_Driver/Src/stm32f4xx_hal_adc.o
 .text.__NVIC_SetPriorityGrouping
                0x08003f74       0x48 ./Drivers/STM32F4xx_HAL_Driver/Src/stm32f4xx_hal_cortex.o
 .text.__NVIC_GetPriorityGrouping
                0x08003fbc       0x1c ./Drivers/STM32F4xx_HAL_Driver/Src/stm32f4xx_hal_cortex.o
 .text.__NVIC_EnableIRQ
                0x08003fd8       0x3c ./Drivers/STM32F4xx_HAL_Driver/Src/stm32f4xx_hal_cortex.o
 .text.__NVIC_SetPriority
                0x08004014       0x54 ./Drivers/STM32F4xx_HAL_Driver/Src/stm32f4xx_hal_cortex.o
 .text.NVIC_EncodePriority
                0x08004068       0x66 ./Drivers/STM32F4xx_HAL_Driver/Src/stm32f4xx_hal_cortex.o
 .text.HAL_NVIC_SetPriorityGrouping
                0x080040ce       0x16 ./Drivers/STM32F4xx_HAL_Driver/Src/stm32f4xx_hal_cortex.o
                0x080040ce                HAL_NVIC_SetPriorityGrouping
 .text.HAL_NVIC_SetPriority
                0x080040e4       0x38 ./Drivers/STM32F4xx_HAL_Driver/Src/stm32f4xx_hal_cortex.o
                0x080040e4                HAL_NVIC_SetPriority
 .text.HAL_NVIC_EnableIRQ
                0x0800411c       0x1c ./Drivers/STM32F4xx_HAL_Driver/Src/stm32f4xx_hal_cortex.o
                0x0800411c                HAL_NVIC_EnableIRQ
 .text.HAL_DMA_Init
                0x08004138      0x15c ./Drivers/STM32F4xx_HAL_Driver/Src/stm32f4xx_hal_dma.o
                0x08004138                HAL_DMA_Init
 .text.HAL_DMA_Start_IT
                0x08004294       0xb0 ./Drivers/STM32F4xx_HAL_Driver/Src/stm32f4xx_hal_dma.o
                0x08004294                HAL_DMA_Start_IT
 .text.HAL_DMA_Abort
                0x08004344       0xe0 ./Drivers/STM32F4xx_HAL_Driver/Src/stm32f4xx_hal_dma.o
                0x08004344                HAL_DMA_Abort
 .text.HAL_DMA_IRQHandler
                0x08004424      0x314 ./Drivers/STM32F4xx_HAL_Driver/Src/stm32f4xx_hal_dma.o
                0x08004424                HAL_DMA_IRQHandler
 .text.DMA_SetConfig
                0x08004738       0x5c ./Drivers/STM32F4xx_HAL_Driver/Src/stm32f4xx_hal_dma.o
 .text.DMA_CalcBaseAndBitshift
                0x08004794       0x6c ./Drivers/STM32F4xx_HAL_Driver/Src/stm32f4xx_hal_dma.o
 .text.DMA_CheckFifoParam
                0x08004800       0xf8 ./Drivers/STM32F4xx_HAL_Driver/Src/stm32f4xx_hal_dma.o
 .text.HAL_GPIO_Init
                0x080048f8      0x358 ./Drivers/STM32F4xx_HAL_Driver/Src/stm32f4xx_hal_gpio.o
                0x080048f8                HAL_GPIO_Init
 .text.HAL_GPIO_WritePin
                0x08004c50       0x32 ./Drivers/STM32F4xx_HAL_Driver/Src/stm32f4xx_hal_gpio.o
                0x08004c50                HAL_GPIO_WritePin
 *fill*         0x08004c82        0x2 
 .text.HAL_RCC_OscConfig
                0x08004c84      0x4f0 ./Drivers/STM32F4xx_HAL_Driver/Src/stm32f4xx_hal_rcc.o
                0x08004c84                HAL_RCC_OscConfig
 .text.HAL_RCC_ClockConfig
                0x08005174      0x1cc ./Drivers/STM32F4xx_HAL_Driver/Src/stm32f4xx_hal_rcc.o
                0x08005174                HAL_RCC_ClockConfig
 .text.HAL_RCC_EnableCSS
                0x08005340       0x18 ./Drivers/STM32F4xx_HAL_Driver/Src/stm32f4xx_hal_rcc.o
                0x08005340                HAL_RCC_EnableCSS
 .text.HAL_RCC_GetSysClockFreq
                0x08005358      0x18c ./Drivers/STM32F4xx_HAL_Driver/Src/stm32f4xx_hal_rcc.o
                0x08005358                HAL_RCC_GetSysClockFreq
 .text.HAL_RCC_GetHCLKFreq
                0x080054e4       0x18 ./Drivers/STM32F4xx_HAL_Driver/Src/stm32f4xx_hal_rcc.o
                0x080054e4                HAL_RCC_GetHCLKFreq
 .text.HAL_RCC_GetPCLK1Freq
                0x080054fc       0x28 ./Drivers/STM32F4xx_HAL_Driver/Src/stm32f4xx_hal_rcc.o
                0x080054fc                HAL_RCC_GetPCLK1Freq
 .text.HAL_RCC_GetPCLK2Freq
                0x08005524       0x28 ./Drivers/STM32F4xx_HAL_Driver/Src/stm32f4xx_hal_rcc.o
                0x08005524                HAL_RCC_GetPCLK2Freq
 .text.HAL_RCC_GetClockConfig
                0x0800554c       0x64 ./Drivers/STM32F4xx_HAL_Driver/Src/stm32f4xx_hal_rcc.o
                0x0800554c                HAL_RCC_GetClockConfig
 .text.HAL_RCC_NMI_IRQHandler
                0x080055b0       0x28 ./Drivers/STM32F4xx_HAL_Driver/Src/stm32f4xx_hal_rcc.o
                0x080055b0                HAL_RCC_NMI_IRQHandler
 .text.HAL_RCC_CSSCallback
                0x080055d8        0xe ./Drivers/STM32F4xx_HAL_Driver/Src/stm32f4xx_hal_rcc.o
                0x080055d8                HAL_RCC_CSSCallback
 .text.HAL_SPI_Init
                0x080055e6      0x112 ./Drivers/STM32F4xx_HAL_Driver/Src/stm32f4xx_hal_spi.o
                0x080055e6                HAL_SPI_Init
 .text.HAL_SPI_Transmit
                0x080056f8      0x288 ./Drivers/STM32F4xx_HAL_Driver/Src/stm32f4xx_hal_spi.o
                0x080056f8                HAL_SPI_Transmit
 .text.HAL_SPI_Receive
                0x08005980      0x232 ./Drivers/STM32F4xx_HAL_Driver/Src/stm32f4xx_hal_spi.o
                0x08005980                HAL_SPI_Receive
 .text.HAL_SPI_TransmitReceive
                0x08005bb2      0x352 ./Drivers/STM32F4xx_HAL_Driver/Src/stm32f4xx_hal_spi.o
                0x08005bb2                HAL_SPI_TransmitReceive
 .text.SPI_WaitFlagStateUntilTimeout
                0x08005f04      0x110 ./Drivers/STM32F4xx_HAL_Driver/Src/stm32f4xx_hal_spi.o
 .text.SPI_EndRxTransaction
                0x08006014       0xca ./Drivers/STM32F4xx_HAL_Driver/Src/stm32f4xx_hal_spi.o
 *fill*         0x080060de        0x2 
 .text.SPI_EndRxTxTransaction
                0x080060e0       0xa8 ./Drivers/STM32F4xx_HAL_Driver/Src/stm32f4xx_hal_spi.o
 .text.HAL_TIM_Base_Init
                0x08006188       0x9e ./Drivers/STM32F4xx_HAL_Driver/Src/stm32f4xx_hal_tim.o
                0x08006188                HAL_TIM_Base_Init
 .text.HAL_TIM_Base_MspInit
                0x08006226       0x14 ./Drivers/STM32F4xx_HAL_Driver/Src/stm32f4xx_hal_tim.o
                0x08006226                HAL_TIM_Base_MspInit
 *fill*         0x0800623a        0x2 
 .text.HAL_TIM_Base_Start_IT
                0x0800623c       0xe0 ./Drivers/STM32F4xx_HAL_Driver/Src/stm32f4xx_hal_tim.o
                0x0800623c                HAL_TIM_Base_Start_IT
 .text.HAL_TIM_IRQHandler
                0x0800631c      0x1e0 ./Drivers/STM32F4xx_HAL_Driver/Src/stm32f4xx_hal_tim.o
                0x0800631c                HAL_TIM_IRQHandler
 .text.HAL_TIM_OC_DelayElapsedCallback
                0x080064fc       0x14 ./Drivers/STM32F4xx_HAL_Driver/Src/stm32f4xx_hal_tim.o
                0x080064fc                HAL_TIM_OC_DelayElapsedCallback
 .text.HAL_TIM_IC_CaptureCallback
                0x08006510       0x14 ./Drivers/STM32F4xx_HAL_Driver/Src/stm32f4xx_hal_tim.o
                0x08006510                HAL_TIM_IC_CaptureCallback
 .text.HAL_TIM_PWM_PulseFinishedCallback
                0x08006524       0x14 ./Drivers/STM32F4xx_HAL_Driver/Src/stm32f4xx_hal_tim.o
                0x08006524                HAL_TIM_PWM_PulseFinishedCallback
 .text.HAL_TIM_TriggerCallback
                0x08006538       0x14 ./Drivers/STM32F4xx_HAL_Driver/Src/stm32f4xx_hal_tim.o
                0x08006538                HAL_TIM_TriggerCallback
 .text.TIM_Base_SetConfig
                0x0800654c      0x14c ./Drivers/STM32F4xx_HAL_Driver/Src/stm32f4xx_hal_tim.o
                0x0800654c                TIM_Base_SetConfig
 .text.HAL_TIMEx_CommutCallback
                0x08006698       0x14 ./Drivers/STM32F4xx_HAL_Driver/Src/stm32f4xx_hal_tim_ex.o
                0x08006698                HAL_TIMEx_CommutCallback
 .text.HAL_TIMEx_BreakCallback
                0x080066ac       0x14 ./Drivers/STM32F4xx_HAL_Driver/Src/stm32f4xx_hal_tim_ex.o
                0x080066ac                HAL_TIMEx_BreakCallback
 .text.HAL_UART_Init
                0x080066c0       0xa0 ./Drivers/STM32F4xx_HAL_Driver/Src/stm32f4xx_hal_uart.o
                0x080066c0                HAL_UART_Init
 .text.HAL_UART_Receive_DMA
                0x08006760       0x4a ./Drivers/STM32F4xx_HAL_Driver/Src/stm32f4xx_hal_uart.o
                0x08006760                HAL_UART_Receive_DMA
 .text.HAL_UART_RxHalfCpltCallback
                0x080067aa       0x14 ./Drivers/STM32F4xx_HAL_Driver/Src/stm32f4xx_hal_uart.o
                0x080067aa                HAL_UART_RxHalfCpltCallback
 .text.HAL_UART_ErrorCallback
                0x080067be       0x14 ./Drivers/STM32F4xx_HAL_Driver/Src/stm32f4xx_hal_uart.o
                0x080067be                HAL_UART_ErrorCallback
 .text.HAL_UARTEx_RxEventCallback
                0x080067d2       0x18 ./Drivers/STM32F4xx_HAL_Driver/Src/stm32f4xx_hal_uart.o
                0x080067d2                HAL_UARTEx_RxEventCallback
 .text.UART_DMAReceiveCplt
                0x080067ea      0x12c ./Drivers/STM32F4xx_HAL_Driver/Src/stm32f4xx_hal_uart.o
 .text.UART_DMARxHalfCplt
                0x08006916       0x3c ./Drivers/STM32F4xx_HAL_Driver/Src/stm32f4xx_hal_uart.o
 .text.UART_DMAError
                0x08006952       0x94 ./Drivers/STM32F4xx_HAL_Driver/Src/stm32f4xx_hal_uart.o
 *fill*         0x080069e6        0x2 
 .text.UART_Start_Receive_DMA
                0x080069e8      0x14c ./Drivers/STM32F4xx_HAL_Driver/Src/stm32f4xx_hal_uart.o
                0x080069e8                UART_Start_Receive_DMA
 .text.UART_EndTxTransfer
                0x08006b34       0x50 ./Drivers/STM32F4xx_HAL_Driver/Src/stm32f4xx_hal_uart.o
 .text.UART_EndRxTransfer
                0x08006b84       0xc6 ./Drivers/STM32F4xx_HAL_Driver/Src/stm32f4xx_hal_uart.o
 *fill*         0x08006c4a        0x2 
 .text.UART_SetConfig
                0x08006c4c      0x4e8 ./Drivers/STM32F4xx_HAL_Driver/Src/stm32f4xx_hal_uart.o
 .text.__NVIC_SetPriority
                0x08007134       0x54 ./Middlewares/Third_Party/FreeRTOS/Source/CMSIS_RTOS_V2/cmsis_os2.o
 .text.SysTick_Handler
                0x08007188       0x20 ./Middlewares/Third_Party/FreeRTOS/Source/CMSIS_RTOS_V2/cmsis_os2.o
                0x08007188                SysTick_Handler
 .text.SVC_Setup
                0x080071a8       0x12 ./Middlewares/Third_Party/FreeRTOS/Source/CMSIS_RTOS_V2/cmsis_os2.o
 *fill*         0x080071ba        0x2 
 .text.osKernelInitialize
                0x080071bc       0x48 ./Middlewares/Third_Party/FreeRTOS/Source/CMSIS_RTOS_V2/cmsis_os2.o
                0x080071bc                osKernelInitialize
 .text.osKernelStart
                0x08007204       0x4c ./Middlewares/Third_Party/FreeRTOS/Source/CMSIS_RTOS_V2/cmsis_os2.o
                0x08007204                osKernelStart
 .text.osKernelGetTickCount
                0x08007250       0x2a ./Middlewares/Third_Party/FreeRTOS/Source/CMSIS_RTOS_V2/cmsis_os2.o
                0x08007250                osKernelGetTickCount
 .text.osThreadNew
                0x0800727a      0x124 ./Middlewares/Third_Party/FreeRTOS/Source/CMSIS_RTOS_V2/cmsis_os2.o
                0x0800727a                osThreadNew
 .text.osDelay  0x0800739e       0x36 ./Middlewares/Third_Party/FreeRTOS/Source/CMSIS_RTOS_V2/cmsis_os2.o
                0x0800739e                osDelay
 .text.osMutexNew
                0x080073d4      0x10c ./Middlewares/Third_Party/FreeRTOS/Source/CMSIS_RTOS_V2/cmsis_os2.o
                0x080073d4                osMutexNew
 .text.osMutexAcquire
                0x080074e0       0x96 ./Middlewares/Third_Party/FreeRTOS/Source/CMSIS_RTOS_V2/cmsis_os2.o
                0x080074e0                osMutexAcquire
 .text.osMutexRelease
                0x08007576       0x7a ./Middlewares/Third_Party/FreeRTOS/Source/CMSIS_RTOS_V2/cmsis_os2.o
                0x08007576                osMutexRelease
 .text.osSemaphoreNew
                0x080075f0      0x112 ./Middlewares/Third_Party/FreeRTOS/Source/CMSIS_RTOS_V2/cmsis_os2.o
                0x080075f0                osSemaphoreNew
 .text.osMessageQueueNew
                0x08007702       0xe6 ./Middlewares/Third_Party/FreeRTOS/Source/CMSIS_RTOS_V2/cmsis_os2.o
                0x08007702                osMessageQueueNew
 .text.osMessageQueuePut
                0x080077e8       0xc0 ./Middlewares/Third_Party/FreeRTOS/Source/CMSIS_RTOS_V2/cmsis_os2.o
                0x080077e8                osMessageQueuePut
 .text.osMessageQueueGet
                0x080078a8       0xbc ./Middlewares/Third_Party/FreeRTOS/Source/CMSIS_RTOS_V2/cmsis_os2.o
                0x080078a8                osMessageQueueGet
 .text.osMessageQueueGetCount
                0x08007964       0x40 ./Middlewares/Third_Party/FreeRTOS/Source/CMSIS_RTOS_V2/cmsis_os2.o
                0x08007964                osMessageQueueGetCount
 .text.vApplicationGetIdleTaskMemory
                0x080079a4       0x34 ./Middlewares/Third_Party/FreeRTOS/Source/CMSIS_RTOS_V2/cmsis_os2.o
                0x080079a4                vApplicationGetIdleTaskMemory
 .text.vApplicationGetTimerTaskMemory
                0x080079d8       0x34 ./Middlewares/Third_Party/FreeRTOS/Source/CMSIS_RTOS_V2/cmsis_os2.o
                0x080079d8                vApplicationGetTimerTaskMemory
 .text.vListInitialise
                0x08007a0c       0x40 ./Middlewares/Third_Party/FreeRTOS/Source/list.o
                0x08007a0c                vListInitialise
 .text.vListInitialiseItem
                0x08007a4c       0x1a ./Middlewares/Third_Party/FreeRTOS/Source/list.o
                0x08007a4c                vListInitialiseItem
 .text.vListInsertEnd
                0x08007a66       0x48 ./Middlewares/Third_Party/FreeRTOS/Source/list.o
                0x08007a66                vListInsertEnd
 .text.vListInsert
                0x08007aae       0x72 ./Middlewares/Third_Party/FreeRTOS/Source/list.o
                0x08007aae                vListInsert
 .text.uxListRemove
                0x08007b20       0x54 ./Middlewares/Third_Party/FreeRTOS/Source/list.o
                0x08007b20                uxListRemove
 .text.xQueueGenericReset
                0x08007b74       0xd4 ./Middlewares/Third_Party/FreeRTOS/Source/queue.o
                0x08007b74                xQueueGenericReset
 .text.xQueueGenericCreateStatic
                0x08007c48       0xfa ./Middlewares/Third_Party/FreeRTOS/Source/queue.o
                0x08007c48                xQueueGenericCreateStatic
 .text.xQueueGenericCreate
                0x08007d42       0x76 ./Middlewares/Third_Party/FreeRTOS/Source/queue.o
                0x08007d42                xQueueGenericCreate
 .text.prvInitialiseNewQueue
                0x08007db8       0x46 ./Middlewares/Third_Party/FreeRTOS/Source/queue.o
 .text.prvInitialiseMutex
                0x08007dfe       0x34 ./Middlewares/Third_Party/FreeRTOS/Source/queue.o
 .text.xQueueCreateMutex
                0x08007e32       0x30 ./Middlewares/Third_Party/FreeRTOS/Source/queue.o
                0x08007e32                xQueueCreateMutex
 .text.xQueueCreateMutexStatic
                0x08007e62       0x36 ./Middlewares/Third_Party/FreeRTOS/Source/queue.o
                0x08007e62                xQueueCreateMutexStatic
 .text.xQueueGiveMutexRecursive
                0x08007e98       0x6a ./Middlewares/Third_Party/FreeRTOS/Source/queue.o
                0x08007e98                xQueueGiveMutexRecursive
 .text.xQueueTakeMutexRecursive
                0x08007f02       0x6e ./Middlewares/Third_Party/FreeRTOS/Source/queue.o
                0x08007f02                xQueueTakeMutexRecursive
 .text.xQueueCreateCountingSemaphoreStatic
                0x08007f70       0x72 ./Middlewares/Third_Party/FreeRTOS/Source/queue.o
                0x08007f70                xQueueCreateCountingSemaphoreStatic
 .text.xQueueCreateCountingSemaphore
                0x08007fe2       0x6a ./Middlewares/Third_Party/FreeRTOS/Source/queue.o
                0x08007fe2                xQueueCreateCountingSemaphore
 .text.xQueueGenericSend
                0x0800804c      0x204 ./Middlewares/Third_Party/FreeRTOS/Source/queue.o
                0x0800804c                xQueueGenericSend
 .text.xQueueGenericSendFromISR
                0x08008250      0x13c ./Middlewares/Third_Party/FreeRTOS/Source/queue.o
                0x08008250                xQueueGenericSendFromISR
 .text.xQueueReceive
                0x0800838c      0x1c4 ./Middlewares/Third_Party/FreeRTOS/Source/queue.o
                0x0800838c                xQueueReceive
 .text.xQueueSemaphoreTake
                0x08008550      0x220 ./Middlewares/Third_Party/FreeRTOS/Source/queue.o
                0x08008550                xQueueSemaphoreTake
 .text.xQueueReceiveFromISR
                0x08008770      0x104 ./Middlewares/Third_Party/FreeRTOS/Source/queue.o
                0x08008770                xQueueReceiveFromISR
 .text.uxQueueMessagesWaiting
                0x08008874       0x3e ./Middlewares/Third_Party/FreeRTOS/Source/queue.o
                0x08008874                uxQueueMessagesWaiting
 .text.uxQueueMessagesWaitingFromISR
                0x080088b2       0x3e ./Middlewares/Third_Party/FreeRTOS/Source/queue.o
                0x080088b2                uxQueueMessagesWaitingFromISR
 .text.vQueueDelete
                0x080088f0       0x48 ./Middlewares/Third_Party/FreeRTOS/Source/queue.o
                0x080088f0                vQueueDelete
 .text.prvGetDisinheritPriorityAfterTimeout
                0x08008938       0x30 ./Middlewares/Third_Party/FreeRTOS/Source/queue.o
 .text.prvCopyDataToQueue
                0x08008968       0xd4 ./Middlewares/Third_Party/FreeRTOS/Source/queue.o
 .text.prvCopyDataFromQueue
                0x08008a3c       0x4c ./Middlewares/Third_Party/FreeRTOS/Source/queue.o
 .text.prvUnlockQueue
                0x08008a88       0xa4 ./Middlewares/Third_Party/FreeRTOS/Source/queue.o
 .text.prvIsQueueEmpty
                0x08008b2c       0x2c ./Middlewares/Third_Party/FreeRTOS/Source/queue.o
 .text.prvIsQueueFull
                0x08008b58       0x30 ./Middlewares/Third_Party/FreeRTOS/Source/queue.o
 .text.vQueueAddToRegistry
                0x08008b88       0x54 ./Middlewares/Third_Party/FreeRTOS/Source/queue.o
                0x08008b88                vQueueAddToRegistry
 .text.vQueueUnregisterQueue
                0x08008bdc       0x54 ./Middlewares/Third_Party/FreeRTOS/Source/queue.o
                0x08008bdc                vQueueUnregisterQueue
 .text.vQueueWaitForMessageRestricted
                0x08008c30       0x68 ./Middlewares/Third_Party/FreeRTOS/Source/queue.o
                0x08008c30                vQueueWaitForMessageRestricted
 .text.xTaskCreateStatic
                0x08008c98       0xc0 ./Middlewares/Third_Party/FreeRTOS/Source/tasks.o
                0x08008c98                xTaskCreateStatic
 .text.xTaskCreate
                0x08008d58       0x8a ./Middlewares/Third_Party/FreeRTOS/Source/tasks.o
                0x08008d58                xTaskCreate
 *fill*         0x08008de2        0x2 
 .text.prvInitialiseNewTask
                0x08008de4      0x150 ./Middlewares/Third_Party/FreeRTOS/Source/tasks.o
 .text.prvAddNewTaskToReadyList
                0x08008f34       0xe0 ./Middlewares/Third_Party/FreeRTOS/Source/tasks.o
 .text.vTaskDelay
                0x08009014       0x6c ./Middlewares/Third_Party/FreeRTOS/Source/tasks.o
                0x08009014                vTaskDelay
 .text.vTaskStartScheduler
                0x08009080       0xe0 ./Middlewares/Third_Party/FreeRTOS/Source/tasks.o
                0x08009080                vTaskStartScheduler
 .text.vTaskSuspendAll
                0x08009160       0x1c ./Middlewares/Third_Party/FreeRTOS/Source/tasks.o
                0x08009160                vTaskSuspendAll
 .text.xTaskResumeAll
                0x0800917c      0x13c ./Middlewares/Third_Party/FreeRTOS/Source/tasks.o
                0x0800917c                xTaskResumeAll
 .text.xTaskGetTickCount
                0x080092b8       0x20 ./Middlewares/Third_Party/FreeRTOS/Source/tasks.o
                0x080092b8                xTaskGetTickCount
 .text.xTaskGetTickCountFromISR
                0x080092d8       0x24 ./Middlewares/Third_Party/FreeRTOS/Source/tasks.o
                0x080092d8                xTaskGetTickCountFromISR
 .text.xTaskIncrementTick
                0x080092fc      0x174 ./Middlewares/Third_Party/FreeRTOS/Source/tasks.o
                0x080092fc                xTaskIncrementTick
 .text.vTaskSwitchContext
                0x08009470       0xcc ./Middlewares/Third_Party/FreeRTOS/Source/tasks.o
                0x08009470                vTaskSwitchContext
 .text.vTaskPlaceOnEventList
                0x0800953c       0x4c ./Middlewares/Third_Party/FreeRTOS/Source/tasks.o
                0x0800953c                vTaskPlaceOnEventList
 .text.vTaskPlaceOnEventListRestricted
                0x08009588       0x58 ./Middlewares/Third_Party/FreeRTOS/Source/tasks.o
                0x08009588                vTaskPlaceOnEventListRestricted
 .text.xTaskRemoveFromEventList
                0x080095e0       0xc8 ./Middlewares/Third_Party/FreeRTOS/Source/tasks.o
                0x080095e0                xTaskRemoveFromEventList
 .text.vTaskInternalSetTimeOutState
                0x080096a8       0x2c ./Middlewares/Third_Party/FreeRTOS/Source/tasks.o
                0x080096a8                vTaskInternalSetTimeOutState
 .text.xTaskCheckForTimeOut
                0x080096d4       0xc8 ./Middlewares/Third_Party/FreeRTOS/Source/tasks.o
                0x080096d4                xTaskCheckForTimeOut
 .text.vTaskMissedYield
                0x0800979c       0x18 ./Middlewares/Third_Party/FreeRTOS/Source/tasks.o
                0x0800979c                vTaskMissedYield
 .text.prvIdleTask
                0x080097b4       0x30 ./Middlewares/Third_Party/FreeRTOS/Source/tasks.o
 .text.prvInitialiseTaskLists
                0x080097e4       0x80 ./Middlewares/Third_Party/FreeRTOS/Source/tasks.o
 .text.prvCheckTasksWaitingTermination
                0x08009864       0x5c ./Middlewares/Third_Party/FreeRTOS/Source/tasks.o
 .text.prvDeleteTCB
                0x080098c0       0x6a ./Middlewares/Third_Party/FreeRTOS/Source/tasks.o
 *fill*         0x0800992a        0x2 
 .text.prvResetNextTaskUnblockTime
                0x0800992c       0x40 ./Middlewares/Third_Party/FreeRTOS/Source/tasks.o
 .text.xTaskGetCurrentTaskHandle
                0x0800996c       0x20 ./Middlewares/Third_Party/FreeRTOS/Source/tasks.o
                0x0800996c                xTaskGetCurrentTaskHandle
 .text.xTaskGetSchedulerState
                0x0800998c       0x3c ./Middlewares/Third_Party/FreeRTOS/Source/tasks.o
                0x0800998c                xTaskGetSchedulerState
 .text.xTaskPriorityInherit
                0x080099c8       0xd0 ./Middlewares/Third_Party/FreeRTOS/Source/tasks.o
                0x080099c8                xTaskPriorityInherit
 .text.xTaskPriorityDisinherit
                0x08009a98       0xe0 ./Middlewares/Third_Party/FreeRTOS/Source/tasks.o
                0x08009a98                xTaskPriorityDisinherit
 .text.vTaskPriorityDisinheritAfterTimeout
                0x08009b78      0x108 ./Middlewares/Third_Party/FreeRTOS/Source/tasks.o
                0x08009b78                vTaskPriorityDisinheritAfterTimeout
 .text.pvTaskIncrementMutexHeldCount
                0x08009c80       0x28 ./Middlewares/Third_Party/FreeRTOS/Source/tasks.o
                0x08009c80                pvTaskIncrementMutexHeldCount
 .text.prvAddCurrentTaskToDelayedList
                0x08009ca8       0xa8 ./Middlewares/Third_Party/FreeRTOS/Source/tasks.o
 .text.xTimerCreateTimerTask
                0x08009d50       0x94 ./Middlewares/Third_Party/FreeRTOS/Source/timers.o
                0x08009d50                xTimerCreateTimerTask
 .text.xTimerGenericCommand
                0x08009de4       0x9c ./Middlewares/Third_Party/FreeRTOS/Source/timers.o
                0x08009de4                xTimerGenericCommand
 .text.prvProcessExpiredTimer
                0x08009e80       0x9c ./Middlewares/Third_Party/FreeRTOS/Source/timers.o
 .text.prvTimerTask
                0x08009f1c       0x26 ./Middlewares/Third_Party/FreeRTOS/Source/timers.o
 *fill*         0x08009f42        0x2 
 .text.prvProcessTimerOrBlockTask
                0x08009f44       0x9c ./Middlewares/Third_Party/FreeRTOS/Source/timers.o
 .text.prvGetNextExpireTime
                0x08009fe0       0x48 ./Middlewares/Third_Party/FreeRTOS/Source/timers.o
 .text.prvSampleTimeNow
                0x0800a028       0x40 ./Middlewares/Third_Party/FreeRTOS/Source/timers.o
 .text.prvInsertTimerInActiveList
                0x0800a068       0x84 ./Middlewares/Third_Party/FreeRTOS/Source/timers.o
 .text.prvProcessReceivedCommands
                0x0800a0ec      0x1cc ./Middlewares/Third_Party/FreeRTOS/Source/timers.o
 .text.prvSwitchTimerLists
                0x0800a2b8       0xcc ./Middlewares/Third_Party/FreeRTOS/Source/timers.o
 .text.prvCheckForValidListAndQueue
                0x0800a384       0x80 ./Middlewares/Third_Party/FreeRTOS/Source/timers.o
 .text.pxPortInitialiseStack
                0x0800a404       0x68 ./Middlewares/Third_Party/FreeRTOS/Source/portable/GCC/ARM_CM4F/port.o
                0x0800a404                pxPortInitialiseStack
 .text.prvTaskExitError
                0x0800a46c       0x5c ./Middlewares/Third_Party/FreeRTOS/Source/portable/GCC/ARM_CM4F/port.o
 *fill*         0x0800a4c8        0x8 
 .text.SVC_Handler
                0x0800a4d0       0x28 ./Middlewares/Third_Party/FreeRTOS/Source/portable/GCC/ARM_CM4F/port.o
                0x0800a4d0                SVC_Handler
 .text.prvPortStartFirstTask
                0x0800a4f8       0x28 ./Middlewares/Third_Party/FreeRTOS/Source/portable/GCC/ARM_CM4F/port.o
 .text.xPortStartScheduler
                0x0800a520      0x148 ./Middlewares/Third_Party/FreeRTOS/Source/portable/GCC/ARM_CM4F/port.o
                0x0800a520                xPortStartScheduler
 .text.vPortEnterCritical
                0x0800a668       0x64 ./Middlewares/Third_Party/FreeRTOS/Source/portable/GCC/ARM_CM4F/port.o
                0x0800a668                vPortEnterCritical
 .text.vPortExitCritical
                0x0800a6cc       0x54 ./Middlewares/Third_Party/FreeRTOS/Source/portable/GCC/ARM_CM4F/port.o
                0x0800a6cc                vPortExitCritical
 .text.PendSV_Handler
                0x0800a720       0x68 ./Middlewares/Third_Party/FreeRTOS/Source/portable/GCC/ARM_CM4F/port.o
                0x0800a720                PendSV_Handler
 .text.xPortSysTickHandler
                0x0800a788       0x44 ./Middlewares/Third_Party/FreeRTOS/Source/portable/GCC/ARM_CM4F/port.o
                0x0800a788                xPortSysTickHandler
 .text.vPortSetupTimerInterrupt
                0x0800a7cc       0x48 ./Middlewares/Third_Party/FreeRTOS/Source/portable/GCC/ARM_CM4F/port.o
                0x0800a7cc                vPortSetupTimerInterrupt
 .text.vPortEnableVFP
                0x0800a814       0x14 ./Middlewares/Third_Party/FreeRTOS/Source/portable/GCC/ARM_CM4F/port.o
 .text.vPortValidateInterruptPriority
                0x0800a828       0x84 ./Middlewares/Third_Party/FreeRTOS/Source/portable/GCC/ARM_CM4F/port.o
                0x0800a828                vPortValidateInterruptPriority
 .text.pvPortMalloc
                0x0800a8ac      0x19c ./Middlewares/Third_Party/FreeRTOS/Source/portable/MemMang/heap_4.o
                0x0800a8ac                pvPortMalloc
 .text.vPortFree
                0x0800aa48       0xc8 ./Middlewares/Third_Party/FreeRTOS/Source/portable/MemMang/heap_4.o
                0x0800aa48                vPortFree
 .text.prvHeapInit
                0x0800ab10       0xc4 ./Middlewares/Third_Party/FreeRTOS/Source/portable/MemMang/heap_4.o
 .text.prvInsertBlockIntoFreeList
                0x0800abd4       0xb4 ./Middlewares/Third_Party/FreeRTOS/Source/portable/MemMang/heap_4.o
 .text.__malloc_lock
                0x0800ac88        0xc C:/ST/STM32CubeIDE_1.14.0/STM32CubeIDE/plugins/com.st.stm32cube.ide.mcu.externaltools.gnu-tools-for-stm32.13.3.rel1.win32_1.0.0.202411081344/tools/bin/../lib/gcc/arm-none-eabi/13.3.1/../../../../arm-none-eabi/lib/thumb/v7e-m+fp/hard\libc_nano.a(libc_a-mlock.o)
                0x0800ac88                __malloc_lock
 .text.__malloc_unlock
                0x0800ac94        0xc C:/ST/STM32CubeIDE_1.14.0/STM32CubeIDE/plugins/com.st.stm32cube.ide.mcu.externaltools.gnu-tools-for-stm32.13.3.rel1.win32_1.0.0.202411081344/tools/bin/../lib/gcc/arm-none-eabi/13.3.1/../../../../arm-none-eabi/lib/thumb/v7e-m+fp/hard\libc_nano.a(libc_a-mlock.o)
                0x0800ac94                __malloc_unlock
 .text.memset   0x0800aca0       0x10 C:/ST/STM32CubeIDE_1.14.0/STM32CubeIDE/plugins/com.st.stm32cube.ide.mcu.externaltools.gnu-tools-for-stm32.13.3.rel1.win32_1.0.0.202411081344/tools/bin/../lib/gcc/arm-none-eabi/13.3.1/../../../../arm-none-eabi/lib/thumb/v7e-m+fp/hard\libc_nano.a(libc_a-memset.o)
                0x0800aca0                memset
 .text._reclaim_reent
                0x0800acb0       0xbc C:/ST/STM32CubeIDE_1.14.0/STM32CubeIDE/plugins/com.st.stm32cube.ide.mcu.externaltools.gnu-tools-for-stm32.13.3.rel1.win32_1.0.0.202411081344/tools/bin/../lib/gcc/arm-none-eabi/13.3.1/../../../../arm-none-eabi/lib/thumb/v7e-m+fp/hard\libc_nano.a(libc_a-reent.o)
                0x0800acb0                _reclaim_reent
 .text.__libc_init_array
                0x0800ad6c       0x48 C:/ST/STM32CubeIDE_1.14.0/STM32CubeIDE/plugins/com.st.stm32cube.ide.mcu.externaltools.gnu-tools-for-stm32.13.3.rel1.win32_1.0.0.202411081344/tools/bin/../lib/gcc/arm-none-eabi/13.3.1/../../../../arm-none-eabi/lib/thumb/v7e-m+fp/hard\libc_nano.a(libc_a-init.o)
                0x0800ad6c                __libc_init_array
 .text.memcpy   0x0800adb4       0x1c C:/ST/STM32CubeIDE_1.14.0/STM32CubeIDE/plugins/com.st.stm32cube.ide.mcu.externaltools.gnu-tools-for-stm32.13.3.rel1.win32_1.0.0.202411081344/tools/bin/../lib/gcc/arm-none-eabi/13.3.1/../../../../arm-none-eabi/lib/thumb/v7e-m+fp/hard\libc_nano.a(libc_a-memcpy-stub.o)
                0x0800adb4                memcpy
 .text._free_r  0x0800add0       0x94 C:/ST/STM32CubeIDE_1.14.0/STM32CubeIDE/plugins/com.st.stm32cube.ide.mcu.externaltools.gnu-tools-for-stm32.13.3.rel1.win32_1.0.0.202411081344/tools/bin/../lib/gcc/arm-none-eabi/13.3.1/../../../../arm-none-eabi/lib/thumb/v7e-m+fp/hard\libc_nano.a(libc_a-freer.o)
                0x0800add0                _free_r
 *(.glue_7)
 .glue_7        0x0800ae64        0x0 linker stubs
 *(.glue_7t)
 .glue_7t       0x0800ae64        0x0 linker stubs
 *(.eh_frame)
 .eh_frame      0x0800ae64        0x0 C:/ST/STM32CubeIDE_1.14.0/STM32CubeIDE/plugins/com.st.stm32cube.ide.mcu.externaltools.gnu-tools-for-stm32.13.3.rel1.win32_1.0.0.202411081344/tools/bin/../lib/gcc/arm-none-eabi/13.3.1/thumb/v7e-m+fp/hard/crtbegin.o
 *(.init)
 .init          0x0800ae64        0x4 C:/ST/STM32CubeIDE_1.14.0/STM32CubeIDE/plugins/com.st.stm32cube.ide.mcu.externaltools.gnu-tools-for-stm32.13.3.rel1.win32_1.0.0.202411081344/tools/bin/../lib/gcc/arm-none-eabi/13.3.1/thumb/v7e-m+fp/hard/crti.o
                0x0800ae64                _init
 .init          0x0800ae68        0x8 C:/ST/STM32CubeIDE_1.14.0/STM32CubeIDE/plugins/com.st.stm32cube.ide.mcu.externaltools.gnu-tools-for-stm32.13.3.rel1.win32_1.0.0.202411081344/tools/bin/../lib/gcc/arm-none-eabi/13.3.1/thumb/v7e-m+fp/hard/crtn.o
 *(.fini)
 .fini          0x0800ae70        0x4 C:/ST/STM32CubeIDE_1.14.0/STM32CubeIDE/plugins/com.st.stm32cube.ide.mcu.externaltools.gnu-tools-for-stm32.13.3.rel1.win32_1.0.0.202411081344/tools/bin/../lib/gcc/arm-none-eabi/13.3.1/thumb/v7e-m+fp/hard/crti.o
                0x0800ae70                _fini
 .fini          0x0800ae74        0x8 C:/ST/STM32CubeIDE_1.14.0/STM32CubeIDE/plugins/com.st.stm32cube.ide.mcu.externaltools.gnu-tools-for-stm32.13.3.rel1.win32_1.0.0.202411081344/tools/bin/../lib/gcc/arm-none-eabi/13.3.1/thumb/v7e-m+fp/hard/crtn.o
                0x0800ae7c                        . = ALIGN (0x4)
                0x0800ae7c                        _etext = .

.vfp11_veneer   0x0800ae7c        0x0
 .vfp11_veneer  0x0800ae7c        0x0 linker stubs

.v4_bx          0x0800ae7c        0x0
 .v4_bx         0x0800ae7c        0x0 linker stubs

.iplt           0x0800ae7c        0x0
 .iplt          0x0800ae7c        0x0 C:/ST/STM32CubeIDE_1.14.0/STM32CubeIDE/plugins/com.st.stm32cube.ide.mcu.externaltools.gnu-tools-for-stm32.13.3.rel1.win32_1.0.0.202411081344/tools/bin/../lib/gcc/arm-none-eabi/13.3.1/thumb/v7e-m+fp/hard/crtbegin.o

.rodata         0x0800ae7c      0x1cc
                0x0800ae7c                        . = ALIGN (0x4)
 *(.rodata)
 .rodata        0x0800ae7c       0x20 ./Core/Src/bus_node.o
 .rodata        0x0800ae9c       0x20 ./Core/Src/huart_task.o
 .rodata        0x0800aebc       0x68 ./Core/Src/main.o
 .rodata        0x0800af24        0x5 ./Middlewares/Third_Party/FreeRTOS/Source/tasks.o
 *fill*         0x0800af29        0x3 
 .rodata        0x0800af2c        0xd ./Middlewares/Third_Party/FreeRTOS/Source/timers.o
 *(.rodata*)
 *fill*         0x0800af39        0x3 
 .rodata.defaultTask_attributes
                0x0800af3c       0x24 ./Core/Src/main.o
                0x0800af3c                defaultTask_attributes
 .rodata.logTask_attributes
                0x0800af60       0x24 ./Core/Src/main.o
                0x0800af60                logTask_attributes
 .rodata.adcReadTask_attributes
                0x0800af84       0x24 ./Core/Src/main.o
                0x0800af84                adcReadTask_attributes
 .rodata.huartTask_attributes
                0x0800afa8       0x24 ./Core/Src/main.o
                0x0800afa8                huartTask_attributes
 .rodata.adsReadTask_attributes
                0x0800afcc       0x24 ./Core/Src/main.o
                0x0800afcc                adsReadTask_attributes
 .rodata.uartQueue_attributes
                0x0800aff0       0x18 ./Core/Src/main.o
                0x0800aff0                uartQueue_attributes
 .rodata.adcBufReadMutex_attributes
                0x0800b008       0x10 ./Core/Src/main.o
                0x0800b008                adcBufReadMutex_attributes
 .rodata.spi_rx_attributes
                0x0800b018       0x10 ./Core/Src/main.o
                0x0800b018                spi_rx_attributes
 .rodata.AHBPrescTable
                0x0800b028       0x10 ./Core/Src/system_stm32f4xx.o
                0x0800b028                AHBPrescTable
 .rodata.APBPrescTable
                0x0800b038        0x8 ./Core/Src/system_stm32f4xx.o
                0x0800b038                APBPrescTable
 .rodata.flagBitshiftOffset.0
                0x0800b040        0x8 ./Drivers/STM32F4xx_HAL_Driver/Src/stm32f4xx_hal_dma.o
                0x0800b048                        . = ALIGN (0x4)

.ARM.extab      0x0800b048        0x0
                0x0800b048                        . = ALIGN (0x4)
 *(.ARM.extab* .gnu.linkonce.armextab.*)
                0x0800b048                        . = ALIGN (0x4)

.ARM            0x0800b048        0x8
                0x0800b048                        . = ALIGN (0x4)
                0x0800b048                        __exidx_start = .
 *(.ARM.exidx*)
 .ARM.exidx     0x0800b048        0x8 C:/ST/STM32CubeIDE_1.14.0/STM32CubeIDE/plugins/com.st.stm32cube.ide.mcu.externaltools.gnu-tools-for-stm32.13.3.rel1.win32_1.0.0.202411081344/tools/bin/../lib/gcc/arm-none-eabi/13.3.1/../../../../arm-none-eabi/lib/thumb/v7e-m+fp/hard\libc_nano.a(libc_a-strlen.o)
 .ARM.exidx     0x0800b050        0x0 C:/ST/STM32CubeIDE_1.14.0/STM32CubeIDE/plugins/com.st.stm32cube.ide.mcu.externaltools.gnu-tools-for-stm32.13.3.rel1.win32_1.0.0.202411081344/tools/bin/../lib/gcc/arm-none-eabi/13.3.1/thumb/v7e-m+fp/hard\libgcc.a(_udivmoddi4.o)
                                  0x8 (size before relaxing)
                0x0800b050                        __exidx_end = .
                0x0800b050                        . = ALIGN (0x4)

.preinit_array  0x0800b050        0x0
                0x0800b050                        . = ALIGN (0x4)
                0x0800b050                        PROVIDE (__preinit_array_start = .)
 *(.preinit_array*)
                0x0800b050                        PROVIDE (__preinit_array_end = .)
                0x0800b050                        . = ALIGN (0x4)

.init_array     0x0800b050        0x4
                0x0800b050                        . = ALIGN (0x4)
                0x0800b050                        PROVIDE (__init_array_start = .)
 *(SORT_BY_NAME(.init_array.*))
 *(.init_array*)
 .init_array    0x0800b050        0x4 C:/ST/STM32CubeIDE_1.14.0/STM32CubeIDE/plugins/com.st.stm32cube.ide.mcu.externaltools.gnu-tools-for-stm32.13.3.rel1.win32_1.0.0.202411081344/tools/bin/../lib/gcc/arm-none-eabi/13.3.1/thumb/v7e-m+fp/hard/crtbegin.o
                0x0800b054                        PROVIDE (__init_array_end = .)
                0x0800b054                        . = ALIGN (0x4)

.fini_array     0x0800b054        0x4
                0x0800b054                        . = ALIGN (0x4)
                [!provide]                        PROVIDE (__fini_array_start = .)
 *(SORT_BY_NAME(.fini_array.*))
 *(.fini_array*)
 .fini_array    0x0800b054        0x4 C:/ST/STM32CubeIDE_1.14.0/STM32CubeIDE/plugins/com.st.stm32cube.ide.mcu.externaltools.gnu-tools-for-stm32.13.3.rel1.win32_1.0.0.202411081344/tools/bin/../lib/gcc/arm-none-eabi/13.3.1/thumb/v7e-m+fp/hard/crtbegin.o
                [!provide]                        PROVIDE (__fini_array_end = .)
                0x0800b058                        . = ALIGN (0x4)
                0x0800b058                        _sidata = LOADADDR (.data)

.rel.dyn        0x0800b058        0x0
 .rel.iplt      0x0800b058        0x0 C:/ST/STM32CubeIDE_1.14.0/STM32CubeIDE/plugins/com.st.stm32cube.ide.mcu.externaltools.gnu-tools-for-stm32.13.3.rel1.win32_1.0.0.202411081344/tools/bin/../lib/gcc/arm-none-eabi/13.3.1/thumb/v7e-m+fp/hard/crtbegin.o

.data           0x20000000       0x68 load address 0x0800b058
                0x20000000                        . = ALIGN (0x4)
                0x20000000                        _sdata = .
 *(.data)
 *(.data*)
 .data.SPI2_SoftNSS_GPIO_Port
                0x20000000        0x4 ./Core/Src/bus_node.o
                0x20000000                SPI2_SoftNSS_GPIO_Port
 .data.SPI2_SoftNSS_Pin
                0x20000004        0x2 ./Core/Src/bus_node.o
                0x20000004                SPI2_SoftNSS_Pin
 .data.myAddr   0x20000006        0x1 ./Core/Src/bus_node.o
 *fill*         0x20000007        0x1 
 .data.SystemCoreClock
                0x20000008        0x4 ./Core/Src/system_stm32f4xx.o
                0x20000008                SystemCoreClock
 .data.uwTickPrio
                0x2000000c        0x4 ./Drivers/STM32F4xx_HAL_Driver/Src/stm32f4xx_hal.o
                0x2000000c                uwTickPrio
 .data.uwTickFreq
                0x20000010        0x1 ./Drivers/STM32F4xx_HAL_Driver/Src/stm32f4xx_hal.o
                0x20000010                uwTickFreq
 *fill*         0x20000011        0x3 
 .data.uxCriticalNesting
                0x20000014        0x4 ./Middlewares/Third_Party/FreeRTOS/Source/portable/GCC/ARM_CM4F/port.o
 .data._impure_ptr
                0x20000018        0x4 C:/ST/STM32CubeIDE_1.14.0/STM32CubeIDE/plugins/com.st.stm32cube.ide.mcu.externaltools.gnu-tools-for-stm32.13.3.rel1.win32_1.0.0.202411081344/tools/bin/../lib/gcc/arm-none-eabi/13.3.1/../../../../arm-none-eabi/lib/thumb/v7e-m+fp/hard\libc_nano.a(libc_a-impure.o)
                0x20000018                _impure_ptr
 .data._impure_data
                0x2000001c       0x4c C:/ST/STM32CubeIDE_1.14.0/STM32CubeIDE/plugins/com.st.stm32cube.ide.mcu.externaltools.gnu-tools-for-stm32.13.3.rel1.win32_1.0.0.202411081344/tools/bin/../lib/gcc/arm-none-eabi/13.3.1/../../../../arm-none-eabi/lib/thumb/v7e-m+fp/hard\libc_nano.a(libc_a-impure.o)
                0x2000001c                _impure_data
 *(.RamFunc)
 *(.RamFunc*)
                0x20000068                        . = ALIGN (0x4)
                0x20000068                        _edata = .
                0x0800b0c0                        _siccmram = LOADADDR (.ccmram)

.igot.plt       0x20000068        0x0 load address 0x0800b0c0
 .igot.plt      0x20000068        0x0 C:/ST/STM32CubeIDE_1.14.0/STM32CubeIDE/plugins/com.st.stm32cube.ide.mcu.externaltools.gnu-tools-for-stm32.13.3.rel1.win32_1.0.0.202411081344/tools/bin/../lib/gcc/arm-none-eabi/13.3.1/thumb/v7e-m+fp/hard/crtbegin.o

.ccmram         0x10000000        0x0 load address 0x0800b0c0
                0x10000000                        . = ALIGN (0x4)
                0x10000000                        _sccmram = .
 *(.ccmram)
 *(.ccmram*)
                0x10000000                        . = ALIGN (0x4)
                0x10000000                        _eccmram = .
                0x10000000                        . = ALIGN (0x4)

.bss            0x20000068     0x7514
                0x20000068                        _sbss = .
                0x20000068                        __bss_start__ = _sbss
 *(.bss)
 .bss           0x20000068       0x1c C:/ST/STM32CubeIDE_1.14.0/STM32CubeIDE/plugins/com.st.stm32cube.ide.mcu.externaltools.gnu-tools-for-stm32.13.3.rel1.win32_1.0.0.202411081344/tools/bin/../lib/gcc/arm-none-eabi/13.3.1/thumb/v7e-m+fp/hard/crtbegin.o
 *(.bss*)
 .bss.slave     0x20000084       0x58 ./Core/Src/bus_node.o
                0x20000084                slave
 .bss.master    0x200000dc       0x58 ./Core/Src/bus_node.o
                0x200000dc                master
 .bss.downstreamDetected
                0x20000134        0x1 ./Core/Src/bus_node.o
 *fill*         0x20000135        0x3 
 .bss.last_uart_check.0
                0x20000138        0x4 ./Core/Src/bus_node.o
 .bss.uart_dma_ready
                0x2000013c        0x8 ./Core/Src/huart_task.o
                0x2000013c                uart_dma_ready
 .bss.mbus_buffers
                0x20000144     0x2030 ./Core/Src/huart_task.o
 .bss.uart_rx_buffers.0
                0x20002174       0x80 ./Core/Src/huart_task.o
 .bss.hadc1     0x200021f4       0x48 ./Core/Src/main.o
                0x200021f4                hadc1
 .bss.hdma_adc1
                0x2000223c       0x60 ./Core/Src/main.o
                0x2000223c                hdma_adc1
 .bss.hspi1     0x2000229c       0x58 ./Core/Src/main.o
                0x2000229c                hspi1
 .bss.hspi2     0x200022f4       0x58 ./Core/Src/main.o
                0x200022f4                hspi2
 .bss.hspi3     0x2000234c       0x58 ./Core/Src/main.o
                0x2000234c                hspi3
 .bss.hspi4     0x200023a4       0x58 ./Core/Src/main.o
                0x200023a4                hspi4
 .bss.hspi5     0x200023fc       0x58 ./Core/Src/main.o
                0x200023fc                hspi5
 .bss.huart4    0x20002454       0x48 ./Core/Src/main.o
                0x20002454                huart4
 .bss.huart5    0x2000249c       0x48 ./Core/Src/main.o
                0x2000249c                huart5
 .bss.huart7    0x200024e4       0x48 ./Core/Src/main.o
                0x200024e4                huart7
 .bss.huart8    0x2000252c       0x48 ./Core/Src/main.o
                0x2000252c                huart8
 .bss.huart1    0x20002574       0x48 ./Core/Src/main.o
                0x20002574                huart1
 .bss.huart2    0x200025bc       0x48 ./Core/Src/main.o
                0x200025bc                huart2
 .bss.huart3    0x20002604       0x48 ./Core/Src/main.o
                0x20002604                huart3
 .bss.huart6    0x2000264c       0x48 ./Core/Src/main.o
                0x2000264c                huart6
 .bss.hdma_uart4_rx
                0x20002694       0x60 ./Core/Src/main.o
                0x20002694                hdma_uart4_rx
 .bss.hdma_uart5_rx
                0x200026f4       0x60 ./Core/Src/main.o
                0x200026f4                hdma_uart5_rx
 .bss.hdma_uart7_rx
                0x20002754       0x60 ./Core/Src/main.o
                0x20002754                hdma_uart7_rx
 .bss.hdma_uart8_rx
                0x200027b4       0x60 ./Core/Src/main.o
                0x200027b4                hdma_uart8_rx
 .bss.hdma_usart1_rx
                0x20002814       0x60 ./Core/Src/main.o
                0x20002814                hdma_usart1_rx
 .bss.hdma_usart2_rx
                0x20002874       0x60 ./Core/Src/main.o
                0x20002874                hdma_usart2_rx
 .bss.hdma_usart3_rx
                0x200028d4       0x60 ./Core/Src/main.o
                0x200028d4                hdma_usart3_rx
 .bss.hdma_usart6_rx
                0x20002934       0x60 ./Core/Src/main.o
                0x20002934                hdma_usart6_rx
 .bss.defaultTaskHandle
                0x20002994        0x4 ./Core/Src/main.o
                0x20002994                defaultTaskHandle
 .bss.logTaskHandle
                0x20002998        0x4 ./Core/Src/main.o
                0x20002998                logTaskHandle
 .bss.adcReadTaskHandle
                0x2000299c        0x4 ./Core/Src/main.o
                0x2000299c                adcReadTaskHandle
 .bss.huartTaskHandle
                0x200029a0        0x4 ./Core/Src/main.o
                0x200029a0                huartTaskHandle
 .bss.adsReadTaskHandle
                0x200029a4        0x4 ./Core/Src/main.o
                0x200029a4                adsReadTaskHandle
 .bss.uartQueueHandle
                0x200029a8        0x4 ./Core/Src/main.o
                0x200029a8                uartQueueHandle
 .bss.adcBufReadMutexHandle
                0x200029ac        0x4 ./Core/Src/main.o
                0x200029ac                adcBufReadMutexHandle
 .bss.spi_rxHandle
                0x200029b0        0x4 ./Core/Src/main.o
                0x200029b0                spi_rxHandle
 .bss.adcReadings
                0x200029b4       0x18 ./Core/Src/main.o
                0x200029b4                adcReadings
 .bss.externalADCReadings
                0x200029cc       0x16 ./Core/Src/main.o
                0x200029cc                externalADCReadings
 *fill*         0x200029e2        0x2 
 .bss.isADCFinished
                0x200029e4        0x4 ./Core/Src/main.o
                0x200029e4                isADCFinished
 .bss.adcBuf.0  0x200029e8       0x18 ./Core/Src/main.o
 .bss.htim6     0x20002a00       0x48 ./Core/Src/stm32f4xx_hal_timebase_tim.o
                0x20002a00                htim6
 .bss.__lock___malloc_recursive_mutex
                0x20002a48        0xc ./Core/ThreadSafe/newlib_lock_glue.o
                0x20002a48                __lock___malloc_recursive_mutex
 .bss.uwTick    0x20002a54        0x4 ./Drivers/STM32F4xx_HAL_Driver/Src/stm32f4xx_hal.o
                0x20002a54                uwTick
 .bss.KernelState
                0x20002a58        0x4 ./Middlewares/Third_Party/FreeRTOS/Source/CMSIS_RTOS_V2/cmsis_os2.o
 .bss.Idle_TCB.3
                0x20002a5c       0xa8 ./Middlewares/Third_Party/FreeRTOS/Source/CMSIS_RTOS_V2/cmsis_os2.o
 .bss.Idle_Stack.2
                0x20002b04      0x200 ./Middlewares/Third_Party/FreeRTOS/Source/CMSIS_RTOS_V2/cmsis_os2.o
 .bss.Timer_TCB.1
                0x20002d04       0xa8 ./Middlewares/Third_Party/FreeRTOS/Source/CMSIS_RTOS_V2/cmsis_os2.o
 .bss.Timer_Stack.0
                0x20002dac      0x400 ./Middlewares/Third_Party/FreeRTOS/Source/CMSIS_RTOS_V2/cmsis_os2.o
 .bss.xQueueRegistry
                0x200031ac       0x40 ./Middlewares/Third_Party/FreeRTOS/Source/queue.o
                0x200031ac                xQueueRegistry
 .bss.pxCurrentTCB
                0x200031ec        0x4 ./Middlewares/Third_Party/FreeRTOS/Source/tasks.o
                0x200031ec                pxCurrentTCB
 .bss.pxReadyTasksLists
                0x200031f0      0x460 ./Middlewares/Third_Party/FreeRTOS/Source/tasks.o
 .bss.xDelayedTaskList1
                0x20003650       0x14 ./Middlewares/Third_Party/FreeRTOS/Source/tasks.o
 .bss.xDelayedTaskList2
                0x20003664       0x14 ./Middlewares/Third_Party/FreeRTOS/Source/tasks.o
 .bss.pxDelayedTaskList
                0x20003678        0x4 ./Middlewares/Third_Party/FreeRTOS/Source/tasks.o
 .bss.pxOverflowDelayedTaskList
                0x2000367c        0x4 ./Middlewares/Third_Party/FreeRTOS/Source/tasks.o
 .bss.xPendingReadyList
                0x20003680       0x14 ./Middlewares/Third_Party/FreeRTOS/Source/tasks.o
 .bss.xTasksWaitingTermination
                0x20003694       0x14 ./Middlewares/Third_Party/FreeRTOS/Source/tasks.o
 .bss.uxDeletedTasksWaitingCleanUp
                0x200036a8        0x4 ./Middlewares/Third_Party/FreeRTOS/Source/tasks.o
 .bss.xSuspendedTaskList
                0x200036ac       0x14 ./Middlewares/Third_Party/FreeRTOS/Source/tasks.o
 .bss.uxCurrentNumberOfTasks
                0x200036c0        0x4 ./Middlewares/Third_Party/FreeRTOS/Source/tasks.o
 .bss.xTickCount
                0x200036c4        0x4 ./Middlewares/Third_Party/FreeRTOS/Source/tasks.o
 .bss.uxTopReadyPriority
                0x200036c8        0x4 ./Middlewares/Third_Party/FreeRTOS/Source/tasks.o
 .bss.xSchedulerRunning
                0x200036cc        0x4 ./Middlewares/Third_Party/FreeRTOS/Source/tasks.o
 .bss.xPendedTicks
                0x200036d0        0x4 ./Middlewares/Third_Party/FreeRTOS/Source/tasks.o
 .bss.xYieldPending
                0x200036d4        0x4 ./Middlewares/Third_Party/FreeRTOS/Source/tasks.o
 .bss.xNumOfOverflows
                0x200036d8        0x4 ./Middlewares/Third_Party/FreeRTOS/Source/tasks.o
 .bss.uxTaskNumber
                0x200036dc        0x4 ./Middlewares/Third_Party/FreeRTOS/Source/tasks.o
 .bss.xNextTaskUnblockTime
                0x200036e0        0x4 ./Middlewares/Third_Party/FreeRTOS/Source/tasks.o
 .bss.xIdleTaskHandle
                0x200036e4        0x4 ./Middlewares/Third_Party/FreeRTOS/Source/tasks.o
 .bss.uxSchedulerSuspended
                0x200036e8        0x4 ./Middlewares/Third_Party/FreeRTOS/Source/tasks.o
 .bss.xActiveTimerList1
                0x200036ec       0x14 ./Middlewares/Third_Party/FreeRTOS/Source/timers.o
 .bss.xActiveTimerList2
                0x20003700       0x14 ./Middlewares/Third_Party/FreeRTOS/Source/timers.o
 .bss.pxCurrentTimerList
                0x20003714        0x4 ./Middlewares/Third_Party/FreeRTOS/Source/timers.o
 .bss.pxOverflowTimerList
                0x20003718        0x4 ./Middlewares/Third_Party/FreeRTOS/Source/timers.o
 .bss.xTimerQueue
                0x2000371c        0x4 ./Middlewares/Third_Party/FreeRTOS/Source/timers.o
 .bss.xTimerTaskHandle
                0x20003720        0x4 ./Middlewares/Third_Party/FreeRTOS/Source/timers.o
 .bss.xLastTime.2
                0x20003724        0x4 ./Middlewares/Third_Party/FreeRTOS/Source/timers.o
 .bss.ucStaticTimerQueueStorage.1
                0x20003728       0xa0 ./Middlewares/Third_Party/FreeRTOS/Source/timers.o
 .bss.xStaticTimerQueue.0
                0x200037c8       0x50 ./Middlewares/Third_Party/FreeRTOS/Source/timers.o
 .bss.ucMaxSysCallPriority
                0x20003818        0x1 ./Middlewares/Third_Party/FreeRTOS/Source/portable/GCC/ARM_CM4F/port.o
 *fill*         0x20003819        0x3 
 .bss.ulMaxPRIGROUPValue
                0x2000381c        0x4 ./Middlewares/Third_Party/FreeRTOS/Source/portable/GCC/ARM_CM4F/port.o
 .bss.ucHeap    0x20003820     0x3c00 ./Middlewares/Third_Party/FreeRTOS/Source/portable/MemMang/heap_4.o
 .bss.xStart    0x20007420        0x8 ./Middlewares/Third_Party/FreeRTOS/Source/portable/MemMang/heap_4.o
 .bss.pxEnd     0x20007428        0x4 ./Middlewares/Third_Party/FreeRTOS/Source/portable/MemMang/heap_4.o
 .bss.xFreeBytesRemaining
                0x2000742c        0x4 ./Middlewares/Third_Party/FreeRTOS/Source/portable/MemMang/heap_4.o
 .bss.xMinimumEverFreeBytesRemaining
                0x20007430        0x4 ./Middlewares/Third_Party/FreeRTOS/Source/portable/MemMang/heap_4.o
 .bss.xNumberOfSuccessfulAllocations
                0x20007434        0x4 ./Middlewares/Third_Party/FreeRTOS/Source/portable/MemMang/heap_4.o
 .bss.xNumberOfSuccessfulFrees
                0x20007438        0x4 ./Middlewares/Third_Party/FreeRTOS/Source/portable/MemMang/heap_4.o
 .bss.xBlockAllocatedBit
                0x2000743c        0x4 ./Middlewares/Third_Party/FreeRTOS/Source/portable/MemMang/heap_4.o
 .bss.__malloc_free_list
                0x20007440        0x4 C:/ST/STM32CubeIDE_1.14.0/STM32CubeIDE/plugins/com.st.stm32cube.ide.mcu.externaltools.gnu-tools-for-stm32.13.3.rel1.win32_1.0.0.202411081344/tools/bin/../lib/gcc/arm-none-eabi/13.3.1/../../../../arm-none-eabi/lib/thumb/v7e-m+fp/hard\libc_nano.a(libc_a-mallocr.o)
                0x20007440                __malloc_free_list
 .bss.__sf      0x20007444      0x138 C:/ST/STM32CubeIDE_1.14.0/STM32CubeIDE/plugins/com.st.stm32cube.ide.mcu.externaltools.gnu-tools-for-stm32.13.3.rel1.win32_1.0.0.202411081344/tools/bin/../lib/gcc/arm-none-eabi/13.3.1/../../../../arm-none-eabi/lib/thumb/v7e-m+fp/hard\libc_nano.a(libc_a-findfp.o)
                0x20007444                __sf
 *(COMMON)
                0x2000757c                        . = ALIGN (0x4)
                0x2000757c                        _ebss = .
                0x2000757c                        __bss_end__ = _ebss

._user_heap_stack
                0x2000757c      0x604
                0x20007580                        . = ALIGN (0x8)
 *fill*         0x2000757c        0x4 
                [!provide]                        PROVIDE (end = .)
                0x20007580                        PROVIDE (_end = .)
                0x20007780                        . = (. + _Min_Heap_Size)
 *fill*         0x20007580      0x200 
                0x20007b80                        . = (. + _Min_Stack_Size)
 *fill*         0x20007780      0x400 
                0x20007b80                        . = ALIGN (0x8)

/DISCARD/
 libc.a(*)
 libm.a(*)
 libgcc.a(*)

.ARM.attributes
                0x00000000       0x30
 *(.ARM.attributes)
 .ARM.attributes
                0x00000000       0x22 C:/ST/STM32CubeIDE_1.14.0/STM32CubeIDE/plugins/com.st.stm32cube.ide.mcu.externaltools.gnu-tools-for-stm32.13.3.rel1.win32_1.0.0.202411081344/tools/bin/../lib/gcc/arm-none-eabi/13.3.1/thumb/v7e-m+fp/hard/crti.o
 .ARM.attributes
                0x00000022       0x34 C:/ST/STM32CubeIDE_1.14.0/STM32CubeIDE/plugins/com.st.stm32cube.ide.mcu.externaltools.gnu-tools-for-stm32.13.3.rel1.win32_1.0.0.202411081344/tools/bin/../lib/gcc/arm-none-eabi/13.3.1/thumb/v7e-m+fp/hard/crtbegin.o
 .ARM.attributes
                0x00000056       0x34 ./Core/Src/ads124s08.o
 .ARM.attributes
                0x0000008a       0x34 ./Core/Src/bus_node.o
 .ARM.attributes
                0x000000be       0x34 ./Core/Src/huart_task.o
 .ARM.attributes
                0x000000f2       0x34 ./Core/Src/main.o
 .ARM.attributes
                0x00000126       0x34 ./Core/Src/stm32f4xx_hal_msp.o
 .ARM.attributes
                0x0000015a       0x34 ./Core/Src/stm32f4xx_hal_timebase_tim.o
 .ARM.attributes
                0x0000018e       0x34 ./Core/Src/stm32f4xx_it.o
 .ARM.attributes
                0x000001c2       0x34 ./Core/Src/system_stm32f4xx.o
 .ARM.attributes
                0x000001f6       0x21 ./Core/Startup/startup_stm32f427zgtx.o
 .ARM.attributes
                0x00000217       0x34 ./Core/ThreadSafe/newlib_lock_glue.o
 .ARM.attributes
                0x0000024b       0x34 ./Drivers/STM32F4xx_HAL_Driver/Src/stm32f4xx_hal.o
 .ARM.attributes
                0x0000027f       0x34 ./Drivers/STM32F4xx_HAL_Driver/Src/stm32f4xx_hal_adc.o
 .ARM.attributes
                0x000002b3       0x34 ./Drivers/STM32F4xx_HAL_Driver/Src/stm32f4xx_hal_cortex.o
 .ARM.attributes
                0x000002e7       0x34 ./Drivers/STM32F4xx_HAL_Driver/Src/stm32f4xx_hal_dma.o
 .ARM.attributes
                0x0000031b       0x34 ./Drivers/STM32F4xx_HAL_Driver/Src/stm32f4xx_hal_gpio.o
 .ARM.attributes
                0x0000034f       0x34 ./Drivers/STM32F4xx_HAL_Driver/Src/stm32f4xx_hal_rcc.o
 .ARM.attributes
                0x00000383       0x34 ./Drivers/STM32F4xx_HAL_Driver/Src/stm32f4xx_hal_spi.o
 .ARM.attributes
                0x000003b7       0x34 ./Drivers/STM32F4xx_HAL_Driver/Src/stm32f4xx_hal_tim.o
 .ARM.attributes
                0x000003eb       0x34 ./Drivers/STM32F4xx_HAL_Driver/Src/stm32f4xx_hal_tim_ex.o
 .ARM.attributes
                0x0000041f       0x34 ./Drivers/STM32F4xx_HAL_Driver/Src/stm32f4xx_hal_uart.o
 .ARM.attributes
                0x00000453       0x34 ./Middlewares/Third_Party/FreeRTOS/Source/CMSIS_RTOS_V2/cmsis_os2.o
 .ARM.attributes
                0x00000487       0x34 ./Middlewares/Third_Party/FreeRTOS/Source/list.o
 .ARM.attributes
                0x000004bb       0x34 ./Middlewares/Third_Party/FreeRTOS/Source/queue.o
 .ARM.attributes
                0x000004ef       0x34 ./Middlewares/Third_Party/FreeRTOS/Source/tasks.o
 .ARM.attributes
                0x00000523       0x34 ./Middlewares/Third_Party/FreeRTOS/Source/timers.o
 .ARM.attributes
                0x00000557       0x34 ./Middlewares/Third_Party/FreeRTOS/Source/portable/GCC/ARM_CM4F/port.o
 .ARM.attributes
                0x0000058b       0x34 ./Middlewares/Third_Party/FreeRTOS/Source/portable/MemMang/heap_4.o
 .ARM.attributes
                0x000005bf       0x34 C:/ST/STM32CubeIDE_1.14.0/STM32CubeIDE/plugins/com.st.stm32cube.ide.mcu.externaltools.gnu-tools-for-stm32.13.3.rel1.win32_1.0.0.202411081344/tools/bin/../lib/gcc/arm-none-eabi/13.3.1/../../../../arm-none-eabi/lib/thumb/v7e-m+fp/hard\libc_nano.a(libc_a-mallocr.o)
 .ARM.attributes
                0x000005f3       0x34 C:/ST/STM32CubeIDE_1.14.0/STM32CubeIDE/plugins/com.st.stm32cube.ide.mcu.externaltools.gnu-tools-for-stm32.13.3.rel1.win32_1.0.0.202411081344/tools/bin/../lib/gcc/arm-none-eabi/13.3.1/../../../../arm-none-eabi/lib/thumb/v7e-m+fp/hard\libc_nano.a(libc_a-mlock.o)
 .ARM.attributes
                0x00000627       0x34 C:/ST/STM32CubeIDE_1.14.0/STM32CubeIDE/plugins/com.st.stm32cube.ide.mcu.externaltools.gnu-tools-for-stm32.13.3.rel1.win32_1.0.0.202411081344/tools/bin/../lib/gcc/arm-none-eabi/13.3.1/../../../../arm-none-eabi/lib/thumb/v7e-m+fp/hard\libc_nano.a(libc_a-findfp.o)
 .ARM.attributes
                0x0000065b       0x34 C:/ST/STM32CubeIDE_1.14.0/STM32CubeIDE/plugins/com.st.stm32cube.ide.mcu.externaltools.gnu-tools-for-stm32.13.3.rel1.win32_1.0.0.202411081344/tools/bin/../lib/gcc/arm-none-eabi/13.3.1/../../../../arm-none-eabi/lib/thumb/v7e-m+fp/hard\libc_nano.a(libc_a-memset.o)
 .ARM.attributes
                0x0000068f       0x34 C:/ST/STM32CubeIDE_1.14.0/STM32CubeIDE/plugins/com.st.stm32cube.ide.mcu.externaltools.gnu-tools-for-stm32.13.3.rel1.win32_1.0.0.202411081344/tools/bin/../lib/gcc/arm-none-eabi/13.3.1/../../../../arm-none-eabi/lib/thumb/v7e-m+fp/hard\libc_nano.a(libc_a-reent.o)
 .ARM.attributes
                0x000006c3       0x34 C:/ST/STM32CubeIDE_1.14.0/STM32CubeIDE/plugins/com.st.stm32cube.ide.mcu.externaltools.gnu-tools-for-stm32.13.3.rel1.win32_1.0.0.202411081344/tools/bin/../lib/gcc/arm-none-eabi/13.3.1/../../../../arm-none-eabi/lib/thumb/v7e-m+fp/hard\libc_nano.a(libc_a-impure.o)
 .ARM.attributes
                0x000006f7       0x34 C:/ST/STM32CubeIDE_1.14.0/STM32CubeIDE/plugins/com.st.stm32cube.ide.mcu.externaltools.gnu-tools-for-stm32.13.3.rel1.win32_1.0.0.202411081344/tools/bin/../lib/gcc/arm-none-eabi/13.3.1/../../../../arm-none-eabi/lib/thumb/v7e-m+fp/hard\libc_nano.a(libc_a-init.o)
 .ARM.attributes
                0x0000072b       0x34 C:/ST/STM32CubeIDE_1.14.0/STM32CubeIDE/plugins/com.st.stm32cube.ide.mcu.externaltools.gnu-tools-for-stm32.13.3.rel1.win32_1.0.0.202411081344/tools/bin/../lib/gcc/arm-none-eabi/13.3.1/../../../../arm-none-eabi/lib/thumb/v7e-m+fp/hard\libc_nano.a(libc_a-memcpy-stub.o)
 .ARM.attributes
                0x0000075f       0x17 C:/ST/STM32CubeIDE_1.14.0/STM32CubeIDE/plugins/com.st.stm32cube.ide.mcu.externaltools.gnu-tools-for-stm32.13.3.rel1.win32_1.0.0.202411081344/tools/bin/../lib/gcc/arm-none-eabi/13.3.1/../../../../arm-none-eabi/lib/thumb/v7e-m+fp/hard\libc_nano.a(libc_a-strlen.o)
 .ARM.attributes
                0x00000776       0x34 C:/ST/STM32CubeIDE_1.14.0/STM32CubeIDE/plugins/com.st.stm32cube.ide.mcu.externaltools.gnu-tools-for-stm32.13.3.rel1.win32_1.0.0.202411081344/tools/bin/../lib/gcc/arm-none-eabi/13.3.1/../../../../arm-none-eabi/lib/thumb/v7e-m+fp/hard\libc_nano.a(libc_a-freer.o)
 .ARM.attributes
                0x000007aa       0x22 C:/ST/STM32CubeIDE_1.14.0/STM32CubeIDE/plugins/com.st.stm32cube.ide.mcu.externaltools.gnu-tools-for-stm32.13.3.rel1.win32_1.0.0.202411081344/tools/bin/../lib/gcc/arm-none-eabi/13.3.1/thumb/v7e-m+fp/hard\libgcc.a(_aeabi_uldivmod.o)
 .ARM.attributes
                0x000007cc       0x34 C:/ST/STM32CubeIDE_1.14.0/STM32CubeIDE/plugins/com.st.stm32cube.ide.mcu.externaltools.gnu-tools-for-stm32.13.3.rel1.win32_1.0.0.202411081344/tools/bin/../lib/gcc/arm-none-eabi/13.3.1/thumb/v7e-m+fp/hard\libgcc.a(_udivmoddi4.o)
 .ARM.attributes
                0x00000800       0x22 C:/ST/STM32CubeIDE_1.14.0/STM32CubeIDE/plugins/com.st.stm32cube.ide.mcu.externaltools.gnu-tools-for-stm32.13.3.rel1.win32_1.0.0.202411081344/tools/bin/../lib/gcc/arm-none-eabi/13.3.1/thumb/v7e-m+fp/hard\libgcc.a(_dvmd_tls.o)
 .ARM.attributes
                0x00000822       0x22 C:/ST/STM32CubeIDE_1.14.0/STM32CubeIDE/plugins/com.st.stm32cube.ide.mcu.externaltools.gnu-tools-for-stm32.13.3.rel1.win32_1.0.0.202411081344/tools/bin/../lib/gcc/arm-none-eabi/13.3.1/thumb/v7e-m+fp/hard/crtn.o
OUTPUT(solar_schmiede-stm-adapter.elf elf32-littlearm)
LOAD linker stubs
LOAD C:/ST/STM32CubeIDE_1.14.0/STM32CubeIDE/plugins/com.st.stm32cube.ide.mcu.externaltools.gnu-tools-for-stm32.13.3.rel1.win32_1.0.0.202411081344/tools/bin/../lib/gcc/arm-none-eabi/13.3.1/../../../../arm-none-eabi/lib/thumb/v7e-m+fp/hard\libc.a
LOAD C:/ST/STM32CubeIDE_1.14.0/STM32CubeIDE/plugins/com.st.stm32cube.ide.mcu.externaltools.gnu-tools-for-stm32.13.3.rel1.win32_1.0.0.202411081344/tools/bin/../lib/gcc/arm-none-eabi/13.3.1/../../../../arm-none-eabi/lib/thumb/v7e-m+fp/hard\libm.a
LOAD C:/ST/STM32CubeIDE_1.14.0/STM32CubeIDE/plugins/com.st.stm32cube.ide.mcu.externaltools.gnu-tools-for-stm32.13.3.rel1.win32_1.0.0.202411081344/tools/bin/../lib/gcc/arm-none-eabi/13.3.1/thumb/v7e-m+fp/hard\libgcc.a

.debug_info     0x00000000    0x1e981
 .debug_info    0x00000000      0x95a ./Core/Src/ads124s08.o
 .debug_info    0x0000095a      0xee0 ./Core/Src/bus_node.o
 .debug_info    0x0000183a      0xb2f ./Core/Src/huart_task.o
 .debug_info    0x00002369     0x23c4 ./Core/Src/main.o
 .debug_info    0x0000472d     0x151e ./Core/Src/stm32f4xx_hal_msp.o
 .debug_info    0x00005c4b      0xc34 ./Core/Src/stm32f4xx_hal_timebase_tim.o
 .debug_info    0x0000687f      0x7b1 ./Core/Src/stm32f4xx_it.o
 .debug_info    0x00007030      0x52e ./Core/Src/system_stm32f4xx.o
 .debug_info    0x0000755e       0x30 ./Core/Startup/startup_stm32f427zgtx.o
 .debug_info    0x0000758e      0x704 ./Core/ThreadSafe/newlib_lock_glue.o
 .debug_info    0x00007c92      0x9ae ./Drivers/STM32F4xx_HAL_Driver/Src/stm32f4xx_hal.o
 .debug_info    0x00008640      0xce3 ./Drivers/STM32F4xx_HAL_Driver/Src/stm32f4xx_hal_adc.o
 .debug_info    0x00009323      0xdb6 ./Drivers/STM32F4xx_HAL_Driver/Src/stm32f4xx_hal_cortex.o
 .debug_info    0x0000a0d9      0x8e7 ./Drivers/STM32F4xx_HAL_Driver/Src/stm32f4xx_hal_dma.o
 .debug_info    0x0000a9c0      0x6db ./Drivers/STM32F4xx_HAL_Driver/Src/stm32f4xx_hal_gpio.o
 .debug_info    0x0000b09b      0x8db ./Drivers/STM32F4xx_HAL_Driver/Src/stm32f4xx_hal_rcc.o
 .debug_info    0x0000b976     0x1525 ./Drivers/STM32F4xx_HAL_Driver/Src/stm32f4xx_hal_spi.o
 .debug_info    0x0000ce9b     0x299d ./Drivers/STM32F4xx_HAL_Driver/Src/stm32f4xx_hal_tim.o
 .debug_info    0x0000f838     0x14db ./Drivers/STM32F4xx_HAL_Driver/Src/stm32f4xx_hal_tim_ex.o
 .debug_info    0x00010d13     0x2f4f ./Drivers/STM32F4xx_HAL_Driver/Src/stm32f4xx_hal_uart.o
 .debug_info    0x00013c62     0x4133 ./Middlewares/Third_Party/FreeRTOS/Source/CMSIS_RTOS_V2/cmsis_os2.o
 .debug_info    0x00017d95      0x2af ./Middlewares/Third_Party/FreeRTOS/Source/list.o
 .debug_info    0x00018044     0x1b79 ./Middlewares/Third_Party/FreeRTOS/Source/queue.o
 .debug_info    0x00019bbd     0x28c1 ./Middlewares/Third_Party/FreeRTOS/Source/tasks.o
 .debug_info    0x0001c47e     0x1b50 ./Middlewares/Third_Party/FreeRTOS/Source/timers.o
 .debug_info    0x0001dfce      0x4de ./Middlewares/Third_Party/FreeRTOS/Source/portable/GCC/ARM_CM4F/port.o
 .debug_info    0x0001e4ac      0x4d5 ./Middlewares/Third_Party/FreeRTOS/Source/portable/MemMang/heap_4.o

.debug_abbrev   0x00000000     0x43bd
 .debug_abbrev  0x00000000      0x1f2 ./Core/Src/ads124s08.o
 .debug_abbrev  0x000001f2      0x32a ./Core/Src/bus_node.o
 .debug_abbrev  0x0000051c      0x2a3 ./Core/Src/huart_task.o
 .debug_abbrev  0x000007bf      0x35b ./Core/Src/main.o
 .debug_abbrev  0x00000b1a      0x24c ./Core/Src/stm32f4xx_hal_msp.o
 .debug_abbrev  0x00000d66      0x1f4 ./Core/Src/stm32f4xx_hal_timebase_tim.o
 .debug_abbrev  0x00000f5a      0x1af ./Core/Src/stm32f4xx_it.o
 .debug_abbrev  0x00001109      0x11a ./Core/Src/system_stm32f4xx.o
 .debug_abbrev  0x00001223       0x24 ./Core/Startup/startup_stm32f427zgtx.o
 .debug_abbrev  0x00001247      0x2af ./Core/ThreadSafe/newlib_lock_glue.o
 .debug_abbrev  0x000014f6      0x214 ./Drivers/STM32F4xx_HAL_Driver/Src/stm32f4xx_hal.o
 .debug_abbrev  0x0000170a      0x252 ./Drivers/STM32F4xx_HAL_Driver/Src/stm32f4xx_hal_adc.o
 .debug_abbrev  0x0000195c      0x31d ./Drivers/STM32F4xx_HAL_Driver/Src/stm32f4xx_hal_cortex.o
 .debug_abbrev  0x00001c79      0x264 ./Drivers/STM32F4xx_HAL_Driver/Src/stm32f4xx_hal_dma.o
 .debug_abbrev  0x00001edd      0x1d4 ./Drivers/STM32F4xx_HAL_Driver/Src/stm32f4xx_hal_gpio.o
 .debug_abbrev  0x000020b1      0x2b7 ./Drivers/STM32F4xx_HAL_Driver/Src/stm32f4xx_hal_rcc.o
 .debug_abbrev  0x00002368      0x27a ./Drivers/STM32F4xx_HAL_Driver/Src/stm32f4xx_hal_spi.o
 .debug_abbrev  0x000025e2      0x278 ./Drivers/STM32F4xx_HAL_Driver/Src/stm32f4xx_hal_tim.o
 .debug_abbrev  0x0000285a      0x283 ./Drivers/STM32F4xx_HAL_Driver/Src/stm32f4xx_hal_tim_ex.o
 .debug_abbrev  0x00002add      0x30e ./Drivers/STM32F4xx_HAL_Driver/Src/stm32f4xx_hal_uart.o
 .debug_abbrev  0x00002deb      0x548 ./Middlewares/Third_Party/FreeRTOS/Source/CMSIS_RTOS_V2/cmsis_os2.o
 .debug_abbrev  0x00003333       0xf5 ./Middlewares/Third_Party/FreeRTOS/Source/list.o
 .debug_abbrev  0x00003428      0x3b6 ./Middlewares/Third_Party/FreeRTOS/Source/queue.o
 .debug_abbrev  0x000037de      0x3fe ./Middlewares/Third_Party/FreeRTOS/Source/tasks.o
 .debug_abbrev  0x00003bdc      0x368 ./Middlewares/Third_Party/FreeRTOS/Source/timers.o
 .debug_abbrev  0x00003f44      0x25c ./Middlewares/Third_Party/FreeRTOS/Source/portable/GCC/ARM_CM4F/port.o
 .debug_abbrev  0x000041a0      0x21d ./Middlewares/Third_Party/FreeRTOS/Source/portable/MemMang/heap_4.o

.debug_aranges  0x00000000     0x19a8
 .debug_aranges
                0x00000000       0x58 ./Core/Src/ads124s08.o
 .debug_aranges
                0x00000058       0x68 ./Core/Src/bus_node.o
 .debug_aranges
                0x000000c0       0x48 ./Core/Src/huart_task.o
 .debug_aranges
                0x00000108       0xe8 ./Core/Src/main.o
 .debug_aranges
                0x000001f0       0x50 ./Core/Src/stm32f4xx_hal_msp.o
 .debug_aranges
                0x00000240       0x30 ./Core/Src/stm32f4xx_hal_timebase_tim.o
 .debug_aranges
                0x00000270       0x98 ./Core/Src/stm32f4xx_it.o
 .debug_aranges
                0x00000308       0x28 ./Core/Src/system_stm32f4xx.o
 .debug_aranges
                0x00000330       0x28 ./Core/Startup/startup_stm32f427zgtx.o
 .debug_aranges
                0x00000358       0xa0 ./Core/ThreadSafe/newlib_lock_glue.o
 .debug_aranges
                0x000003f8      0x100 ./Drivers/STM32F4xx_HAL_Driver/Src/stm32f4xx_hal.o
 .debug_aranges
                0x000004f8       0xe8 ./Drivers/STM32F4xx_HAL_Driver/Src/stm32f4xx_hal_adc.o
 .debug_aranges
                0x000005e0      0x130 ./Drivers/STM32F4xx_HAL_Driver/Src/stm32f4xx_hal_cortex.o
 .debug_aranges
                0x00000710       0x90 ./Drivers/STM32F4xx_HAL_Driver/Src/stm32f4xx_hal_dma.o
 .debug_aranges
                0x000007a0       0x58 ./Drivers/STM32F4xx_HAL_Driver/Src/stm32f4xx_hal_gpio.o
 .debug_aranges
                0x000007f8       0x88 ./Drivers/STM32F4xx_HAL_Driver/Src/stm32f4xx_hal_rcc.o
 .debug_aranges
                0x00000880      0x1d0 ./Drivers/STM32F4xx_HAL_Driver/Src/stm32f4xx_hal_spi.o
 .debug_aranges
                0x00000a50      0x3d0 ./Drivers/STM32F4xx_HAL_Driver/Src/stm32f4xx_hal_tim.o
 .debug_aranges
                0x00000e20      0x168 ./Drivers/STM32F4xx_HAL_Driver/Src/stm32f4xx_hal_tim_ex.o
 .debug_aranges
                0x00000f88      0x208 ./Drivers/STM32F4xx_HAL_Driver/Src/stm32f4xx_hal_uart.o
 .debug_aranges
                0x00001190      0x2b0 ./Middlewares/Third_Party/FreeRTOS/Source/CMSIS_RTOS_V2/cmsis_os2.o
 .debug_aranges
                0x00001440       0x40 ./Middlewares/Third_Party/FreeRTOS/Source/list.o
 .debug_aranges
                0x00001480      0x158 ./Middlewares/Third_Party/FreeRTOS/Source/queue.o
 .debug_aranges
                0x000015d8      0x208 ./Middlewares/Third_Party/FreeRTOS/Source/tasks.o
 .debug_aranges
                0x000017e0       0xf0 ./Middlewares/Third_Party/FreeRTOS/Source/timers.o
 .debug_aranges
                0x000018d0       0x80 ./Middlewares/Third_Party/FreeRTOS/Source/portable/GCC/ARM_CM4F/port.o
 .debug_aranges
                0x00001950       0x58 ./Middlewares/Third_Party/FreeRTOS/Source/portable/MemMang/heap_4.o

.debug_rnglists
                0x00000000     0x1400
 .debug_rnglists
                0x00000000       0x40 ./Core/Src/ads124s08.o
 .debug_rnglists
                0x00000040       0x5e ./Core/Src/bus_node.o
 .debug_rnglists
                0x0000009e       0x36 ./Core/Src/huart_task.o
 .debug_rnglists
                0x000000d4       0xb0 ./Core/Src/main.o
 .debug_rnglists
                0x00000184       0x3c ./Core/Src/stm32f4xx_hal_msp.o
 .debug_rnglists
                0x000001c0       0x20 ./Core/Src/stm32f4xx_hal_timebase_tim.o
 .debug_rnglists