../Core/Src/bus_node.c:33:17:getWaitTime	16	static
../Core/Src/bus_node.c:37:13:handleADCDataRequest	80	static
../Core/Src/bus_node.c:72:13:handleExternalADCDataRequest	80	static
../Core/Src/bus_node.c:104:13:handleSayHiRequest	88	static
../Core/Src/bus_node.c:139:13:handleUARTDataRequest	120	static
../Core/Src/bus_node.c:223:13:detect_downstream	96	static
../Core/Src/bus_node.c:314:6:BusNode_Init	8	static
../Core/Src/bus_node.c:322:13:forward_packet	88	static
../Core/Src/bus_node.c:394:6:HAL_SPI_RxCpltCallback	16	static
../Core/Src/bus_node.c:403:6:BusNode_RunLoop	280	static
