../Core/Src/bus_node.c:33:17:getWaitTime	16	static
../Core/Src/bus_node.c:37:13:handleADCDataRequest	264	static
../Core/Src/bus_node.c:69:13:handleExternalADCDataRequest	264	static
../Core/Src/bus_node.c:98:13:handleSayHiRequest	272	static
../Core/Src/bus_node.c:130:13:handleUARTDataRequest	528	static
../Core/Src/bus_node.c:200:13:detect_downstream	288	static
../Core/Src/bus_node.c:274:6:BusNode_Init	8	static
../Core/Src/bus_node.c:282:13:forward_packet	280	static
../Core/Src/bus_node.c:330:6:HAL_SPI_RxCpltCallback	16	static
../Core/Src/bus_node.c:339:6:BusNode_RunLoop	1048	static
