../Core/Src/main.c:164:6:HAL_ADC_ConvCpltCallback	16	static
../Core/Src/main.c:174:5:main	8	static
../Core/Src/main.c:291:6:SystemClock_Config	88	static
../Core/Src/main.c:341:13:MX_ADC1_Init	24	static
../Core/Src/main.c:492:13:MX_SPI1_Init	8	static
../Core/Src/main.c:529:13:MX_SPI2_Init	8	static
../Core/Src/main.c:567:13:MX_SPI3_Init	8	static
../Core/Src/main.c:604:13:MX_SPI4_Init	8	static
../Core/Src/main.c:642:13:MX_SPI5_Init	8	static
../Core/Src/main.c:680:13:MX_UART4_Init	8	static
../Core/Src/main.c:713:13:MX_UART5_Init	8	static
../Core/Src/main.c:746:13:MX_UART7_Init	8	static
../Core/Src/main.c:779:13:MX_UART8_Init	8	static
../Core/Src/main.c:812:13:MX_USART1_UART_Init	8	static
../Core/Src/main.c:845:13:MX_USART2_UART_Init	8	static
../Core/Src/main.c:878:13:MX_USART3_UART_Init	8	static
../Core/Src/main.c:911:13:MX_USART6_UART_Init	8	static
../Core/Src/main.c:942:13:MX_DMA_Init	16	static
../Core/Src/main.c:985:13:MX_GPIO_Init	64	static
../Core/Src/main.c:1089:6:StartDefaultTask	16	static
../Core/Src/main.c:1106:6:logTaskEntry	16	static
../Core/Src/main.c:1129:6:adcReadTaskEntry	40	static
../Core/Src/main.c:1193:6:map	24	static
../Core/Src/main.c:1197:6:adsTaskEntry	48	static
../Core/Src/main.c:1254:6:HAL_TIM_PeriodElapsedCallback	16	static
../Core/Src/main.c:1272:6:Error_Handler	4	static,ignoring_inline_asm
